Archive member included to satisfy reference by file (symbol)

c:/program files (x86)/cypress/psoc creator/4.4/psoc creator/import/gnu/arm/5.4.1/bin/../lib/gcc/arm-none-eabi/5.4.1/armv7e-m/softfp\libgcc.a(_arm_addsubdf3.o)
                              .\CortexM4\ARM_GCC_541\Debug\main_cm4.o (__aeabi_f2d)
c:/program files (x86)/cypress/psoc creator/4.4/psoc creator/import/gnu/arm/5.4.1/bin/../lib/gcc/arm-none-eabi/5.4.1/armv7e-m/softfp\libgcc.a(_arm_muldivdf3.o)
                              .\CortexM4\ARM_GCC_541\Debug\main_cm4.o (__aeabi_dmul)
c:/program files (x86)/cypress/psoc creator/4.4/psoc creator/import/gnu/arm/5.4.1/bin/../lib/gcc/arm-none-eabi/5.4.1/armv7e-m/softfp\libgcc.a(_arm_fixunsdfsi.o)
                              .\CortexM4\ARM_GCC_541\Debug\main_cm4.o (__aeabi_d2uiz)
c:/program files (x86)/cypress/psoc creator/4.4/psoc creator/import/gnu/arm/5.4.1/bin/../lib/gcc/arm-none-eabi/5.4.1/armv7e-m/softfp\libgcc.a(_arm_truncdfsf2.o)
                              .\CortexM4\ARM_GCC_541\Debug\main_cm4.o (__aeabi_d2f)
c:/program files (x86)/cypress/psoc creator/4.4/psoc creator/import/gnu/arm/5.4.1/bin/../lib/gcc/arm-none-eabi/5.4.1/armv7e-m/softfp\libgcc.a(_aeabi_ldivmod.o)
                              .\CortexM4\ARM_GCC_541\Debug\cy_sar.o (__aeabi_ldivmod)
c:/program files (x86)/cypress/psoc creator/4.4/psoc creator/import/gnu/arm/5.4.1/bin/../lib/gcc/arm-none-eabi/5.4.1/armv7e-m/softfp\libgcc.a(_aeabi_uldivmod.o)
                              .\CortexM4\ARM_GCC_541\Debug\cy_sysclk.o (__aeabi_uldivmod)
c:/program files (x86)/cypress/psoc creator/4.4/psoc creator/import/gnu/arm/5.4.1/bin/../lib/gcc/arm-none-eabi/5.4.1/armv7e-m/softfp\libgcc.a(_udivmoddi4.o)
                              c:/program files (x86)/cypress/psoc creator/4.4/psoc creator/import/gnu/arm/5.4.1/bin/../lib/gcc/arm-none-eabi/5.4.1/armv7e-m/softfp\libgcc.a(_aeabi_ldivmod.o) (__udivmoddi4)
c:/program files (x86)/cypress/psoc creator/4.4/psoc creator/import/gnu/arm/5.4.1/bin/../lib/gcc/arm-none-eabi/5.4.1/armv7e-m/softfp\libgcc.a(_dvmd_tls.o)
                              c:/program files (x86)/cypress/psoc creator/4.4/psoc creator/import/gnu/arm/5.4.1/bin/../lib/gcc/arm-none-eabi/5.4.1/armv7e-m/softfp\libgcc.a(_aeabi_ldivmod.o) (__aeabi_ldiv0)
c:/program files (x86)/cypress/psoc creator/4.4/psoc creator/import/gnu/arm/5.4.1/bin/../lib/gcc/arm-none-eabi/5.4.1/../../../../arm-none-eabi/lib/armv7e-m/softfp\libg_nano.a(lib_a-exit.o)
                              c:/program files (x86)/cypress/psoc creator/4.4/psoc creator/import/gnu/arm/5.4.1/bin/../lib/gcc/arm-none-eabi/5.4.1/../../../../arm-none-eabi/lib/armv7e-m/softfp/crt0.o (exit)
c:/program files (x86)/cypress/psoc creator/4.4/psoc creator/import/gnu/arm/5.4.1/bin/../lib/gcc/arm-none-eabi/5.4.1/../../../../arm-none-eabi/lib/armv7e-m/softfp\libg_nano.a(lib_a-impure.o)
                              c:/program files (x86)/cypress/psoc creator/4.4/psoc creator/import/gnu/arm/5.4.1/bin/../lib/gcc/arm-none-eabi/5.4.1/../../../../arm-none-eabi/lib/armv7e-m/softfp\libg_nano.a(lib_a-exit.o) (_global_impure_ptr)
c:/program files (x86)/cypress/psoc creator/4.4/psoc creator/import/gnu/arm/5.4.1/bin/../lib/gcc/arm-none-eabi/5.4.1/../../../../arm-none-eabi/lib/armv7e-m/softfp\libg_nano.a(lib_a-init.o)
                              c:/program files (x86)/cypress/psoc creator/4.4/psoc creator/import/gnu/arm/5.4.1/bin/../lib/gcc/arm-none-eabi/5.4.1/../../../../arm-none-eabi/lib/armv7e-m/softfp/crt0.o (__libc_init_array)
c:/program files (x86)/cypress/psoc creator/4.4/psoc creator/import/gnu/arm/5.4.1/bin/../lib/gcc/arm-none-eabi/5.4.1/../../../../arm-none-eabi/lib/armv7e-m/softfp\libg_nano.a(lib_a-memset.o)
                              c:/program files (x86)/cypress/psoc creator/4.4/psoc creator/import/gnu/arm/5.4.1/bin/../lib/gcc/arm-none-eabi/5.4.1/../../../../arm-none-eabi/lib/armv7e-m/softfp/crt0.o (memset)
c:/program files (x86)/cypress/psoc creator/4.4/psoc creator/import/gnu/arm/5.4.1/bin/../lib/gcc/arm-none-eabi/5.4.1/../../../../arm-none-eabi/lib/armv7e-m/softfp\libg_nano.a(lib_a-nano-vfprintf_float.o)
                              .\CortexM4\ARM_GCC_541\Debug\retarget.o (_printf_float)
c:/program files (x86)/cypress/psoc creator/4.4/psoc creator/import/gnu/arm/5.4.1/bin/../lib/gcc/arm-none-eabi/5.4.1/../../../../arm-none-eabi/lib/armv7e-m/softfp\libg_nano.a(lib_a-nano-vfprintf_i.o)
                              c:/program files (x86)/cypress/psoc creator/4.4/psoc creator/import/gnu/arm/5.4.1/bin/../lib/gcc/arm-none-eabi/5.4.1/../../../../arm-none-eabi/lib/armv7e-m/softfp\libg_nano.a(lib_a-nano-vfprintf_float.o) (_printf_common)
c:/program files (x86)/cypress/psoc creator/4.4/psoc creator/import/gnu/arm/5.4.1/bin/../lib/gcc/arm-none-eabi/5.4.1/../../../../arm-none-eabi/lib/armv7e-m/softfp\libg_nano.a(lib_a-nano-vfscanf_float.o)
                              .\CortexM4\ARM_GCC_541\Debug\retarget.o (_scanf_float)
[...]
Memory Configuration

Name             Origin             Length             Attributes
ram              0x08024000         0x00023800         xrw
flash            0x10080000         0x00080000         xr
em_eeprom        0x14000000         0x00008000         xr
sflash_user_data 0x16000800         0x00000800         xr
sflash_nar       0x16001a00         0x00000200         xr
sflash_public_key 0x16005a00         0x00000c00         xr
sflash_toc_2     0x16007c00         0x00000200         xr
sflash_rtoc_2    0x16007e00         0x00000200         xr
xip              0x18000000         0x08000000         xr
efuse            0x90700000         0x00100000         r
*default*        0x00000000         0xffffffff

Linker script and memory map

LOAD c:/program files (x86)/cypress/psoc creator/4.4/psoc creator/import/gnu/arm/5.4.1/bin/../lib/gcc/arm-none-eabi/5.4.1/armv7e-m/softfp/crti.o
LOAD c:/program files (x86)/cypress/psoc creator/4.4/psoc creator/import/gnu/arm/5.4.1/bin/../lib/gcc/arm-none-eabi/5.4.1/armv7e-m/softfp/crtbegin.o
LOAD c:/program files (x86)/cypress/psoc creator/4.4/psoc creator/import/gnu/arm/5.4.1/bin/../lib/gcc/arm-none-eabi/5.4.1/../../../../arm-none-eabi/lib/armv7e-m/softfp/crt0.o
START GROUP
LOAD .\CortexM4\ARM_GCC_541\Debug\startup_psoc6_01_cm4.o
LOAD .\CortexM4\ARM_GCC_541\Debug\main_cm4.o
LOAD .\CortexM4\ARM_GCC_541\Debug\system_psoc6_cm4.o
LOAD .\CortexM4\ARM_GCC_541\Debug\stdio_user.o
LOAD .\CortexM4\ARM_GCC_541\Debug\cyfitter_sysint_cfg.o
LOAD .\CortexM4\ARM_GCC_541\Debug\cymetadata.o
LOAD .\CortexM4\ARM_GCC_541\Debug\VDAC_1.o
LOAD .\CortexM4\ARM_GCC_541\Debug\cy_ctb.o
LOAD .\CortexM4\ARM_GCC_541\Debug\cy_efuse.o
LOAD .\CortexM4\ARM_GCC_541\Debug\cy_flash.o
LOAD .\CortexM4\ARM_GCC_541\Debug\cy_gpio.o
LOAD .\CortexM4\ARM_GCC_541\Debug\cy_ipc_drv.o
LOAD .\CortexM4\ARM_GCC_541\Debug\cy_ipc_sema.o
LOAD .\CortexM4\ARM_GCC_541\Debug\cy_ipc_pipe.o
LOAD .\CortexM4\ARM_GCC_541\Debug\cy_lvd.o
LOAD .\CortexM4\ARM_GCC_541\Debug\cy_profile.o
LOAD .\CortexM4\ARM_GCC_541\Debug\cy_prot.o
LOAD .\CortexM4\ARM_GCC_541\Debug\cy_sysanalog.o
LOAD .\CortexM4\ARM_GCC_541\Debug\cy_sysclk.o
LOAD .\CortexM4\ARM_GCC_541\Debug\cy_sysint.o
LOAD .\CortexM4\ARM_GCC_541\Debug\cy_syslib.o
LOAD .\CortexM4\ARM_GCC_541\Debug\cy_syslib_gcc.o
LOAD .\CortexM4\ARM_GCC_541\Debug\cy_syspm.o
LOAD .\CortexM4\ARM_GCC_541\Debug\cy_systick.o
LOAD .\CortexM4\ARM_GCC_541\Debug\cy_trigmux.o
LOAD .\CortexM4\ARM_GCC_541\Debug\cy_wdt.o
LOAD .\CortexM4\ARM_GCC_541\Debug\cy_device.o
LOAD .\CortexM4\ARM_GCC_541\Debug\cy_ctdac.o
LOAD .\CortexM4\ARM_GCC_541\Debug\cy_scb_common.o
LOAD .\CortexM4\ARM_GCC_541\Debug\cy_scb_i2c.o
LOAD .\CortexM4\ARM_GCC_541\Debug\cy_scb_ezi2c.o
LOAD .\CortexM4\ARM_GCC_541\Debug\cy_scb_spi.o
LOAD .\CortexM4\ARM_GCC_541\Debug\cy_scb_uart.o
LOAD .\CortexM4\ARM_GCC_541\Debug\cy_sar.o
LOAD .\CortexM4\ARM_GCC_541\Debug\cy_ble_clk.o
LOAD .\CortexM4\ARM_GCC_541\Debug\retarget.o
LOAD .\CortexM4\ARM_GCC_541\Debug\UART_1.o
LOAD .\CortexM4\ARM_GCC_541\Debug\ADC_1.o
LOAD .\CortexM4\ARM_GCC_541\Debug\ADC_1_INT.o
LOAD .\CortexM4\ARM_GCC_541\Debug\ADC_1_INIT.o
LOAD .\CortexM4\ARM_GCC_541\Debug\ADC_1_PM.o
END GROUP
START GROUP
LOAD c:/program files (x86)/cypress/psoc creator/4.4/psoc creator/import/gnu/arm/5.4.1/bin/../lib/gcc/arm-none-eabi/5.4.1/armv7e-m/softfp\libgcc.a
LOAD c:/program files (x86)/cypress/psoc creator/4.4/psoc creator/import/gnu/arm/5.4.1/bin/../lib/gcc/arm-none-eabi/5.4.1/../../../../arm-none-eabi/lib/armv7e-m/softfp\libg_nano.a
LOAD c:/program files (x86)/cypress/psoc creator/4.4/psoc creator/import/gnu/arm/5.4.1/bin/../lib/gcc/arm-none-eabi/5.4.1/../../../../arm-none-eabi/lib/armv7e-m/softfp\libc_nano.a
END GROUP
START GROUP
LOAD c:/program files (x86)/cypress/psoc creator/4.4/psoc creator/import/gnu/arm/5.4.1/bin/../lib/gcc/arm-none-eabi/5.4.1/armv7e-m/softfp\libgcc.a
LOAD c:/program files (x86)/cypress/psoc creator/4.4/psoc creator/import/gnu/arm/5.4.1/bin/../lib/gcc/arm-none-eabi/5.4.1/../../../../arm-none-eabi/lib/armv7e-m/softfp\libc_nano.a
END GROUP
LOAD c:/program files (x86)/cypress/psoc creator/4.4/psoc creator/import/gnu/arm/5.4.1/bin/../lib/gcc/arm-none-eabi/5.4.1/armv7e-m/softfp/crtend.o
LOAD c:/program files (x86)/cypress/psoc creator/4.4/psoc creator/import/gnu/arm/5.4.1/bin/../lib/gcc/arm-none-eabi/5.4.1/armv7e-m/softfp/crtn.o
START GROUP
LOAD c:/program files (x86)/cypress/psoc creator/4.4/psoc creator/import/gnu/arm/5.4.1/bin/../lib/gcc/arm-none-eabi/5.4.1/armv7e-m/softfp\libgcc.a
LOAD c:/program files (x86)/cypress/psoc creator/4.4/psoc creator/import/gnu/arm/5.4.1/bin/../lib/gcc/arm-none-eabi/5.4.1/../../../../arm-none-eabi/lib/armv7e-m/softfp\libc.a
LOAD c:/program files (x86)/cypress/psoc creator/4.4/psoc creator/import/gnu/arm/5.4.1/bin/../lib/gcc/arm-none-eabi/5.4.1/../../../../arm-none-eabi/lib/armv7e-m/softfp\libnosys.a
END GROUP
START GROUP
LOAD c:/program files (x86)/cypress/psoc creator/4.4/psoc creator/import/gnu/arm/5.4.1/bin/../lib/gcc/arm-none-eabi/5.4.1/armv7e-m/softfp\libgcc.a
LOAD c:/program files (x86)/cypress/psoc creator/4.4/psoc creator/import/gnu/arm/5.4.1/bin/../lib/gcc/arm-none-eabi/5.4.1/../../../../arm-none-eabi/lib/armv7e-m/softfp\libc.a
LOAD c:/program files (x86)/cypress/psoc creator/4.4/psoc creator/import/gnu/arm/5.4.1/bin/../lib/gcc/arm-none-eabi/5.4.1/../../../../arm-none-eabi/lib/armv7e-m/softfp\libm.a
LOAD c:/program files (x86)/cypress/psoc creator/4.4/psoc creator/import/gnu/arm/5.4.1/bin/../lib/gcc/arm-none-eabi/5.4.1/../../../../arm-none-eabi/lib/armv7e-m/softfp\libnosys.a
END GROUP

.text           0x10080000     0x36c0
                0x10080000                . = ALIGN (0x4)
                0x10080000                __Vectors = .
 *(.vectors)
 .vectors       0x10080000      0x28c .\CortexM4\ARM_GCC_541\Debug\startup_psoc6_01_cm4.o
                0x1008028c                . = ALIGN (0x4)
                0x1008028c                __Vectors_End = .
                0x0000028c                __Vectors_Size = (__Vectors_End - __Vectors)
                0x1008028c                __end__ = .
                0x1008028c                . = ALIGN (0x4)
 *(.text*)
 .text          0x1008028c       0x5c c:/program files (x86)/cypress/psoc creator/4.4/psoc creator/import/gnu/arm/5.4.1/bin/../lib/gcc/arm-none-eabi/5.4.1/armv7e-m/softfp/crtbegin.o
 .text          0x100802e8       0x84 .\CortexM4\ARM_GCC_541\Debug\startup_psoc6_01_cm4.o
                0x100802e8                Cy_OnResetUser
                0x100802ea                Reset_Handler
                0x1008034c                cpuss_interrupts_ipc_6_IRQHandler
                0x1008034c                DebugMon_Handler
                0x1008034c                tcpwm_1_interrupts_11_IRQHandler
                0x1008034c                cpuss_interrupts_ipc_0_IRQHandler
                0x1008034c                tcpwm_1_interrupts_15_IRQHandler
                0x1008034c                ioss_interrupts_gpio_13_IRQHandler
                0x1008034c                tcpwm_1_interrupts_13_IRQHandler
                0x1008034c                cpuss_interrupts_dw1_8_IRQHandler
                0x1008034c                tcpwm_0_interrupts_0_IRQHandler
                0x1008034c                SysTick_Handler
                0x1008034c                cpuss_interrupt_fm_IRQHandler
                0x1008034c                cpuss_interrupts_ipc_7_IRQHandler
                0x1008034c                tcpwm_1_interrupts_14_IRQHandler
                0x1008034c                cpuss_interrupts_dw0_5_IRQHandler
                0x1008034c                tcpwm_1_interrupts_9_IRQHandler
                0x1008034c                cpuss_interrupts_cm0_cti_1_IRQHandler
                0x1008034c                tcpwm_1_interrupts_22_IRQHandler
                0x1008034c                cpuss_interrupts_dw0_4_IRQHandler
                0x1008034c                PendSV_Handler
                0x1008034c                NMI_Handler
                0x1008034c                cpuss_interrupts_dw1_12_IRQHandler
                0x1008034c                tcpwm_1_interrupts_12_IRQHandler
                0x1008034c                smif_interrupt_IRQHandler
                0x1008034c                tcpwm_1_interrupts_2_IRQHandler
                0x1008034c                cpuss_interrupts_ipc_13_IRQHandler
                0x1008034c                udb_interrupts_11_IRQHandler
                0x1008034c                tcpwm_1_interrupts_18_IRQHandler
                0x1008034c                cpuss_interrupts_dw0_11_IRQHandler
                0x1008034c                tcpwm_0_interrupts_2_IRQHandler
                0x1008034c                cpuss_interrupts_dw0_13_IRQHandler
                0x1008034c                udb_interrupts_2_IRQHandler
                0x1008034c                cpuss_interrupts_dw1_7_IRQHandler
                0x1008034c                ioss_interrupts_gpio_1_IRQHandler
                0x1008034c                ioss_interrupts_gpio_7_IRQHandler
                0x1008034c                scb_5_interrupt_IRQHandler
                0x1008034c                udb_interrupts_6_IRQHandler
                0x1008034c                cpuss_interrupts_fault_1_IRQHandler
                0x1008034c                cpuss_interrupts_ipc_4_IRQHandler
                0x1008034c                cpuss_interrupts_ipc_5_IRQHandler
                0x1008034c                cpuss_interrupts_dw1_10_IRQHandler
                0x1008034c                udb_interrupts_0_IRQHandler
                0x1008034c                tcpwm_1_interrupts_6_IRQHandler
                0x1008034c                scb_4_interrupt_IRQHandler
                0x1008034c                pass_interrupt_dacs_IRQHandler
                0x1008034c                ioss_interrupts_gpio_2_IRQHandler
                0x1008034c                cpuss_interrupts_dw1_9_IRQHandler
                0x1008034c                cpuss_interrupts_dw1_13_IRQHandler
                0x1008034c                scb_2_interrupt_IRQHandler
                0x1008034c                cpuss_interrupts_cm0_cti_0_IRQHandler
                0x1008034c                udb_interrupts_5_IRQHandler
                0x1008034c                srss_interrupt_IRQHandler
                0x1008034c                udb_interrupts_12_IRQHandler
                0x1008034c                scb_0_interrupt_IRQHandler
                0x1008034c                csd_interrupt_IRQHandler
                0x1008034c                udb_interrupts_1_IRQHandler
                0x1008034c                profile_interrupt_IRQHandler
                0x1008034c                tcpwm_1_interrupts_1_IRQHandler
                0x1008034c                cpuss_interrupts_ipc_12_IRQHandler
                0x1008034c                tcpwm_1_interrupts_3_IRQHandler
                0x1008034c                tcpwm_0_interrupts_7_IRQHandler
                0x1008034c                cpuss_interrupts_dw1_1_IRQHandler
                0x1008034c                cpuss_interrupts_dw1_0_IRQHandler
                0x1008034c                cpuss_interrupts_dw0_9_IRQHandler
                0x1008034c                lpcomp_interrupt_IRQHandler
                0x1008034c                tcpwm_1_interrupts_23_IRQHandler
                0x1008034c                udb_interrupts_4_IRQHandler
                0x1008034c                tcpwm_1_interrupts_20_IRQHandler
                0x1008034c                ioss_interrupt_gpio_IRQHandler
                0x1008034c                tcpwm_0_interrupts_1_IRQHandler
                0x1008034c                ioss_interrupts_gpio_8_IRQHandler
                0x1008034c                tcpwm_0_interrupts_6_IRQHandler
                0x1008034c                scb_7_interrupt_IRQHandler
                0x1008034c                tcpwm_1_interrupts_7_IRQHandler
                0x1008034c                cpuss_interrupts_ipc_11_IRQHandler
                0x1008034c                udb_interrupts_13_IRQHandler
                0x1008034c                cpuss_interrupts_dw0_15_IRQHandler
                0x1008034c                udb_interrupts_7_IRQHandler
                0x1008034c                cpuss_interrupts_dw1_6_IRQHandler
                0x1008034c                cpuss_interrupt_crypto_IRQHandler
                0x1008034c                scb_1_interrupt_IRQHandler
                0x1008034c                Default_Handler
                0x1008034c                usb_interrupt_hi_IRQHandler
                0x1008034c                tcpwm_1_interrupts_0_IRQHandler
                0x1008034c                udb_interrupts_9_IRQHandler
                0x1008034c                audioss_interrupt_pdm_IRQHandler
                0x1008034c                srss_interrupt_mcwdt_0_IRQHandler
                0x1008034c                scb_3_interrupt_IRQHandler
                0x1008034c                pass_interrupt_ctbs_IRQHandler
                0x1008034c                udb_interrupts_8_IRQHandler
                0x1008034c                ioss_interrupts_gpio_3_IRQHandler
                0x1008034c                scb_6_interrupt_IRQHandler
                0x1008034c                cpuss_interrupts_cm4_cti_0_IRQHandler
                0x1008034c                cpuss_interrupts_dw1_3_IRQHandler
                0x1008034c                pass_interrupt_sar_IRQHandler
                0x1008034c                ioss_interrupts_gpio_0_IRQHandler
                0x1008034c                ioss_interrupts_gpio_14_IRQHandler
                0x1008034c                tcpwm_0_interrupts_4_IRQHandler
                0x1008034c                udb_interrupts_3_IRQHandler
                0x1008034c                tcpwm_0_interrupts_5_IRQHandler
                0x1008034c                cpuss_interrupts_ipc_15_IRQHandler
                0x1008034c                cpuss_interrupts_cm4_cti_1_IRQHandler
                0x1008034c                scb_8_interrupt_IRQHandler
                0x1008034c                srss_interrupt_mcwdt_1_IRQHandler
                0x1008034c                cpuss_interrupts_dw1_2_IRQHandler
                0x1008034c                SVC_Handler
                0x1008034c                cpuss_interrupts_dw1_5_IRQHandler
                0x1008034c                cpuss_interrupts_ipc_1_IRQHandler
                0x1008034c                cpuss_interrupts_dw0_0_IRQHandler
                0x1008034c                ioss_interrupts_gpio_12_IRQHandler
                0x1008034c                cpuss_interrupts_ipc_3_IRQHandler
                0x1008034c                tcpwm_1_interrupts_17_IRQHandler
                0x1008034c                srss_interrupt_backup_IRQHandler
                0x1008034c                bless_interrupt_IRQHandler
                0x1008034c                cpuss_interrupts_ipc_10_IRQHandler
                0x1008034c                cpuss_interrupts_ipc_9_IRQHandler
                0x1008034c                cpuss_interrupts_dw0_14_IRQHandler
                0x1008034c                tcpwm_1_interrupts_4_IRQHandler
                0x1008034c                tcpwm_0_interrupts_3_IRQHandler
                0x1008034c                cpuss_interrupts_dw1_15_IRQHandler
                0x1008034c                ioss_interrupts_gpio_10_IRQHandler
                0x1008034c                udb_interrupts_10_IRQHandler
                0x1008034c                cpuss_interrupts_dw0_8_IRQHandler
                0x1008034c                ioss_interrupts_gpio_11_IRQHandler
                0x1008034c                cpuss_interrupts_ipc_14_IRQHandler
                0x1008034c                ioss_interrupts_gpio_5_IRQHandler
                0x1008034c                ioss_interrupts_gpio_4_IRQHandler
                0x1008034c                tcpwm_1_interrupts_8_IRQHandler
                0x1008034c                cpuss_interrupts_dw1_14_IRQHandler
                0x1008034c                usb_interrupt_med_IRQHandler
                0x1008034c                cpuss_interrupts_dw0_2_IRQHandler
                0x1008034c                tcpwm_1_interrupts_10_IRQHandler
                0x1008034c                cpuss_interrupts_fault_0_IRQHandler
                0x1008034c                cpuss_interrupts_dw0_12_IRQHandler
                0x1008034c                ioss_interrupts_gpio_6_IRQHandler
                0x1008034c                tcpwm_1_interrupts_21_IRQHandler
                0x1008034c                tcpwm_1_interrupts_16_IRQHandler
                0x1008034c                cpuss_interrupts_dw1_4_IRQHandler
                0x1008034c                udb_interrupts_15_IRQHandler
                0x1008034c                cpuss_interrupts_dw1_11_IRQHandler
                0x1008034c                cpuss_interrupts_dw0_6_IRQHandler
                0x1008034c                ioss_interrupt_vdd_IRQHandler
                0x1008034c                cpuss_interrupts_dw0_7_IRQHandler
                0x1008034c                audioss_interrupt_i2s_IRQHandler
                0x1008034c                tcpwm_1_interrupts_5_IRQHandler
                0x1008034c                cpuss_interrupts_ipc_2_IRQHandler
                0x1008034c                cpuss_interrupts_dw0_10_IRQHandler
                0x1008034c                tcpwm_1_interrupts_19_IRQHandler
                0x1008034c                cpuss_interrupts_dw0_1_IRQHandler
                0x1008034c                ioss_interrupts_gpio_9_IRQHandler
                0x1008034c                usb_interrupt_lo_IRQHandler
                0x1008034c                cpuss_interrupts_ipc_8_IRQHandler
                0x1008034c                udb_interrupts_14_IRQHandler
                0x1008034c                cpuss_interrupts_dw0_3_IRQHandler
                0x10080350                UsageFault_Handler
                0x10080350                HardFault_Handler
                0x10080350                MemManage_Handler
                0x10080350                BusFault_Handler
 .text.__NVIC_EnableIRQ
                0x1008036c       0x3c .\CortexM4\ARM_GCC_541\Debug\main_cm4.o
 .text.Cy_CTDAC_SetValueBuffered
                0x100803a8       0x24 .\CortexM4\ARM_GCC_541\Debug\main_cm4.o
 .text.Cy_CTDAC_GetInterruptStatus
                0x100803cc       0x1c .\CortexM4\ARM_GCC_541\Debug\main_cm4.o
 .text.Cy_CTDAC_ClearInterrupt
                0x100803e8       0x20 .\CortexM4\ARM_GCC_541\Debug\main_cm4.o
 .text.VDAC_1_SetValueBuffered
                0x10080408       0x1c .\CortexM4\ARM_GCC_541\Debug\main_cm4.o
 .text.VDAC_1_GetInterruptStatus
                0x10080424       0x14 .\CortexM4\ARM_GCC_541\Debug\main_cm4.o
 .text.VDAC_1_ClearInterrupt
                0x10080438       0x14 .\CortexM4\ARM_GCC_541\Debug\main_cm4.o
 *fill*         0x1008044c        0x4 
 .text.main     0x10080450      0x1d0 .\CortexM4\ARM_GCC_541\Debug\main_cm4.o
                0x10080450                main
 .text.userIsr  0x10080620      0x128 .\CortexM4\ARM_GCC_541\Debug\main_cm4.o
                0x10080620                userIsr
 .text.SystemInit
                0x10080748       0x4c .\CortexM4\ARM_GCC_541\Debug\system_psoc6_cm4.o
                0x10080748                SystemInit
 .text.Cy_SystemInit
                0x10080794       0x10 .\CortexM4\ARM_GCC_541\Debug\system_psoc6_cm4.o
                0x10080794                Cy_SystemInit
 .text.SystemCoreClockUpdate
                0x100807a4      0x300 .\CortexM4\ARM_GCC_541\Debug\system_psoc6_cm4.o
                0x100807a4                SystemCoreClockUpdate
 .text.Cy_SystemInitFpuEnable
                0x10080aa4       0x38 .\CortexM4\ARM_GCC_541\Debug\system_psoc6_cm4.o
                0x10080aa4                Cy_SystemInitFpuEnable
 .text.Cy_SysIpcPipeIsrCm4
                0x10080adc       0x10 .\CortexM4\ARM_GCC_541\Debug\system_psoc6_cm4.o
                0x10080adc                Cy_SysIpcPipeIsrCm4
 .text.Cy_CTDAC_Enable
                0x10080aec       0x20 .\CortexM4\ARM_GCC_541\Debug\VDAC_1.o
 .text.Cy_CTB_Enable
                0x10080b0c       0x20 .\CortexM4\ARM_GCC_541\Debug\VDAC_1.o
 .text.VDAC_1_Enable
                0x10080b2c       0x1c .\CortexM4\ARM_GCC_541\Debug\VDAC_1.o
 .text.VDAC_1_Init
                0x10080b48       0x2c .\CortexM4\ARM_GCC_541\Debug\VDAC_1.o
 .text.VDAC_1_Start
                0x10080b74       0x24 .\CortexM4\ARM_GCC_541\Debug\VDAC_1.o
                0x10080b74                VDAC_1_Start
 .text.Cy_CTB_OpampInit
                0x10080b98      0x238 .\CortexM4\ARM_GCC_541\Debug\cy_ctb.o
                0x10080b98                Cy_CTB_OpampInit
 .text.__NVIC_EnableIRQ
                0x10080dd0       0x3c .\CortexM4\ARM_GCC_541\Debug\cy_flash.o
 .text.Cy_SysClk_ClkPeriGetDivider
                0x10080e0c       0x2c .\CortexM4\ARM_GCC_541\Debug\cy_flash.o
 .text.Cy_SysClk_ClkSlowGetDivider
                0x10080e38       0x2c .\CortexM4\ARM_GCC_541\Debug\cy_flash.o
 .text.Cy_IPC_Drv_GetIpcBaseAddress
                0x10080e64       0x4c .\CortexM4\ARM_GCC_541\Debug\cy_flash.o
 .text.Cy_IPC_Drv_ReadDataValue
                0x10080eb0       0x18 .\CortexM4\ARM_GCC_541\Debug\cy_flash.o
 .text.Cy_IPC_Drv_IsLockAcquired
                0x10080ec8       0x30 .\CortexM4\ARM_GCC_541\Debug\cy_flash.o
 .text.Cy_IPC_Drv_SendMsgPtr
                0x10080ef8       0x38 .\CortexM4\ARM_GCC_541\Debug\cy_flash.o
 .text.Cy_Flash_InitExt
                0x10080f30       0x8c .\CortexM4\ARM_GCC_541\Debug\cy_flash.o
                0x10080f30                Cy_Flash_InitExt
 .text.Cy_Flash_Init
                0x10080fbc       0x14 .\CortexM4\ARM_GCC_541\Debug\cy_flash.o
                0x10080fbc                Cy_Flash_Init
 .text.Cy_Flash_ProcessOpcode
                0x10080fd0       0xf8 .\CortexM4\ARM_GCC_541\Debug\cy_flash.o
 .text.Cy_Flash_OperationStatus
                0x100810c8       0x60 .\CortexM4\ARM_GCC_541\Debug\cy_flash.o
 .text.Cy_IPC_Drv_AcquireNotify
                0x10081128       0x34 .\CortexM4\ARM_GCC_541\Debug\cy_ipc_drv.o
 .text.Cy_IPC_Drv_ReleaseNotify
                0x1008115c       0x34 .\CortexM4\ARM_GCC_541\Debug\cy_ipc_drv.o
 .text.Cy_IPC_Drv_WriteDataValue
                0x10081190       0x1c .\CortexM4\ARM_GCC_541\Debug\cy_ipc_drv.o
 .text.Cy_IPC_Drv_ReadDataValue
                0x100811ac       0x18 .\CortexM4\ARM_GCC_541\Debug\cy_ipc_drv.o
 .text.Cy_IPC_Drv_IsLockAcquired
                0x100811c4       0x30 .\CortexM4\ARM_GCC_541\Debug\cy_ipc_drv.o
 .text.Cy_IPC_Drv_LockAcquire
                0x100811f4       0x2c .\CortexM4\ARM_GCC_541\Debug\cy_ipc_drv.o
 .text.Cy_IPC_Drv_LockRelease
                0x10081220       0x38 .\CortexM4\ARM_GCC_541\Debug\cy_ipc_drv.o
                0x10081220                Cy_IPC_Drv_LockRelease
 .text.Cy_IPC_Drv_SendMsgWord
                0x10081258       0x40 .\CortexM4\ARM_GCC_541\Debug\cy_ipc_drv.o
                0x10081258                Cy_IPC_Drv_SendMsgWord
 .text.Cy_IPC_Drv_ReadMsgWord
                0x10081298       0x4c .\CortexM4\ARM_GCC_541\Debug\cy_ipc_drv.o
                0x10081298                Cy_IPC_Drv_ReadMsgWord
 .text.Cy_IPC_Drv_GetIpcBaseAddress
                0x100812e4       0x4c .\CortexM4\ARM_GCC_541\Debug\cy_ipc_sema.o
 .text.Cy_IPC_Drv_ReadDataValue
                0x10081330       0x18 .\CortexM4\ARM_GCC_541\Debug\cy_ipc_sema.o
 .text.Cy_IPC_Drv_SendMsgPtr
                0x10081348       0x38 .\CortexM4\ARM_GCC_541\Debug\cy_ipc_sema.o
 .text.Cy_IPC_Drv_LockAcquire
                0x10081380       0x2c .\CortexM4\ARM_GCC_541\Debug\cy_ipc_sema.o
 .text.Cy_IPC_Sema_Init
                0x100813ac       0x6c .\CortexM4\ARM_GCC_541\Debug\cy_ipc_sema.o
                0x100813ac                Cy_IPC_Sema_Init
 .text.Cy_IPC_Sema_InitExt
                0x10081418       0xbc .\CortexM4\ARM_GCC_541\Debug\cy_ipc_sema.o
                0x10081418                Cy_IPC_Sema_InitExt
 .text.Cy_IPC_Sema_Clear
                0x100814d4       0xe0 .\CortexM4\ARM_GCC_541\Debug\cy_ipc_sema.o
                0x100814d4                Cy_IPC_Sema_Clear
 .text.Cy_IPC_Sema_Status
                0x100815b4       0x74 .\CortexM4\ARM_GCC_541\Debug\cy_ipc_sema.o
                0x100815b4                Cy_IPC_Sema_Status
 .text.__NVIC_EnableIRQ
                0x10081628       0x3c .\CortexM4\ARM_GCC_541\Debug\cy_ipc_pipe.o
 .text.Cy_IPC_Drv_GetIpcBaseAddress
                0x10081664       0x4c .\CortexM4\ARM_GCC_541\Debug\cy_ipc_pipe.o
 .text.Cy_IPC_Drv_GetIntrBaseAddr
                0x100816b0       0x44 .\CortexM4\ARM_GCC_541\Debug\cy_ipc_pipe.o
 .text.Cy_IPC_Drv_SetInterruptMask
                0x100816f4       0x50 .\CortexM4\ARM_GCC_541\Debug\cy_ipc_pipe.o
 .text.Cy_IPC_Drv_GetInterruptStatusMasked
                0x10081744       0x18 .\CortexM4\ARM_GCC_541\Debug\cy_ipc_pipe.o
 .text.Cy_IPC_Drv_GetInterruptStatus
                0x1008175c       0x18 .\CortexM4\ARM_GCC_541\Debug\cy_ipc_pipe.o
 .text.Cy_IPC_Drv_ClearInterrupt
                0x10081774       0x54 .\CortexM4\ARM_GCC_541\Debug\cy_ipc_pipe.o
 .text.Cy_IPC_Drv_AcquireNotify
                0x100817c8       0x34 .\CortexM4\ARM_GCC_541\Debug\cy_ipc_pipe.o
 .text.Cy_IPC_Drv_WriteDataValue
                0x100817fc       0x1c .\CortexM4\ARM_GCC_541\Debug\cy_ipc_pipe.o
 .text.Cy_IPC_Drv_IsLockAcquired
                0x10081818       0x30 .\CortexM4\ARM_GCC_541\Debug\cy_ipc_pipe.o
 .text.Cy_IPC_Drv_ExtractAcquireMask
                0x10081848       0x18 .\CortexM4\ARM_GCC_541\Debug\cy_ipc_pipe.o
 .text.Cy_IPC_Drv_ExtractReleaseMask
                0x10081860       0x18 .\CortexM4\ARM_GCC_541\Debug\cy_ipc_pipe.o
 .text.Cy_IPC_Drv_ReadMsgPtr
                0x10081878       0x30 .\CortexM4\ARM_GCC_541\Debug\cy_ipc_pipe.o
 .text.Cy_IPC_Drv_LockAcquire
                0x100818a8       0x2c .\CortexM4\ARM_GCC_541\Debug\cy_ipc_pipe.o
 .text.Cy_IPC_Pipe_Config
                0x100818d4       0x28 .\CortexM4\ARM_GCC_541\Debug\cy_ipc_pipe.o
                0x100818d4                Cy_IPC_Pipe_Config
 .text.Cy_IPC_Pipe_Init
                0x100818fc       0xd8 .\CortexM4\ARM_GCC_541\Debug\cy_ipc_pipe.o
                0x100818fc                Cy_IPC_Pipe_Init
 .text.Cy_IPC_Pipe_EndpointInit
                0x100819d4       0xac .\CortexM4\ARM_GCC_541\Debug\cy_ipc_pipe.o
                0x100819d4                Cy_IPC_Pipe_EndpointInit
 .text.Cy_IPC_Pipe_SendMessage
                0x10081a80       0xf8 .\CortexM4\ARM_GCC_541\Debug\cy_ipc_pipe.o
                0x10081a80                Cy_IPC_Pipe_SendMessage
 .text.Cy_IPC_Pipe_RegisterCallback
                0x10081b78       0x78 .\CortexM4\ARM_GCC_541\Debug\cy_ipc_pipe.o
                0x10081b78                Cy_IPC_Pipe_RegisterCallback
 .text.Cy_IPC_Pipe_ExecuteCallback
                0x10081bf0       0x40 .\CortexM4\ARM_GCC_541\Debug\cy_ipc_pipe.o
                0x10081bf0                Cy_IPC_Pipe_ExecuteCallback
 .text.Cy_IPC_Pipe_ExecCallback
                0x10081c30      0x150 .\CortexM4\ARM_GCC_541\Debug\cy_ipc_pipe.o
                0x10081c30                Cy_IPC_Pipe_ExecCallback
 .text.__NVIC_SetPriority
                0x10081d80       0x54 .\CortexM4\ARM_GCC_541\Debug\cy_sysint.o
 .text.Cy_SysInt_Init
                0x10081dd4       0x70 .\CortexM4\ARM_GCC_541\Debug\cy_sysint.o
                0x10081dd4                Cy_SysInt_Init
 .text.Cy_SysInt_SetVector
                0x10081e44       0x6c .\CortexM4\ARM_GCC_541\Debug\cy_sysint.o
                0x10081e44                Cy_SysInt_SetVector
 .text.Cy_SysLib_Halt
                0x10081eb0        0xc .\CortexM4\ARM_GCC_541\Debug\cy_syslib.o
                0x10081eb0                Cy_SysLib_Halt
 .text.Cy_SysLib_AssertFailed
                0x10081ebc       0x28 .\CortexM4\ARM_GCC_541\Debug\cy_syslib.o
                0x10081ebc                Cy_SysLib_AssertFailed
 .text.Cy_SysLib_FaultHandler
                0x10081ee4      0x11c .\CortexM4\ARM_GCC_541\Debug\cy_syslib.o
                0x10081ee4                Cy_SysLib_FaultHandler
 .text.Cy_SysLib_ProcessingFault
                0x10082000        0x8 .\CortexM4\ARM_GCC_541\Debug\cy_syslib.o
                0x10082000                Cy_SysLib_ProcessingFault
 .text          0x10082008       0x20 .\CortexM4\ARM_GCC_541\Debug\cy_syslib_gcc.o
                0x10082008                Cy_SysLib_DelayCycles
                0x1008201a                Cy_SysLib_EnterCriticalSection
                0x10082022                Cy_SysLib_ExitCriticalSection
 .text.Cy_SysLib_GetDeviceRevision
                0x10082028       0x28 .\CortexM4\ARM_GCC_541\Debug\cy_syspm.o
 .text.Cy_PDL_Init
                0x10082050       0x20 .\CortexM4\ARM_GCC_541\Debug\cy_device.o
                0x10082050                Cy_PDL_Init
 .text.Cy_SysClk_PeriphSetDivider
                0x10082070       0xe0 .\CortexM4\ARM_GCC_541\Debug\cy_ctdac.o
 .text.Cy_SysClk_PeriphSetFracDivider
                0x10082150      0x16c .\CortexM4\ARM_GCC_541\Debug\cy_ctdac.o
 .text.Cy_SysClk_PeriphAssignDivider
                0x100822bc       0xb0 .\CortexM4\ARM_GCC_541\Debug\cy_ctdac.o
 .text.Cy_SysClk_PeriphEnableDivider
                0x1008236c       0xd0 .\CortexM4\ARM_GCC_541\Debug\cy_ctdac.o
 .text.Cy_SysClk_PeriphDisableDivider
                0x1008243c       0xa0 .\CortexM4\ARM_GCC_541\Debug\cy_ctdac.o
 .text.Cy_CTDAC_Init
                0x100824dc      0x250 .\CortexM4\ARM_GCC_541\Debug\cy_ctdac.o
                0x100824dc                Cy_CTDAC_Init
 .text.Cy_CTDAC_ConfigureClock
                0x1008272c       0xb4 .\CortexM4\ARM_GCC_541\Debug\cy_ctdac.o
 .text          0x100827e0      0x370 c:/program files (x86)/cypress/psoc creator/4.4/psoc creator/import/gnu/arm/5.4.1/bin/../lib/gcc/arm-none-eabi/5.4.1/armv7e-m/softfp\libgcc.a(_arm_addsubdf3.o)
                0x100827e0                __aeabi_drsub
                0x100827e8                __aeabi_dsub
                0x100827e8                __subdf3
                0x100827ec                __aeabi_dadd
                0x100827ec                __adddf3
                0x10082a64                __floatunsidf
                0x10082a64                __aeabi_ui2d
                0x10082a84                __floatsidf
                0x10082a84                __aeabi_i2d
                0x10082aa8                __aeabi_f2d
                0x10082aa8                __extendsfdf2
                0x10082ae4                __floatundidf
                0x10082ae4                __aeabi_ul2d
                0x10082af4                __floatdidf
                0x10082af4                __aeabi_l2d
 .text          0x10082b50      0x424 c:/program files (x86)/cypress/psoc creator/4.4/psoc creator/import/gnu/arm/5.4.1/bin/../lib/gcc/arm-none-eabi/5.4.1/armv7e-m/softfp\libgcc.a(_arm_muldivdf3.o)
                0x10082b50                __aeabi_dmul
                0x10082b50                __muldf3
                0x10082da4                __divdf3
                0x10082da4                __aeabi_ddiv
 .text          0x10082f74       0x40 c:/program files (x86)/cypress/psoc creator/4.4/psoc creator/import/gnu/arm/5.4.1/bin/../lib/gcc/arm-none-eabi/5.4.1/armv7e-m/softfp\libgcc.a(_arm_fixunsdfsi.o)
                0x10082f74                __aeabi_d2uiz
                0x10082f74                __fixunsdfsi
 .text          0x10082fb4       0xa0 c:/program files (x86)/cypress/psoc creator/4.4/psoc creator/import/gnu/arm/5.4.1/bin/../lib/gcc/arm-none-eabi/5.4.1/armv7e-m/softfp\libgcc.a(_arm_truncdfsf2.o)
                0x10082fb4                __truncdfsf2
                0x10082fb4                __aeabi_d2f
 .text.memset   0x10083054       0x10 c:/program files (x86)/cypress/psoc creator/4.4/psoc creator/import/gnu/arm/5.4.1/bin/../lib/gcc/arm-none-eabi/5.4.1/../../../../arm-none-eabi/lib/armv7e-m/softfp\libg_nano.a(lib_a-memset.o)
                0x10083054                memset
 .text.strncpy  0x10083064       0x26 c:/program files (x86)/cypress/psoc creator/4.4/psoc creator/import/gnu/arm/5.4.1/bin/../lib/gcc/arm-none-eabi/5.4.1/../../../../arm-none-eabi/lib/armv7e-m/softfp\libg_nano.a(lib_a-strncpy.o)
                0x10083064                strncpy
 *fill*         0x1008308a        0x2 
 .text.round    0x1008308c       0x9c c:/program files (x86)/cypress/psoc creator/4.4/psoc creator/import/gnu/arm/5.4.1/bin/../lib/gcc/arm-none-eabi/5.4.1/../../../../arm-none-eabi/lib/armv7e-m/softfp\libm.a(lib_a-s_round.o)
                0x1008308c                round
 *(.init)
 .init          0x10083128        0x4 c:/program files (x86)/cypress/psoc creator/4.4/psoc creator/import/gnu/arm/5.4.1/bin/../lib/gcc/arm-none-eabi/5.4.1/armv7e-m/softfp/crti.o
                0x10083128                _init
 .init          0x1008312c        0x8 c:/program files (x86)/cypress/psoc creator/4.4/psoc creator/import/gnu/arm/5.4.1/bin/../lib/gcc/arm-none-eabi/5.4.1/armv7e-m/softfp/crtn.o
 *(.fini)
 .fini          0x10083134        0x4 c:/program files (x86)/cypress/psoc creator/4.4/psoc creator/import/gnu/arm/5.4.1/bin/../lib/gcc/arm-none-eabi/5.4.1/armv7e-m/softfp/crti.o
                0x10083134                _fini
 .fini          0x10083138        0x8 c:/program files (x86)/cypress/psoc creator/4.4/psoc creator/import/gnu/arm/5.4.1/bin/../lib/gcc/arm-none-eabi/5.4.1/armv7e-m/softfp/crtn.o
 *crtbegin.o(.ctors)
 *crtbegin?.o(.ctors)
 *(EXCLUDE_FILE(*crtend.o *crtend?.o) .ctors)
 *(SORT(.ctors.*))
 *(.ctors)
 *crtbegin.o(.dtors)
 *crtbegin?.o(.dtors)
 *(EXCLUDE_FILE(*crtend.o *crtend?.o) .dtors)
 *(SORT(.dtors.*))
 *(.dtors)
 *(.rodata .rodata.* .constdata .constdata.* .conststring .conststring.*)
 .rodata        0x10083140       0x34 .\CortexM4\ARM_GCC_541\Debug\system_psoc6_cm4.o
 .rodata        0x10083174       0x18 .\CortexM4\ARM_GCC_541\Debug\cyfitter_sysint_cfg.o
                0x10083174                UART_1_SCB_IRQ_cfg
                0x1008317c                ADC_1_IRQ_cfg
                0x10083184                SysInt_1_cfg
 .rodata        0x1008318c       0x44 .\CortexM4\ARM_GCC_541\Debug\VDAC_1.o
                0x1008318c                VDAC_1_ctdacConfig
                0x100831c0                VDAC_1_outputBufferConfig
 .rodata        0x100831d0      0x167 .\CortexM4\ARM_GCC_541\Debug\cy_ctb.o
                0x10083254                Cy_CTB_Fast_Opamp0_Unused
                0x10083260                Cy_CTB_Fast_Opamp0_Comp
                0x1008326c                Cy_CTB_Fast_Opamp0_Opamp1x
                0x10083278                Cy_CTB_Fast_Opamp0_Opamp10x
                0x10083284                Cy_CTB_Fast_Opamp0_Diffamp
                0x10083290                Cy_CTB_Fast_Opamp0_Vdac_Out
                0x1008329c                Cy_CTB_Fast_Opamp0_Vdac_Out_SH
                0x100832a8                Cy_CTB_Fast_Opamp1_Unused
                0x100832b4                Cy_CTB_Fast_Opamp1_Comp
                0x100832c0                Cy_CTB_Fast_Opamp1_Opamp1x
                0x100832cc                Cy_CTB_Fast_Opamp1_Opamp10x
                0x100832d8                Cy_CTB_Fast_Opamp1_Diffamp
                0x100832e4                Cy_CTB_Fast_Opamp1_Vdac_Ref_Aref
                0x100832f0                Cy_CTB_Fast_Opamp1_Vdac_Ref_Pin5
 *fill*         0x10083337        0x1 
 .rodata        0x10083338       0x3f .\CortexM4\ARM_GCC_541\Debug\cy_flash.o
 *fill*         0x10083377        0x1 
 .rodata        0x10083378       0x7f .\CortexM4\ARM_GCC_541\Debug\cy_ipc_drv.o
 *fill*         0x100833f7        0x1 
 .rodata        0x100833f8       0x3f .\CortexM4\ARM_GCC_541\Debug\cy_ipc_sema.o
 *fill*         0x10083437        0x1 
 .rodata        0x10083438       0x80 .\CortexM4\ARM_GCC_541\Debug\cy_ipc_pipe.o
 .rodata        0x100834b8       0x41 .\CortexM4\ARM_GCC_541\Debug\cy_sysint.o
 *fill*         0x100834f9        0x3 
 .rodata        0x100834fc      0x170 .\CortexM4\ARM_GCC_541\Debug\cy_device.o
                0x100834fc                cy_deviceIpBlockCfgPSoC6_01
                0x100835b4                cy_deviceIpBlockCfgPSoC6_02
 .rodata        0x1008366c       0x4f .\CortexM4\ARM_GCC_541\Debug\cy_ctdac.o
                0x1008366c                Cy_CTDAC_Fast_VddaRef_UnbufferedOut
                0x10083670                Cy_CTDAC_Fast_VddaRef_BufferedOut
                0x10083674                Cy_CTDAC_Fast_OA1Ref_UnbufferedOut
                0x10083678                Cy_CTDAC_Fast_OA1Ref_BufferedOut
 *(.eh_frame*)
 *fill*         0x100836bb        0x1 
 .eh_frame      0x100836bc        0x0 c:/program files (x86)/cypress/psoc creator/4.4/psoc creator/import/gnu/arm/5.4.1/bin/../lib/gcc/arm-none-eabi/5.4.1/armv7e-m/softfp/crtbegin.o
 .eh_frame      0x100836bc        0x4 c:/program files (x86)/cypress/psoc creator/4.4/psoc creator/import/gnu/arm/5.4.1/bin/../lib/gcc/arm-none-eabi/5.4.1/armv7e-m/softfp/crtend.o

.glue_7         0x100836c0        0x0
 .glue_7        0x100836c0        0x0 linker stubs

.glue_7t        0x100836c0        0x0
 .glue_7t       0x100836c0        0x0 linker stubs

.vfp11_veneer   0x100836c0        0x0
 .vfp11_veneer  0x100836c0        0x0 linker stubs

.v4_bx          0x100836c0        0x0
 .v4_bx         0x100836c0        0x0 linker stubs

.iplt           0x100836c0        0x0
 .iplt          0x100836c0        0x0 c:/program files (x86)/cypress/psoc creator/4.4/psoc creator/import/gnu/arm/5.4.1/bin/../lib/gcc/arm-none-eabi/5.4.1/armv7e-m/softfp/crtbegin.o

.ARM.extab
 *(.ARM.extab* .gnu.linkonce.armextab.*)
                0x100836c0                __exidx_start = .

.ARM.exidx
 *(.ARM.exidx* .gnu.linkonce.armexidx.*)
                0x100836c0                __exidx_end = .

.copy.table     0x100836c0       0x18
                0x100836c0                . = ALIGN (0x4)
                0x100836c0                __copy_table_start__ = .
                0x100836c0        0x4 LONG 0x10080000 __Vectors
                0x100836c4        0x4 LONG 0x8024000 __ram_vectors_start__
                0x100836c8        0x4 LONG 0x28c (__Vectors_End - __Vectors)
                0x100836cc        0x4 LONG 0x100836e0 __etext
                0x100836d0        0x4 LONG 0x802428c __data_start__
                0x100836d4        0x4 LONG 0x8b4 (__data_end__ - __data_start__)
                0x100836d8                __copy_table_end__ = .

.zero.table     0x100836d8        0x8
                0x100836d8                . = ALIGN (0x4)
                0x100836d8                __zero_table_start__ = .
                0x100836d8        0x4 LONG 0x8024bd4 __bss_start__
                0x100836dc        0x4 LONG 0x240 (__bss_end__ - __bss_start__)
                0x100836e0                __zero_table_end__ = .
                0x100836e0                __etext = .

.ramVectors     0x08024000      0x28c
                0x08024000                __ram_vectors_start__ = .
 *(.ram_vectors)
 .ram_vectors   0x08024000      0x28c .\CortexM4\ARM_GCC_541\Debug\startup_psoc6_01_cm4.o
                0x08024000                __ramVectors
                0x0802428c                __ram_vectors_end__ = .

.data           0x0802428c      0x8b4 load address 0x100836e0
                0x0802428c                __data_start__ = .
 *(vtable)
 *(.data*)
 .data          0x0802428c       0x20 .\CortexM4\ARM_GCC_541\Debug\system_psoc6_cm4.o
                0x0802428c                SystemCoreClock
                0x08024290                cy_Hfclk0FreqHz
                0x08024294                cy_PeriClkFreqHz
                0x08024298                cy_BleEcoClockFreqHz
                0x0802429c                cy_delayFreqHz
                0x080242a0                cy_delayFreqKhz
                0x080242a4                cy_delayFreqMhz
                0x080242a8                cy_delay32kMs
                0x080242ac                . = ALIGN (0x4)
                0x080242ac                PROVIDE (__preinit_array_start, .)
 *(.preinit_array)
                0x080242ac                PROVIDE (__preinit_array_end, .)
                0x080242ac                . = ALIGN (0x4)
                0x080242ac                PROVIDE (__init_array_start, .)
 *(SORT(.init_array.*))
 *(.init_array)
 .init_array    0x080242ac        0x4 c:/program files (x86)/cypress/psoc creator/4.4/psoc creator/import/gnu/arm/5.4.1/bin/../lib/gcc/arm-none-eabi/5.4.1/armv7e-m/softfp/crtbegin.o
                0x080242b0                PROVIDE (__init_array_end, .)
                0x080242b0                . = ALIGN (0x4)
                [!provide]                PROVIDE (__fini_array_start, .)
 *(SORT(.fini_array.*))
 *(.fini_array)
 .fini_array    0x080242b0        0x4 c:/program files (x86)/cypress/psoc creator/4.4/psoc creator/import/gnu/arm/5.4.1/bin/../lib/gcc/arm-none-eabi/5.4.1/armv7e-m/softfp/crtbegin.o
                [!provide]                PROVIDE (__fini_array_end, .)
 *(.jcr*)
 .jcr           0x080242b4        0x0 c:/program files (x86)/cypress/psoc creator/4.4/psoc creator/import/gnu/arm/5.4.1/bin/../lib/gcc/arm-none-eabi/5.4.1/armv7e-m/softfp/crtbegin.o
 .jcr           0x080242b4        0x4 c:/program files (x86)/cypress/psoc creator/4.4/psoc creator/import/gnu/arm/5.4.1/bin/../lib/gcc/arm-none-eabi/5.4.1/armv7e-m/softfp/crtend.o
                0x080242b8                . = ALIGN (0x4)
 *(.cy_ramfunc*)
 .cy_ramfunc    0x080242b8      0x3d0 .\CortexM4\ARM_GCC_541\Debug\cy_flash.o
                0x080245b4                Cy_Flash_ResumeIrqHandler
 .cy_ramfunc    0x08024688      0x3e4 .\CortexM4\ARM_GCC_541\Debug\cy_syspm.o
 *fill*         0x08024a6c        0x4 
 .cy_ramfunc.__stub
                0x08024a70       0xd0 linker stubs
                0x08024b40                . = ALIGN (0x4)
                0x08024b40                __data_end__ = .

.igot.plt       0x08024b40        0x0 load address 0x10083f94
 .igot.plt      0x08024b40        0x0 c:/program files (x86)/cypress/psoc creator/4.4/psoc creator/import/gnu/arm/5.4.1/bin/../lib/gcc/arm-none-eabi/5.4.1/armv7e-m/softfp/crtbegin.o

.noinit         0x08024b40       0x94 load address 0x10083f98
 *(.noinit)
 .noinit        0x08024b40       0x94 .\CortexM4\ARM_GCC_541\Debug\cy_syslib.o
                0x08024b40                cy_assertFileName
                0x08024b58                cy_assertLine
                0x08024b5c                cy_faultFrame

.bss            0x08024bd4      0x240 load address 0x1008402c
                0x08024bd4                . = ALIGN (0x4)
                0x08024bd4                __bss_start__ = .
 *(.bss*)
 .bss           0x08024bd4       0x1c c:/program files (x86)/cypress/psoc creator/4.4/psoc creator/import/gnu/arm/5.4.1/bin/../lib/gcc/arm-none-eabi/5.4.1/armv7e-m/softfp/crtbegin.o
 .bss           0x08024bf0       0x24 .\CortexM4\ARM_GCC_541\Debug\main_cm4.o
                0x08024bf0                dac_val
                0x08024bf4                maxVoltConverted
                0x08024bf8                minVoltConverted
                0x08024bfc                initVoltConverted
                0x08024c00                div
                0x08024c04                div_duration
                0x08024c08                cycle_count
                0x08024c0c                cycle_dac
                0x08024c10                dac_direction
 .bss           0x08024c14      0x180 .\CortexM4\ARM_GCC_541\Debug\system_psoc6_cm4.o
 .bss           0x08024d94        0x8 .\CortexM4\ARM_GCC_541\Debug\VDAC_1.o
                0x08024d94                VDAC_1_initVar
 .bss           0x08024d9c       0x28 .\CortexM4\ARM_GCC_541\Debug\cy_flash.o
 .bss           0x08024dc4        0xc .\CortexM4\ARM_GCC_541\Debug\cy_ipc_sema.o
 .bss           0x08024dd0        0x4 .\CortexM4\ARM_GCC_541\Debug\cy_ipc_pipe.o
 .bss           0x08024dd4       0x3c .\CortexM4\ARM_GCC_541\Debug\cy_syspm.o
 *(COMMON)
 COMMON         0x08024e10        0x4 .\CortexM4\ARM_GCC_541\Debug\cy_device.o
                0x08024e10                cy_device
                0x08024e14                . = ALIGN (0x4)
                0x08024e14                __bss_end__ = .

.heap           0x08024e18      0x400
                0x08024e18                __HeapBase = .
                0x08024e18                __end__ = .
                0x08024e18                end = __end__
 *(.heap*)
 .heap          0x08024e18      0x400 .\CortexM4\ARM_GCC_541\Debug\startup_psoc6_01_cm4.o
                0x08025218                __HeapLimit = .

.stack_dummy    0x08024e18     0x1000
 *(.stack*)
 .stack         0x08024e18     0x1000 .\CortexM4\ARM_GCC_541\Debug\startup_psoc6_01_cm4.o
                0x08047800                __StackTop = (ORIGIN (ram) + LENGTH (ram))
                0x08046800                __StackLimit = (__StackTop - SIZEOF (.stack_dummy))
                0x08047800                PROVIDE (__stack, __StackTop)
                0x00000001                ASSERT ((__StackLimit >= __HeapLimit), region RAM overflowed with stack)

.cy_app_signature
 *(.cy_app_signature)

.cy_em_eeprom
 *(.cy_em_eeprom)

.cy_sflash_user_data
 *(.cy_sflash_user_data)

.cy_sflash_nar
 *(.cy_sflash_nar)

.cy_sflash_public_key
 *(.cy_sflash_public_key)

.cy_toc_part2
 *(.cy_toc_part2)

.cy_rtoc_part2
 *(.cy_rtoc_part2)

.cy_xip
 *(.cy_xip)

.cy_efuse
 *(.cy_efuse)

.cymeta         0x90500000        0xc
 *(.cymeta)
 .cymeta        0x90500000        0xc .\CortexM4\ARM_GCC_541\Debug\cymetadata.o
                0x90500000                cy_metadata
                0x10000000                __cy_memory_0_start = 0x10000000
                0x00100000                __cy_memory_0_length = 0x100000
                0x00000200                __cy_memory_0_row_size = 0x200
                0x14000000                __cy_memory_1_start = 0x14000000
                0x00008000                __cy_memory_1_length = 0x8000
                0x00000200                __cy_memory_1_row_size = 0x200
                0x16000000                __cy_memory_2_start = 0x16000000
                0x00008000                __cy_memory_2_length = 0x8000
                0x00000200                __cy_memory_2_row_size = 0x200
                0x18000000                __cy_memory_3_start = 0x18000000
                0x08000000                __cy_memory_3_length = 0x8000000
                0x00000200                __cy_memory_3_row_size = 0x200
                0x90700000                __cy_memory_4_start = 0x90700000
                0x00100000                __cy_memory_4_length = 0x100000
                0x00000001                __cy_memory_4_row_size = 0x1
OUTPUT(D:\OneDrive - UNSW\Documents\thesis\VDAC_Saw_Export.cydsn\CortexM4\ARM_GCC_541\Debug\VDAC_Saw_Export_link.elf elf32-littlearm)

.rel.dyn        0x08024e14        0x0 load address 0x9855f464
 .rel.iplt      0x08024e14        0x0 c:/program files (x86)/cypress/psoc creator/4.4/psoc creator/import/gnu/arm/5.4.1/bin/../lib/gcc/arm-none-eabi/5.4.1/armv7e-m/softfp/crtbegin.o

.ARM.attributes
                0x00000000       0x2e
 .ARM.attributes
                0x00000000       0x22 c:/program files (x86)/cypress/psoc creator/4.4/psoc creator/import/gnu/arm/5.4.1/bin/../lib/gcc/arm-none-eabi/5.4.1/armv7e-m/softfp/crti.o
 .ARM.attributes
                0x00000022       0x32 c:/program files (x86)/cypress/psoc creator/4.4/psoc creator/import/gnu/arm/5.4.1/bin/../lib/gcc/arm-none-eabi/5.4.1/armv7e-m/softfp/crtbegin.o
 .ARM.attributes
                0x00000054       0x1f .\CortexM4\ARM_GCC_541\Debug\startup_psoc6_01_cm4.o
 .ARM.attributes
                0x00000073       0x37 .\CortexM4\ARM_GCC_541\Debug\main_cm4.o
 .ARM.attributes
                0x000000aa       0x37 .\CortexM4\ARM_GCC_541\Debug\system_psoc6_cm4.o
 .ARM.attributes
                0x000000e1       0x37 .\CortexM4\ARM_GCC_541\Debug\cyfitter_sysint_cfg.o
 .ARM.attributes
                0x00000118       0x37 .\CortexM4\ARM_GCC_541\Debug\cymetadata.o
 .ARM.attributes
                0x0000014f       0x37 .\CortexM4\ARM_GCC_541\Debug\VDAC_1.o
 .ARM.attributes
                0x00000186       0x37 .\CortexM4\ARM_GCC_541\Debug\cy_ctb.o
 .ARM.attributes
                0x000001bd       0x37 .\CortexM4\ARM_GCC_541\Debug\cy_flash.o
 .ARM.attributes
                0x000001f4       0x37 .\CortexM4\ARM_GCC_541\Debug\cy_ipc_drv.o
 .ARM.attributes
                0x0000022b       0x37 .\CortexM4\ARM_GCC_541\Debug\cy_ipc_sema.o
 .ARM.attributes
                0x00000262       0x37 .\CortexM4\ARM_GCC_541\Debug\cy_ipc_pipe.o
 .ARM.attributes
                0x00000299       0x37 .\CortexM4\ARM_GCC_541\Debug\cy_sysint.o
 .ARM.attributes
                0x000002d0       0x37 .\CortexM4\ARM_GCC_541\Debug\cy_syslib.o
 .ARM.attributes
                0x00000307       0x25 .\CortexM4\ARM_GCC_541\Debug\cy_syslib_gcc.o
 .ARM.attributes
                0x0000032c       0x37 .\CortexM4\ARM_GCC_541\Debug\cy_syspm.o
 .ARM.attributes
                0x00000363       0x37 .\CortexM4\ARM_GCC_541\Debug\cy_device.o
 .ARM.attributes
                0x0000039a       0x37 .\CortexM4\ARM_GCC_541\Debug\cy_ctdac.o
 .ARM.attributes
                0x000003d1       0x22 c:/program files (x86)/cypress/psoc creator/4.4/psoc creator/import/gnu/arm/5.4.1/bin/../lib/gcc/arm-none-eabi/5.4.1/armv7e-m/softfp\libgcc.a(_arm_addsubdf3.o)
 .ARM.attributes
                0x000003f3       0x22 c:/program files (x86)/cypress/psoc creator/4.4/psoc creator/import/gnu/arm/5.4.1/bin/../lib/gcc/arm-none-eabi/5.4.1/armv7e-m/softfp\libgcc.a(_arm_muldivdf3.o)
 .ARM.attributes
                0x00000415       0x22 c:/program files (x86)/cypress/psoc creator/4.4/psoc creator/import/gnu/arm/5.4.1/bin/../lib/gcc/arm-none-eabi/5.4.1/armv7e-m/softfp\libgcc.a(_arm_fixunsdfsi.o)
 .ARM.attributes
                0x00000437       0x22 c:/program files (x86)/cypress/psoc creator/4.4/psoc creator/import/gnu/arm/5.4.1/bin/../lib/gcc/arm-none-eabi/5.4.1/armv7e-m/softfp\libgcc.a(_arm_truncdfsf2.o)
 .ARM.attributes
                0x00000459       0x32 c:/program files (x86)/cypress/psoc creator/4.4/psoc creator/import/gnu/arm/5.4.1/bin/../lib/gcc/arm-none-eabi/5.4.1/../../../../arm-none-eabi/lib/armv7e-m/softfp\libg_nano.a(lib_a-memset.o)
 .ARM.attributes
                0x0000048b       0x32 c:/program files (x86)/cypress/psoc creator/4.4/psoc creator/import/gnu/arm/5.4.1/bin/../lib/gcc/arm-none-eabi/5.4.1/../../../../arm-none-eabi/lib/armv7e-m/softfp\libg_nano.a(lib_a-strncpy.o)
 .ARM.attributes
                0x000004bd       0x32 c:/program files (x86)/cypress/psoc creator/4.4/psoc creator/import/gnu/arm/5.4.1/bin/../lib/gcc/arm-none-eabi/5.4.1/armv7e-m/softfp/crtend.o
 .ARM.attributes
                0x000004ef       0x22 c:/program files (x86)/cypress/psoc creator/4.4/psoc creator/import/gnu/arm/5.4.1/bin/../lib/gcc/arm-none-eabi/5.4.1/armv7e-m/softfp/crtn.o
 .ARM.attributes
                0x00000511       0x32 c:/program files (x86)/cypress/psoc creator/4.4/psoc creator/import/gnu/arm/5.4.1/bin/../lib/gcc/arm-none-eabi/5.4.1/../../../../arm-none-eabi/lib/armv7e-m/softfp\libm.a(lib_a-s_round.o)

.comment        0x00000000       0x6e
 .comment       0x00000000       0x6e .\CortexM4\ARM_GCC_541\Debug\main_cm4.o
                                 0x6f (size before relaxing)
 .comment       0x0000006e       0x6f .\CortexM4\ARM_GCC_541\Debug\system_psoc6_cm4.o
 .comment       0x0000006e       0x6f .\CortexM4\ARM_GCC_541\Debug\cyfitter_sysint_cfg.o
 .comment       0x0000006e       0x6f .\CortexM4\ARM_GCC_541\Debug\cymetadata.o
 .comment       0x0000006e       0x6f .\CortexM4\ARM_GCC_541\Debug\VDAC_1.o
 .comment       0x0000006e       0x6f .\CortexM4\ARM_GCC_541\Debug\cy_ctb.o
 .comment       0x0000006e       0x6f .\CortexM4\ARM_GCC_541\Debug\cy_flash.o
 .comment       0x0000006e       0x6f .\CortexM4\ARM_GCC_541\Debug\cy_ipc_drv.o
 .comment       0x0000006e       0x6f .\CortexM4\ARM_GCC_541\Debug\cy_ipc_sema.o
 .comment       0x0000006e       0x6f .\CortexM4\ARM_GCC_541\Debug\cy_ipc_pipe.o
 .comment       0x0000006e       0x6f .\CortexM4\ARM_GCC_541\Debug\cy_sysint.o
 .comment       0x0000006e       0x6f .\CortexM4\ARM_GCC_541\Debug\cy_syslib.o
 .comment       0x0000006e       0x6f .\CortexM4\ARM_GCC_541\Debug\cy_syspm.o
 .comment       0x0000006e       0x6f .\CortexM4\ARM_GCC_541\Debug\cy_device.o
 .comment       0x0000006e       0x6f .\CortexM4\ARM_GCC_541\Debug\cy_ctdac.o

.debug_line     0x00000000     0x4d52
 .debug_line    0x00000000       0x8e .\CortexM4\ARM_GCC_541\Debug\startup_psoc6_01_cm4.o
 .debug_line    0x0000008e      0x524 .\CortexM4\ARM_GCC_541\Debug\main_cm4.o
 .debug_line    0x000005b2      0x411 .\CortexM4\ARM_GCC_541\Debug\system_psoc6_cm4.o
 .debug_line    0x000009c3      0x24f .\CortexM4\ARM_GCC_541\Debug\cyfitter_sysint_cfg.o
 .debug_line    0x00000c12      0x141 .\CortexM4\ARM_GCC_541\Debug\cymetadata.o
 .debug_line    0x00000d53      0x419 .\CortexM4\ARM_GCC_541\Debug\VDAC_1.o
 .debug_line    0x0000116c      0xba8 .\CortexM4\ARM_GCC_541\Debug\cy_ctb.o
 .debug_line    0x00001d14      0x772 .\CortexM4\ARM_GCC_541\Debug\cy_flash.o
 .debug_line    0x00002486      0x38f .\CortexM4\ARM_GCC_541\Debug\cy_ipc_drv.o
 .debug_line    0x00002815      0x3f5 .\CortexM4\ARM_GCC_541\Debug\cy_ipc_sema.o
 .debug_line    0x00002c0a      0x653 .\CortexM4\ARM_GCC_541\Debug\cy_ipc_pipe.o
 .debug_line    0x0000325d      0x2e1 .\CortexM4\ARM_GCC_541\Debug\cy_sysint.o
 .debug_line    0x0000353e      0x481 .\CortexM4\ARM_GCC_541\Debug\cy_syslib.o
 .debug_line    0x000039bf       0x89 .\CortexM4\ARM_GCC_541\Debug\cy_syslib_gcc.o
 .debug_line    0x00003a48      0xa8b .\CortexM4\ARM_GCC_541\Debug\cy_syspm.o
 .debug_line    0x000044d3      0x17f .\CortexM4\ARM_GCC_541\Debug\cy_device.o
 .debug_line    0x00004652      0x700 .\CortexM4\ARM_GCC_541\Debug\cy_ctdac.o

.debug_info     0x00000000    0x12bca
 .debug_info    0x00000000       0x76 .\CortexM4\ARM_GCC_541\Debug\startup_psoc6_01_cm4.o
 .debug_info    0x00000076     0x14ef .\CortexM4\ARM_GCC_541\Debug\main_cm4.o
 .debug_info    0x00001565     0x1ab1 .\CortexM4\ARM_GCC_541\Debug\system_psoc6_cm4.o
 .debug_info    0x00003016      0x96c .\CortexM4\ARM_GCC_541\Debug\cyfitter_sysint_cfg.o
 .debug_info    0x00003982       0xac .\CortexM4\ARM_GCC_541\Debug\cymetadata.o
 .debug_info    0x00003a2e      0xffa .\CortexM4\ARM_GCC_541\Debug\VDAC_1.o
 .debug_info    0x00004a28     0x1610 .\CortexM4\ARM_GCC_541\Debug\cy_ctb.o
 .debug_info    0x00006038     0x21ff .\CortexM4\ARM_GCC_541\Debug\cy_flash.o
 .debug_info    0x00008237      0x816 .\CortexM4\ARM_GCC_541\Debug\cy_ipc_drv.o
 .debug_info    0x00008a4d      0x9cc .\CortexM4\ARM_GCC_541\Debug\cy_ipc_sema.o
 .debug_info    0x00009419     0x14c0 .\CortexM4\ARM_GCC_541\Debug\cy_ipc_pipe.o
 .debug_info    0x0000a8d9      0xd9f .\CortexM4\ARM_GCC_541\Debug\cy_sysint.o
 .debug_info    0x0000b678     0x2488 .\CortexM4\ARM_GCC_541\Debug\cy_syslib.o
 .debug_info    0x0000db00       0xa4 .\CortexM4\ARM_GCC_541\Debug\cy_syslib_gcc.o
 .debug_info    0x0000dba4     0x35ca .\CortexM4\ARM_GCC_541\Debug\cy_syspm.o
 .debug_info    0x0001116e      0x552 .\CortexM4\ARM_GCC_541\Debug\cy_device.o
 .debug_info    0x000116c0     0x150a .\CortexM4\ARM_GCC_541\Debug\cy_ctdac.o

.debug_abbrev   0x00000000     0x1cb4
 .debug_abbrev  0x00000000       0x14 .\CortexM4\ARM_GCC_541\Debug\startup_psoc6_01_cm4.o
 .debug_abbrev  0x00000014      0x28b .\CortexM4\ARM_GCC_541\Debug\main_cm4.o
 .debug_abbrev  0x0000029f      0x212 .\CortexM4\ARM_GCC_541\Debug\system_psoc6_cm4.o
 .debug_abbrev  0x000004b1       0xe3 .\CortexM4\ARM_GCC_541\Debug\cyfitter_sysint_cfg.o
 .debug_abbrev  0x00000594       0x5d .\CortexM4\ARM_GCC_541\Debug\cymetadata.o
 .debug_abbrev  0x000005f1      0x21d .\CortexM4\ARM_GCC_541\Debug\VDAC_1.o
 .debug_abbrev  0x0000080e      0x1fb .\CortexM4\ARM_GCC_541\Debug\cy_ctb.o
 .debug_abbrev  0x00000a09      0x2c1 .\CortexM4\ARM_GCC_541\Debug\cy_flash.o
 .debug_abbrev  0x00000cca      0x15f .\CortexM4\ARM_GCC_541\Debug\cy_ipc_drv.o
 .debug_abbrev  0x00000e29      0x188 .\CortexM4\ARM_GCC_541\Debug\cy_ipc_sema.o
 .debug_abbrev  0x00000fb1      0x2b2 .\CortexM4\ARM_GCC_541\Debug\cy_ipc_pipe.o
 .debug_abbrev  0x00001263      0x1f7 .\CortexM4\ARM_GCC_541\Debug\cy_sysint.o
 .debug_abbrev  0x0000145a      0x2e2 .\CortexM4\ARM_GCC_541\Debug\cy_syslib.o
 .debug_abbrev  0x0000173c       0x14 .\CortexM4\ARM_GCC_541\Debug\cy_syslib_gcc.o
 .debug_abbrev  0x00001750      0x29f .\CortexM4\ARM_GCC_541\Debug\cy_syspm.o
 .debug_abbrev  0x000019ef       0x9d .\CortexM4\ARM_GCC_541\Debug\cy_device.o
 .debug_abbrev  0x00001a8c      0x228 .\CortexM4\ARM_GCC_541\Debug\cy_ctdac.o

.debug_aranges  0x00000000      0x7b8
 .debug_aranges
                0x00000000       0x20 .\CortexM4\ARM_GCC_541\Debug\startup_psoc6_01_cm4.o
 .debug_aranges
                0x00000020       0x60 .\CortexM4\ARM_GCC_541\Debug\main_cm4.o
 .debug_aranges
                0x00000080       0x40 .\CortexM4\ARM_GCC_541\Debug\system_psoc6_cm4.o
 .debug_aranges
                0x000000c0       0x18 .\CortexM4\ARM_GCC_541\Debug\cyfitter_sysint_cfg.o
 .debug_aranges
                0x000000d8       0x18 .\CortexM4\ARM_GCC_541\Debug\cymetadata.o
 .debug_aranges
                0x000000f0       0x58 .\CortexM4\ARM_GCC_541\Debug\VDAC_1.o
 .debug_aranges
                0x00000148       0xd8 .\CortexM4\ARM_GCC_541\Debug\cy_ctb.o
 .debug_aranges
                0x00000220       0xf0 .\CortexM4\ARM_GCC_541\Debug\cy_flash.o
 .debug_aranges
                0x00000310       0x60 .\CortexM4\ARM_GCC_541\Debug\cy_ipc_drv.o
 .debug_aranges
                0x00000370       0x68 .\CortexM4\ARM_GCC_541\Debug\cy_ipc_sema.o
 .debug_aranges
                0x000003d8       0xe0 .\CortexM4\ARM_GCC_541\Debug\cy_ipc_pipe.o
 .debug_aranges
                0x000004b8       0x38 .\CortexM4\ARM_GCC_541\Debug\cy_sysint.o
 .debug_aranges
                0x000004f0       0x78 .\CortexM4\ARM_GCC_541\Debug\cy_syslib.o
 .debug_aranges
                0x00000568       0x20 .\CortexM4\ARM_GCC_541\Debug\cy_syslib_gcc.o
 .debug_aranges
                0x00000588      0x170 .\CortexM4\ARM_GCC_541\Debug\cy_syspm.o
 .debug_aranges
                0x000006f8       0x20 .\CortexM4\ARM_GCC_541\Debug\cy_device.o
 .debug_aranges
                0x00000718       0xa0 .\CortexM4\ARM_GCC_541\Debug\cy_ctdac.o

.debug_ranges   0x00000000      0x678
 .debug_ranges  0x00000000       0x50 .\CortexM4\ARM_GCC_541\Debug\main_cm4.o
 .debug_ranges  0x00000050       0x30 .\CortexM4\ARM_GCC_541\Debug\system_psoc6_cm4.o
 .debug_ranges  0x00000080       0x48 .\CortexM4\ARM_GCC_541\Debug\VDAC_1.o
 .debug_ranges  0x000000c8       0xc8 .\CortexM4\ARM_GCC_541\Debug\cy_ctb.o
 .debug_ranges  0x00000190       0xe0 .\CortexM4\ARM_GCC_541\Debug\cy_flash.o
 .debug_ranges  0x00000270       0x50 .\CortexM4\ARM_GCC_541\Debug\cy_ipc_drv.o
 .debug_ranges  0x000002c0       0x58 .\CortexM4\ARM_GCC_541\Debug\cy_ipc_sema.o
 .debug_ranges  0x00000318       0xd0 .\CortexM4\ARM_GCC_541\Debug\cy_ipc_pipe.o
 .debug_ranges  0x000003e8       0x28 .\CortexM4\ARM_GCC_541\Debug\cy_sysint.o
 .debug_ranges  0x00000410       0x68 .\CortexM4\ARM_GCC_541\Debug\cy_syslib.o
 .debug_ranges  0x00000478      0x160 .\CortexM4\ARM_GCC_541\Debug\cy_syspm.o
 .debug_ranges  0x000005d8       0x10 .\CortexM4\ARM_GCC_541\Debug\cy_device.o
 .debug_ranges  0x000005e8       0x90 .\CortexM4\ARM_GCC_541\Debug\cy_ctdac.o

.debug_str      0x00000000     0x7c45
 .debug_str     0x00000000     0x2357 .\CortexM4\ARM_GCC_541\Debug\main_cm4.o
                               0x23f9 (size before relaxing)
 .debug_str     0x00002357      0xb6b .\CortexM4\ARM_GCC_541\Debug\system_psoc6_cm4.o
                               0x2324 (size before relaxing)
 .debug_str     0x00002ec2       0x4e .\CortexM4\ARM_GCC_541\Debug\cyfitter_sysint_cfg.o
                               0x17bc (size before relaxing)
 .debug_str     0x00002f10       0x30 .\CortexM4\ARM_GCC_541\Debug\cymetadata.o
                                0x1b5 (size before relaxing)
 .debug_str     0x00002f40      0x529 .\CortexM4\ARM_GCC_541\Debug\VDAC_1.o
                               0x14d2 (size before relaxing)
 .debug_str     0x00003469      0xce5 .\CortexM4\ARM_GCC_541\Debug\cy_ctb.o
                               0x1974 (size before relaxing)
 .debug_str     0x0000414e     0x100b .\CortexM4\ARM_GCC_541\Debug\cy_flash.o
                               0x2cca (size before relaxing)
 .debug_str     0x00005159      0x114 .\CortexM4\ARM_GCC_541\Debug\cy_ipc_drv.o
                                0x95f (size before relaxing)
 .debug_str     0x0000526d      0x116 .\CortexM4\ARM_GCC_541\Debug\cy_ipc_sema.o
                                0xada (size before relaxing)
 .debug_str     0x00005383      0x38d .\CortexM4\ARM_GCC_541\Debug\cy_ipc_pipe.o
                               0x2031 (size before relaxing)
 .debug_str     0x00005710       0xf7 .\CortexM4\ARM_GCC_541\Debug\cy_sysint.o
                               0x193f (size before relaxing)
 .debug_str     0x00005807      0xab4 .\CortexM4\ARM_GCC_541\Debug\cy_syslib.o
                               0x1c8b (size before relaxing)
 .debug_str     0x000062bb     0x10b7 .\CortexM4\ARM_GCC_541\Debug\cy_syspm.o
                               0x2adf (size before relaxing)
 .debug_str     0x00007372       0x69 .\CortexM4\ARM_GCC_541\Debug\cy_device.o
                                0x7c3 (size before relaxing)
 .debug_str     0x000073db      0x86a .\CortexM4\ARM_GCC_541\Debug\cy_ctdac.o
                               0x175e (size before relaxing)

.debug_frame    0x00000000     0x1ed4
 .debug_frame   0x00000000      0x160 .\CortexM4\ARM_GCC_541\Debug\main_cm4.o
 .debug_frame   0x00000160       0xc0 .\CortexM4\ARM_GCC_541\Debug\system_psoc6_cm4.o
 .debug_frame   0x00000220      0x120 .\CortexM4\ARM_GCC_541\Debug\VDAC_1.o
 .debug_frame   0x00000340      0x3c4 .\CortexM4\ARM_GCC_541\Debug\cy_ctb.o
 .debug_frame   0x00000704      0x43c .\CortexM4\ARM_GCC_541\Debug\cy_flash.o
 .debug_frame   0x00000b40      0x178 .\CortexM4\ARM_GCC_541\Debug\cy_ipc_drv.o
 .debug_frame   0x00000cb8      0x1a0 .\CortexM4\ARM_GCC_541\Debug\cy_ipc_sema.o
 .debug_frame   0x00000e58      0x404 .\CortexM4\ARM_GCC_541\Debug\cy_ipc_pipe.o
 .debug_frame   0x0000125c       0xb0 .\CortexM4\ARM_GCC_541\Debug\cy_sysint.o
 .debug_frame   0x0000130c      0x1cc .\CortexM4\ARM_GCC_541\Debug\cy_syslib.o
 .debug_frame   0x000014d8      0x680 .\CortexM4\ARM_GCC_541\Debug\cy_syspm.o
 .debug_frame   0x00001b58       0x38 .\CortexM4\ARM_GCC_541\Debug\cy_device.o
 .debug_frame   0x00001b90      0x2cc .\CortexM4\ARM_GCC_541\Debug\cy_ctdac.o
 .debug_frame   0x00001e5c       0x20 c:/program files (x86)/cypress/psoc creator/4.4/psoc creator/import/gnu/arm/5.4.1/bin/../lib/gcc/arm-none-eabi/5.4.1/../../../../arm-none-eabi/lib/armv7e-m/softfp\libg_nano.a(lib_a-memset.o)
 .debug_frame   0x00001e7c       0x28 c:/program files (x86)/cypress/psoc creator/4.4/psoc creator/import/gnu/arm/5.4.1/bin/../lib/gcc/arm-none-eabi/5.4.1/../../../../arm-none-eabi/lib/armv7e-m/softfp\libg_nano.a(lib_a-strncpy.o)
 .debug_frame   0x00001ea4       0x30 c:/program files (x86)/cypress/psoc creator/4.4/psoc creator/import/gnu/arm/5.4.1/bin/../lib/gcc/arm-none-eabi/5.4.1/../../../../arm-none-eabi/lib/armv7e-m/softfp\libm.a(lib_a-s_round.o)
