Archive member included to satisfy reference by file (symbol)

c:/program files (x86)/cypress/psoc creator/4.4/psoc creator/import/gnu/arm/5.4.1/bin/../lib/gcc/arm-none-eabi/5.4.1/armv7e-m/softfp\libgcc.a(_arm_addsubdf3.o)
                              .\CortexM4\ARM_GCC_541\Debug\main_cm4.o (__aeabi_f2d)
c:/program files (x86)/cypress/psoc creator/4.4/psoc creator/import/gnu/arm/5.4.1/bin/../lib/gcc/arm-none-eabi/5.4.1/armv7e-m/softfp\libgcc.a(_arm_muldivdf3.o)
                              .\CortexM4\ARM_GCC_541\Debug\main_cm4.o (__aeabi_dmul)
c:/program files (x86)/cypress/psoc creator/4.4/psoc creator/import/gnu/arm/5.4.1/bin/../lib/gcc/arm-none-eabi/5.4.1/armv7e-m/softfp\libgcc.a(_arm_fixdfsi.o)
                              .\CortexM4\ARM_GCC_541\Debug\main_cm4.o (__aeabi_d2iz)
c:/program files (x86)/cypress/psoc creator/4.4/psoc creator/import/gnu/arm/5.4.1/bin/../lib/gcc/arm-none-eabi/5.4.1/armv7e-m/softfp\libgcc.a(_arm_fixunsdfsi.o)
                              .\CortexM4\ARM_GCC_541\Debug\cy_sysclk.o (__aeabi_d2uiz)
c:/program files (x86)/cypress/psoc creator/4.4/psoc creator/import/gnu/arm/5.4.1/bin/../lib/gcc/arm-none-eabi/5.4.1/armv7e-m/softfp\libgcc.a(_arm_truncdfsf2.o)
                              .\CortexM4\ARM_GCC_541\Debug\main_cm4.o (__aeabi_d2f)
c:/program files (x86)/cypress/psoc creator/4.4/psoc creator/import/gnu/arm/5.4.1/bin/../lib/gcc/arm-none-eabi/5.4.1/armv7e-m/softfp\libgcc.a(_aeabi_ldivmod.o)
                              .\CortexM4\ARM_GCC_541\Debug\cy_sar.o (__aeabi_ldivmod)
c:/program files (x86)/cypress/psoc creator/4.4/psoc creator/import/gnu/arm/5.4.1/bin/../lib/gcc/arm-none-eabi/5.4.1/armv7e-m/softfp\libgcc.a(_aeabi_uldivmod.o)
                              .\CortexM4\ARM_GCC_541\Debug\cy_sysclk.o (__aeabi_uldivmod)
c:/program files (x86)/cypress/psoc creator/4.4/psoc creator/import/gnu/arm/5.4.1/bin/../lib/gcc/arm-none-eabi/5.4.1/armv7e-m/softfp\libgcc.a(_udivmoddi4.o)
                              c:/program files (x86)/cypress/psoc creator/4.4/psoc creator/import/gnu/arm/5.4.1/bin/../lib/gcc/arm-none-eabi/5.4.1/armv7e-m/softfp\libgcc.a(_aeabi_ldivmod.o) (__udivmoddi4)
c:/program files (x86)/cypress/psoc creator/4.4/psoc creator/import/gnu/arm/5.4.1/bin/../lib/gcc/arm-none-eabi/5.4.1/armv7e-m/softfp\libgcc.a(_dvmd_tls.o)
                              c:/program files (x86)/cypress/psoc creator/4.4/psoc creator/import/gnu/arm/5.4.1/bin/../lib/gcc/arm-none-eabi/5.4.1/armv7e-m/softfp\libgcc.a(_aeabi_ldivmod.o) (__aeabi_ldiv0)
c:/program files (x86)/cypress/psoc creator/4.4/psoc creator/import/gnu/arm/5.4.1/bin/../lib/gcc/arm-none-eabi/5.4.1/../../../../arm-none-eabi/lib/armv7e-m/softfp\libg_nano.a(lib_a-exit.o)
                              c:/program files (x86)/cypress/psoc creator/4.4/psoc creator/import/gnu/arm/5.4.1/bin/../lib/gcc/arm-none-eabi/5.4.1/../../../../arm-none-eabi/lib/armv7e-m/softfp/crt0.o (exit)
c:/program files (x86)/cypress/psoc creator/4.4/psoc creator/import/gnu/arm/5.4.1/bin/../lib/gcc/arm-none-eabi/5.4.1/../../../../arm-none-eabi/lib/armv7e-m/softfp\libg_nano.a(lib_a-impure.o)
                              c:/program files (x86)/cypress/psoc creator/4.4/psoc creator/import/gnu/arm/5.4.1/bin/../lib/gcc/arm-none-eabi/5.4.1/../../../../arm-none-eabi/lib/armv7e-m/softfp\libg_nano.a(lib_a-exit.o) (_global_impure_ptr)
c:/program files (x86)/cypress/psoc creator/4.4/psoc creator/import/gnu/arm/5.4.1/bin/../lib/gcc/arm-none-eabi/5.4.1/../../../../arm-none-eabi/lib/armv7e-m/softfp\libg_nano.a(lib_a-init.o)
                              c:/program files (x86)/cypress/psoc creator/4.4/psoc creator/import/gnu/arm/5.4.1/bin/../lib/gcc/arm-none-eabi/5.4.1/../../../../arm-none-eabi/lib/armv7e-m/softfp/crt0.o (__libc_init_array)
c:/program files (x86)/cypress/psoc creator/4.4/psoc creator/import/gnu/arm/5.4.1/bin/../lib/gcc/arm-none-eabi/5.4.1/../../../../arm-none-eabi/lib/armv7e-m/softfp\libg_nano.a(lib_a-memset.o)
                              c:/program files (x86)/cypress/psoc creator/4.4/psoc creator/import/gnu/arm/5.4.1/bin/../lib/gcc/arm-none-eabi/5.4.1/../../../../arm-none-eabi/lib/armv7e-m/softfp/crt0.o (memset)
c:/program files (x86)/cypress/psoc creator/4.4/psoc creator/import/gnu/arm/5.4.1/bin/../lib/gcc/arm-none-eabi/5.4.1/../../../../arm-none-eabi/lib/armv7e-m/softfp\libg_nano.a(lib_a-nano-vfprintf_float.o)
                              .\CortexM4\ARM_GCC_541\Debug\retarget.o (_printf_float)
c:/program files (x86)/cypress/psoc creator/4.4/psoc creator/import/gnu/arm/5.4.1/bin/../lib/gcc/arm-none-eabi/5.4.1/../../../../arm-none-eabi/lib/armv7e-m/softfp\libg_nano.a(lib_a-nano-vfprintf_i.o)
                              c:/program files (x86)/cypress/psoc creator/4.4/psoc creator/import/gnu/arm/5.4.1/bin/../lib/gcc/arm-none-eabi/5.4.1/../../../../arm-none-eabi/lib/armv7e-m/softfp\libg_nano.a(lib_a-nano-vfprintf_float.o) (_printf_common)
[...]
Memory Configuration

Name             Origin             Length             Attributes
ram              0x08024000         0x00023800         xrw
flash            0x10080000         0x00080000         xr
em_eeprom        0x14000000         0x00008000         xr
sflash_user_data 0x16000800         0x00000800         xr
sflash_nar       0x16001a00         0x00000200         xr
sflash_public_key 0x16005a00         0x00000c00         xr
sflash_toc_2     0x16007c00         0x00000200         xr
sflash_rtoc_2    0x16007e00         0x00000200         xr
xip              0x18000000         0x08000000         xr
efuse            0x90700000         0x00100000         r
*default*        0x00000000         0xffffffff

Linker script and memory map

LOAD c:/program files (x86)/cypress/psoc creator/4.4/psoc creator/import/gnu/arm/5.4.1/bin/../lib/gcc/arm-none-eabi/5.4.1/armv7e-m/softfp/crti.o
LOAD c:/program files (x86)/cypress/psoc creator/4.4/psoc creator/import/gnu/arm/5.4.1/bin/../lib/gcc/arm-none-eabi/5.4.1/armv7e-m/softfp/crtbegin.o
LOAD c:/program files (x86)/cypress/psoc creator/4.4/psoc creator/import/gnu/arm/5.4.1/bin/../lib/gcc/arm-none-eabi/5.4.1/../../../../arm-none-eabi/lib/armv7e-m/softfp/crt0.o
START GROUP
LOAD .\CortexM4\ARM_GCC_541\Debug\startup_psoc6_01_cm4.o
LOAD .\CortexM4\ARM_GCC_541\Debug\main_cm4.o
LOAD .\CortexM4\ARM_GCC_541\Debug\system_psoc6_cm4.o
LOAD .\CortexM4\ARM_GCC_541\Debug\stdio_user.o
LOAD .\CortexM4\ARM_GCC_541\Debug\cyfitter_sysint_cfg.o
LOAD .\CortexM4\ARM_GCC_541\Debug\cymetadata.o
LOAD .\CortexM4\ARM_GCC_541\Debug\VDAC_1.o
LOAD .\CortexM4\ARM_GCC_541\Debug\cy_ctb.o
LOAD .\CortexM4\ARM_GCC_541\Debug\cy_efuse.o
LOAD .\CortexM4\ARM_GCC_541\Debug\cy_flash.o
LOAD .\CortexM4\ARM_GCC_541\Debug\cy_gpio.o
LOAD .\CortexM4\ARM_GCC_541\Debug\cy_ipc_drv.o
LOAD .\CortexM4\ARM_GCC_541\Debug\cy_ipc_sema.o
LOAD .\CortexM4\ARM_GCC_541\Debug\cy_ipc_pipe.o
LOAD .\CortexM4\ARM_GCC_541\Debug\cy_lvd.o
LOAD .\CortexM4\ARM_GCC_541\Debug\cy_profile.o
LOAD .\CortexM4\ARM_GCC_541\Debug\cy_prot.o
LOAD .\CortexM4\ARM_GCC_541\Debug\cy_sysanalog.o
LOAD .\CortexM4\ARM_GCC_541\Debug\cy_sysclk.o
LOAD .\CortexM4\ARM_GCC_541\Debug\cy_sysint.o
LOAD .\CortexM4\ARM_GCC_541\Debug\cy_syslib.o
LOAD .\CortexM4\ARM_GCC_541\Debug\cy_syslib_gcc.o
LOAD .\CortexM4\ARM_GCC_541\Debug\cy_syspm.o
LOAD .\CortexM4\ARM_GCC_541\Debug\cy_systick.o
LOAD .\CortexM4\ARM_GCC_541\Debug\cy_trigmux.o
LOAD .\CortexM4\ARM_GCC_541\Debug\cy_wdt.o
LOAD .\CortexM4\ARM_GCC_541\Debug\cy_device.o
LOAD .\CortexM4\ARM_GCC_541\Debug\cy_ctdac.o
LOAD .\CortexM4\ARM_GCC_541\Debug\cy_scb_common.o
LOAD .\CortexM4\ARM_GCC_541\Debug\cy_scb_i2c.o
LOAD .\CortexM4\ARM_GCC_541\Debug\cy_scb_ezi2c.o
LOAD .\CortexM4\ARM_GCC_541\Debug\cy_scb_spi.o
LOAD .\CortexM4\ARM_GCC_541\Debug\cy_scb_uart.o
LOAD .\CortexM4\ARM_GCC_541\Debug\cy_sar.o
LOAD .\CortexM4\ARM_GCC_541\Debug\cy_ble_clk.o
LOAD .\CortexM4\ARM_GCC_541\Debug\retarget.o
LOAD .\CortexM4\ARM_GCC_541\Debug\UART_1.o
LOAD .\CortexM4\ARM_GCC_541\Debug\ADC_1.o
LOAD .\CortexM4\ARM_GCC_541\Debug\ADC_1_INT.o
LOAD .\CortexM4\ARM_GCC_541\Debug\ADC_1_INIT.o
LOAD .\CortexM4\ARM_GCC_541\Debug\ADC_1_PM.o
END GROUP
START GROUP
LOAD c:/program files (x86)/cypress/psoc creator/4.4/psoc creator/import/gnu/arm/5.4.1/bin/../lib/gcc/arm-none-eabi/5.4.1/armv7e-m/softfp\libgcc.a
LOAD c:/program files (x86)/cypress/psoc creator/4.4/psoc creator/import/gnu/arm/5.4.1/bin/../lib/gcc/arm-none-eabi/5.4.1/../../../../arm-none-eabi/lib/armv7e-m/softfp\libg_nano.a
LOAD c:/program files (x86)/cypress/psoc creator/4.4/psoc creator/import/gnu/arm/5.4.1/bin/../lib/gcc/arm-none-eabi/5.4.1/../../../../arm-none-eabi/lib/armv7e-m/softfp\libc_nano.a
END GROUP
START GROUP
LOAD c:/program files (x86)/cypress/psoc creator/4.4/psoc creator/import/gnu/arm/5.4.1/bin/../lib/gcc/arm-none-eabi/5.4.1/armv7e-m/softfp\libgcc.a
LOAD c:/program files (x86)/cypress/psoc creator/4.4/psoc creator/import/gnu/arm/5.4.1/bin/../lib/gcc/arm-none-eabi/5.4.1/../../../../arm-none-eabi/lib/armv7e-m/softfp\libc_nano.a
END GROUP
LOAD c:/program files (x86)/cypress/psoc creator/4.4/psoc creator/import/gnu/arm/5.4.1/bin/../lib/gcc/arm-none-eabi/5.4.1/armv7e-m/softfp/crtend.o
LOAD c:/program files (x86)/cypress/psoc creator/4.4/psoc creator/import/gnu/arm/5.4.1/bin/../lib/gcc/arm-none-eabi/5.4.1/armv7e-m/softfp/crtn.o
START GROUP
LOAD c:/program files (x86)/cypress/psoc creator/4.4/psoc creator/import/gnu/arm/5.4.1/bin/../lib/gcc/arm-none-eabi/5.4.1/armv7e-m/softfp\libgcc.a
LOAD c:/program files (x86)/cypress/psoc creator/4.4/psoc creator/import/gnu/arm/5.4.1/bin/../lib/gcc/arm-none-eabi/5.4.1/../../../../arm-none-eabi/lib/armv7e-m/softfp\libc.a
LOAD c:/program files (x86)/cypress/psoc creator/4.4/psoc creator/import/gnu/arm/5.4.1/bin/../lib/gcc/arm-none-eabi/5.4.1/../../../../arm-none-eabi/lib/armv7e-m/softfp\libnosys.a
END GROUP
START GROUP
LOAD c:/program files (x86)/cypress/psoc creator/4.4/psoc creator/import/gnu/arm/5.4.1/bin/../lib/gcc/arm-none-eabi/5.4.1/armv7e-m/softfp\libgcc.a
LOAD c:/program files (x86)/cypress/psoc creator/4.4/psoc creator/import/gnu/arm/5.4.1/bin/../lib/gcc/arm-none-eabi/5.4.1/../../../../arm-none-eabi/lib/armv7e-m/softfp\libc.a
LOAD c:/program files (x86)/cypress/psoc creator/4.4/psoc creator/import/gnu/arm/5.4.1/bin/../lib/gcc/arm-none-eabi/5.4.1/../../../../arm-none-eabi/lib/armv7e-m/softfp\libm.a
LOAD c:/program files (x86)/cypress/psoc creator/4.4/psoc creator/import/gnu/arm/5.4.1/bin/../lib/gcc/arm-none-eabi/5.4.1/../../../../arm-none-eabi/lib/armv7e-m/softfp\libnosys.a
END GROUP

.text           0x10080000     0x35f4
                0x10080000                . = ALIGN (0x4)
                0x10080000                __Vectors = .
 *(.vectors)
 .vectors       0x10080000      0x28c .\CortexM4\ARM_GCC_541\Debug\startup_psoc6_01_cm4.o
                0x1008028c                . = ALIGN (0x4)
                0x1008028c                __Vectors_End = .
                0x0000028c                __Vectors_Size = (__Vectors_End - __Vectors)
                0x1008028c                __end__ = .
                0x1008028c                . = ALIGN (0x4)
 *(.text*)
 .text          0x1008028c       0x5c c:/program files (x86)/cypress/psoc creator/4.4/psoc creator/import/gnu/arm/5.4.1/bin/../lib/gcc/arm-none-eabi/5.4.1/armv7e-m/softfp/crtbegin.o
 .text          0x100802e8       0x84 .\CortexM4\ARM_GCC_541\Debug\startup_psoc6_01_cm4.o
                0x100802e8                Cy_OnResetUser
                0x100802ea                Reset_Handler
                0x1008034c                cpuss_interrupts_ipc_6_IRQHandler
                0x1008034c                DebugMon_Handler
                0x1008034c                tcpwm_1_interrupts_11_IRQHandler
                0x1008034c                cpuss_interrupts_ipc_0_IRQHandler
                0x1008034c                tcpwm_1_interrupts_15_IRQHandler
                0x1008034c                ioss_interrupts_gpio_13_IRQHandler
                0x1008034c                tcpwm_1_interrupts_13_IRQHandler
                0x1008034c                cpuss_interrupts_dw1_8_IRQHandler
                0x1008034c                tcpwm_0_interrupts_0_IRQHandler
                0x1008034c                SysTick_Handler
                0x1008034c                cpuss_interrupt_fm_IRQHandler
                0x1008034c                cpuss_interrupts_ipc_7_IRQHandler
                0x1008034c                tcpwm_1_interrupts_14_IRQHandler
                0x1008034c                cpuss_interrupts_dw0_5_IRQHandler
                0x1008034c                tcpwm_1_interrupts_9_IRQHandler
                0x1008034c                cpuss_interrupts_cm0_cti_1_IRQHandler
                0x1008034c                tcpwm_1_interrupts_22_IRQHandler
                0x1008034c                cpuss_interrupts_dw0_4_IRQHandler
                0x1008034c                PendSV_Handler
                0x1008034c                NMI_Handler
                0x1008034c                cpuss_interrupts_dw1_12_IRQHandler
                0x1008034c                tcpwm_1_interrupts_12_IRQHandler
                0x1008034c                smif_interrupt_IRQHandler
                0x1008034c                tcpwm_1_interrupts_2_IRQHandler
                0x1008034c                cpuss_interrupts_ipc_13_IRQHandler
                0x1008034c                udb_interrupts_11_IRQHandler
                0x1008034c                tcpwm_1_interrupts_18_IRQHandler
                0x1008034c                cpuss_interrupts_dw0_11_IRQHandler
                0x1008034c                tcpwm_0_interrupts_2_IRQHandler
                0x1008034c                cpuss_interrupts_dw0_13_IRQHandler
                0x1008034c                udb_interrupts_2_IRQHandler
                0x1008034c                cpuss_interrupts_dw1_7_IRQHandler
                0x1008034c                ioss_interrupts_gpio_1_IRQHandler
                0x1008034c                ioss_interrupts_gpio_7_IRQHandler
                0x1008034c                scb_5_interrupt_IRQHandler
                0x1008034c                udb_interrupts_6_IRQHandler
                0x1008034c                cpuss_interrupts_fault_1_IRQHandler
                0x1008034c                cpuss_interrupts_ipc_4_IRQHandler
                0x1008034c                cpuss_interrupts_ipc_5_IRQHandler
                0x1008034c                cpuss_interrupts_dw1_10_IRQHandler
                0x1008034c                udb_interrupts_0_IRQHandler
                0x1008034c                tcpwm_1_interrupts_6_IRQHandler
                0x1008034c                scb_4_interrupt_IRQHandler
                0x1008034c                pass_interrupt_dacs_IRQHandler
                0x1008034c                ioss_interrupts_gpio_2_IRQHandler
                0x1008034c                cpuss_interrupts_dw1_9_IRQHandler
                0x1008034c                cpuss_interrupts_dw1_13_IRQHandler
                0x1008034c                scb_2_interrupt_IRQHandler
                0x1008034c                cpuss_interrupts_cm0_cti_0_IRQHandler
                0x1008034c                udb_interrupts_5_IRQHandler
                0x1008034c                srss_interrupt_IRQHandler
                0x1008034c                udb_interrupts_12_IRQHandler
                0x1008034c                scb_0_interrupt_IRQHandler
                0x1008034c                csd_interrupt_IRQHandler
                0x1008034c                udb_interrupts_1_IRQHandler
                0x1008034c                profile_interrupt_IRQHandler
                0x1008034c                tcpwm_1_interrupts_1_IRQHandler
                0x1008034c                cpuss_interrupts_ipc_12_IRQHandler
                0x1008034c                tcpwm_1_interrupts_3_IRQHandler
                0x1008034c                tcpwm_0_interrupts_7_IRQHandler
                0x1008034c                cpuss_interrupts_dw1_1_IRQHandler
                0x1008034c                cpuss_interrupts_dw1_0_IRQHandler
                0x1008034c                cpuss_interrupts_dw0_9_IRQHandler
                0x1008034c                lpcomp_interrupt_IRQHandler
                0x1008034c                tcpwm_1_interrupts_23_IRQHandler
                0x1008034c                udb_interrupts_4_IRQHandler
                0x1008034c                tcpwm_1_interrupts_20_IRQHandler
                0x1008034c                ioss_interrupt_gpio_IRQHandler
                0x1008034c                tcpwm_0_interrupts_1_IRQHandler
                0x1008034c                ioss_interrupts_gpio_8_IRQHandler
                0x1008034c                tcpwm_0_interrupts_6_IRQHandler
                0x1008034c                scb_7_interrupt_IRQHandler
                0x1008034c                tcpwm_1_interrupts_7_IRQHandler
                0x1008034c                cpuss_interrupts_ipc_11_IRQHandler
                0x1008034c                udb_interrupts_13_IRQHandler
                0x1008034c                cpuss_interrupts_dw0_15_IRQHandler
                0x1008034c                udb_interrupts_7_IRQHandler
                0x1008034c                cpuss_interrupts_dw1_6_IRQHandler
                0x1008034c                cpuss_interrupt_crypto_IRQHandler
                0x1008034c                scb_1_interrupt_IRQHandler
                0x1008034c                Default_Handler
                0x1008034c                usb_interrupt_hi_IRQHandler
                0x1008034c                tcpwm_1_interrupts_0_IRQHandler
                0x1008034c                udb_interrupts_9_IRQHandler
                0x1008034c                audioss_interrupt_pdm_IRQHandler
                0x1008034c                srss_interrupt_mcwdt_0_IRQHandler
                0x1008034c                scb_3_interrupt_IRQHandler
                0x1008034c                pass_interrupt_ctbs_IRQHandler
                0x1008034c                udb_interrupts_8_IRQHandler
                0x1008034c                ioss_interrupts_gpio_3_IRQHandler
                0x1008034c                scb_6_interrupt_IRQHandler
                0x1008034c                cpuss_interrupts_cm4_cti_0_IRQHandler
                0x1008034c                cpuss_interrupts_dw1_3_IRQHandler
                0x1008034c                pass_interrupt_sar_IRQHandler
                0x1008034c                ioss_interrupts_gpio_0_IRQHandler
                0x1008034c                ioss_interrupts_gpio_14_IRQHandler
                0x1008034c                tcpwm_0_interrupts_4_IRQHandler
                0x1008034c                udb_interrupts_3_IRQHandler
                0x1008034c                tcpwm_0_interrupts_5_IRQHandler
                0x1008034c                cpuss_interrupts_ipc_15_IRQHandler
                0x1008034c                cpuss_interrupts_cm4_cti_1_IRQHandler
                0x1008034c                scb_8_interrupt_IRQHandler
                0x1008034c                srss_interrupt_mcwdt_1_IRQHandler
                0x1008034c                cpuss_interrupts_dw1_2_IRQHandler
                0x1008034c                SVC_Handler
                0x1008034c                cpuss_interrupts_dw1_5_IRQHandler
                0x1008034c                cpuss_interrupts_ipc_1_IRQHandler
                0x1008034c                cpuss_interrupts_dw0_0_IRQHandler
                0x1008034c                ioss_interrupts_gpio_12_IRQHandler
                0x1008034c                cpuss_interrupts_ipc_3_IRQHandler
                0x1008034c                tcpwm_1_interrupts_17_IRQHandler
                0x1008034c                srss_interrupt_backup_IRQHandler
                0x1008034c                bless_interrupt_IRQHandler
                0x1008034c                cpuss_interrupts_ipc_10_IRQHandler
                0x1008034c                cpuss_interrupts_ipc_9_IRQHandler
                0x1008034c                cpuss_interrupts_dw0_14_IRQHandler
                0x1008034c                tcpwm_1_interrupts_4_IRQHandler
                0x1008034c                tcpwm_0_interrupts_3_IRQHandler
                0x1008034c                cpuss_interrupts_dw1_15_IRQHandler
                0x1008034c                ioss_interrupts_gpio_10_IRQHandler
                0x1008034c                udb_interrupts_10_IRQHandler
                0x1008034c                cpuss_interrupts_dw0_8_IRQHandler
                0x1008034c                ioss_interrupts_gpio_11_IRQHandler
                0x1008034c                cpuss_interrupts_ipc_14_IRQHandler
                0x1008034c                ioss_interrupts_gpio_5_IRQHandler
                0x1008034c                ioss_interrupts_gpio_4_IRQHandler
                0x1008034c                tcpwm_1_interrupts_8_IRQHandler
                0x1008034c                cpuss_interrupts_dw1_14_IRQHandler
                0x1008034c                usb_interrupt_med_IRQHandler
                0x1008034c                cpuss_interrupts_dw0_2_IRQHandler
                0x1008034c                tcpwm_1_interrupts_10_IRQHandler
                0x1008034c                cpuss_interrupts_fault_0_IRQHandler
                0x1008034c                cpuss_interrupts_dw0_12_IRQHandler
                0x1008034c                ioss_interrupts_gpio_6_IRQHandler
                0x1008034c                tcpwm_1_interrupts_21_IRQHandler
                0x1008034c                tcpwm_1_interrupts_16_IRQHandler
                0x1008034c                cpuss_interrupts_dw1_4_IRQHandler
                0x1008034c                udb_interrupts_15_IRQHandler
                0x1008034c                cpuss_interrupts_dw1_11_IRQHandler
                0x1008034c                cpuss_interrupts_dw0_6_IRQHandler
                0x1008034c                ioss_interrupt_vdd_IRQHandler
                0x1008034c                cpuss_interrupts_dw0_7_IRQHandler
                0x1008034c                audioss_interrupt_i2s_IRQHandler
                0x1008034c                tcpwm_1_interrupts_5_IRQHandler
                0x1008034c                cpuss_interrupts_ipc_2_IRQHandler
                0x1008034c                cpuss_interrupts_dw0_10_IRQHandler
                0x1008034c                tcpwm_1_interrupts_19_IRQHandler
                0x1008034c                cpuss_interrupts_dw0_1_IRQHandler
                0x1008034c                ioss_interrupts_gpio_9_IRQHandler
                0x1008034c                usb_interrupt_lo_IRQHandler
                0x1008034c                cpuss_interrupts_ipc_8_IRQHandler
                0x1008034c                udb_interrupts_14_IRQHandler
                0x1008034c                cpuss_interrupts_dw0_3_IRQHandler
                0x10080350                UsageFault_Handler
                0x10080350                HardFault_Handler
                0x10080350                MemManage_Handler
                0x10080350                BusFault_Handler
 .text.__NVIC_EnableIRQ
                0x1008036c       0x3c .\CortexM4\ARM_GCC_541\Debug\main_cm4.o
 .text.Cy_CTDAC_SetValueBuffered
                0x100803a8       0x24 .\CortexM4\ARM_GCC_541\Debug\main_cm4.o
 .text.Cy_CTDAC_GetInterruptStatus
                0x100803cc       0x1c .\CortexM4\ARM_GCC_541\Debug\main_cm4.o
 .text.Cy_CTDAC_ClearInterrupt
                0x100803e8       0x20 .\CortexM4\ARM_GCC_541\Debug\main_cm4.o
 .text.VDAC_1_SetValueBuffered
                0x10080408       0x1c .\CortexM4\ARM_GCC_541\Debug\main_cm4.o
 .text.VDAC_1_GetInterruptStatus
                0x10080424       0x14 .\CortexM4\ARM_GCC_541\Debug\main_cm4.o
 .text.VDAC_1_ClearInterrupt
                0x10080438       0x14 .\CortexM4\ARM_GCC_541\Debug\main_cm4.o
 *fill*         0x1008044c        0x4 
 .text.main     0x10080450      0x1b0 .\CortexM4\ARM_GCC_541\Debug\main_cm4.o
                0x10080450                main
 .text.userIsr  0x10080600      0x104 .\CortexM4\ARM_GCC_541\Debug\main_cm4.o
                0x10080600                userIsr
 .text.SystemInit
                0x10080704       0x4c .\CortexM4\ARM_GCC_541\Debug\system_psoc6_cm4.o
                0x10080704                SystemInit
 .text.Cy_SystemInit
                0x10080750       0x10 .\CortexM4\ARM_GCC_541\Debug\system_psoc6_cm4.o
                0x10080750                Cy_SystemInit
 .text.SystemCoreClockUpdate
                0x10080760      0x300 .\CortexM4\ARM_GCC_541\Debug\system_psoc6_cm4.o
                0x10080760                SystemCoreClockUpdate
 .text.Cy_SystemInitFpuEnable
                0x10080a60       0x38 .\CortexM4\ARM_GCC_541\Debug\system_psoc6_cm4.o
                0x10080a60                Cy_SystemInitFpuEnable
 .text.Cy_SysIpcPipeIsrCm4
                0x10080a98       0x10 .\CortexM4\ARM_GCC_541\Debug\system_psoc6_cm4.o
                0x10080a98                Cy_SysIpcPipeIsrCm4
 .text.Cy_CTDAC_Enable
                0x10080aa8       0x20 .\CortexM4\ARM_GCC_541\Debug\VDAC_1.o
 .text.Cy_CTB_Enable
                0x10080ac8       0x20 .\CortexM4\ARM_GCC_541\Debug\VDAC_1.o
 .text.VDAC_1_Enable
                0x10080ae8       0x1c .\CortexM4\ARM_GCC_541\Debug\VDAC_1.o
 .text.VDAC_1_Init
                0x10080b04       0x2c .\CortexM4\ARM_GCC_541\Debug\VDAC_1.o
 .text.VDAC_1_Start
                0x10080b30       0x24 .\CortexM4\ARM_GCC_541\Debug\VDAC_1.o
                0x10080b30                VDAC_1_Start
 .text.Cy_CTB_OpampInit
                0x10080b54      0x238 .\CortexM4\ARM_GCC_541\Debug\cy_ctb.o
                0x10080b54                Cy_CTB_OpampInit
 .text.__NVIC_EnableIRQ
                0x10080d8c       0x3c .\CortexM4\ARM_GCC_541\Debug\cy_flash.o
 .text.Cy_SysClk_ClkPeriGetDivider
                0x10080dc8       0x2c .\CortexM4\ARM_GCC_541\Debug\cy_flash.o
 .text.Cy_SysClk_ClkSlowGetDivider
                0x10080df4       0x2c .\CortexM4\ARM_GCC_541\Debug\cy_flash.o
 .text.Cy_IPC_Drv_GetIpcBaseAddress
                0x10080e20       0x4c .\CortexM4\ARM_GCC_541\Debug\cy_flash.o
 .text.Cy_IPC_Drv_ReadDataValue
                0x10080e6c       0x18 .\CortexM4\ARM_GCC_541\Debug\cy_flash.o
 .text.Cy_IPC_Drv_IsLockAcquired
                0x10080e84       0x30 .\CortexM4\ARM_GCC_541\Debug\cy_flash.o
 .text.Cy_IPC_Drv_SendMsgPtr
                0x10080eb4       0x38 .\CortexM4\ARM_GCC_541\Debug\cy_flash.o
 .text.Cy_Flash_InitExt
                0x10080eec       0x8c .\CortexM4\ARM_GCC_541\Debug\cy_flash.o
                0x10080eec                Cy_Flash_InitExt
 .text.Cy_Flash_Init
                0x10080f78       0x14 .\CortexM4\ARM_GCC_541\Debug\cy_flash.o
                0x10080f78                Cy_Flash_Init
 .text.Cy_Flash_ProcessOpcode
                0x10080f8c       0xf8 .\CortexM4\ARM_GCC_541\Debug\cy_flash.o
 .text.Cy_Flash_OperationStatus
                0x10081084       0x60 .\CortexM4\ARM_GCC_541\Debug\cy_flash.o
 .text.Cy_IPC_Drv_AcquireNotify
                0x100810e4       0x34 .\CortexM4\ARM_GCC_541\Debug\cy_ipc_drv.o
 .text.Cy_IPC_Drv_ReleaseNotify
                0x10081118       0x34 .\CortexM4\ARM_GCC_541\Debug\cy_ipc_drv.o
 .text.Cy_IPC_Drv_WriteDataValue
                0x1008114c       0x1c .\CortexM4\ARM_GCC_541\Debug\cy_ipc_drv.o
 .text.Cy_IPC_Drv_ReadDataValue
                0x10081168       0x18 .\CortexM4\ARM_GCC_541\Debug\cy_ipc_drv.o
 .text.Cy_IPC_Drv_IsLockAcquired
                0x10081180       0x30 .\CortexM4\ARM_GCC_541\Debug\cy_ipc_drv.o
 .text.Cy_IPC_Drv_LockAcquire
                0x100811b0       0x2c .\CortexM4\ARM_GCC_541\Debug\cy_ipc_drv.o
 .text.Cy_IPC_Drv_LockRelease
                0x100811dc       0x38 .\CortexM4\ARM_GCC_541\Debug\cy_ipc_drv.o
                0x100811dc                Cy_IPC_Drv_LockRelease
 .text.Cy_IPC_Drv_SendMsgWord
                0x10081214       0x40 .\CortexM4\ARM_GCC_541\Debug\cy_ipc_drv.o
                0x10081214                Cy_IPC_Drv_SendMsgWord
 .text.Cy_IPC_Drv_ReadMsgWord
                0x10081254       0x4c .\CortexM4\ARM_GCC_541\Debug\cy_ipc_drv.o
                0x10081254                Cy_IPC_Drv_ReadMsgWord
 .text.Cy_IPC_Drv_GetIpcBaseAddress
                0x100812a0       0x4c .\CortexM4\ARM_GCC_541\Debug\cy_ipc_sema.o
 .text.Cy_IPC_Drv_ReadDataValue
                0x100812ec       0x18 .\CortexM4\ARM_GCC_541\Debug\cy_ipc_sema.o
 .text.Cy_IPC_Drv_SendMsgPtr
                0x10081304       0x38 .\CortexM4\ARM_GCC_541\Debug\cy_ipc_sema.o
 .text.Cy_IPC_Drv_LockAcquire
                0x1008133c       0x2c .\CortexM4\ARM_GCC_541\Debug\cy_ipc_sema.o
 .text.Cy_IPC_Sema_Init
                0x10081368       0x6c .\CortexM4\ARM_GCC_541\Debug\cy_ipc_sema.o
                0x10081368                Cy_IPC_Sema_Init
 .text.Cy_IPC_Sema_InitExt
                0x100813d4       0xbc .\CortexM4\ARM_GCC_541\Debug\cy_ipc_sema.o
                0x100813d4                Cy_IPC_Sema_InitExt
 .text.Cy_IPC_Sema_Clear
                0x10081490       0xe0 .\CortexM4\ARM_GCC_541\Debug\cy_ipc_sema.o
                0x10081490                Cy_IPC_Sema_Clear
 .text.Cy_IPC_Sema_Status
                0x10081570       0x74 .\CortexM4\ARM_GCC_541\Debug\cy_ipc_sema.o
                0x10081570                Cy_IPC_Sema_Status
 .text.__NVIC_EnableIRQ
                0x100815e4       0x3c .\CortexM4\ARM_GCC_541\Debug\cy_ipc_pipe.o
 .text.Cy_IPC_Drv_GetIpcBaseAddress
                0x10081620       0x4c .\CortexM4\ARM_GCC_541\Debug\cy_ipc_pipe.o
 .text.Cy_IPC_Drv_GetIntrBaseAddr
                0x1008166c       0x44 .\CortexM4\ARM_GCC_541\Debug\cy_ipc_pipe.o
 .text.Cy_IPC_Drv_SetInterruptMask
                0x100816b0       0x50 .\CortexM4\ARM_GCC_541\Debug\cy_ipc_pipe.o
 .text.Cy_IPC_Drv_GetInterruptStatusMasked
                0x10081700       0x18 .\CortexM4\ARM_GCC_541\Debug\cy_ipc_pipe.o
 .text.Cy_IPC_Drv_GetInterruptStatus
                0x10081718       0x18 .\CortexM4\ARM_GCC_541\Debug\cy_ipc_pipe.o
 .text.Cy_IPC_Drv_ClearInterrupt
                0x10081730       0x54 .\CortexM4\ARM_GCC_541\Debug\cy_ipc_pipe.o
 .text.Cy_IPC_Drv_AcquireNotify
                0x10081784       0x34 .\CortexM4\ARM_GCC_541\Debug\cy_ipc_pipe.o
 .text.Cy_IPC_Drv_WriteDataValue
                0x100817b8       0x1c .\CortexM4\ARM_GCC_541\Debug\cy_ipc_pipe.o
 .text.Cy_IPC_Drv_IsLockAcquired
                0x100817d4       0x30 .\CortexM4\ARM_GCC_541\Debug\cy_ipc_pipe.o
 .text.Cy_IPC_Drv_ExtractAcquireMask
                0x10081804       0x18 .\CortexM4\ARM_GCC_541\Debug\cy_ipc_pipe.o
 .text.Cy_IPC_Drv_ExtractReleaseMask
                0x1008181c       0x18 .\CortexM4\ARM_GCC_541\Debug\cy_ipc_pipe.o
 .text.Cy_IPC_Drv_ReadMsgPtr
                0x10081834       0x30 .\CortexM4\ARM_GCC_541\Debug\cy_ipc_pipe.o
 .text.Cy_IPC_Drv_LockAcquire
                0x10081864       0x2c .\CortexM4\ARM_GCC_541\Debug\cy_ipc_pipe.o
 .text.Cy_IPC_Pipe_Config
                0x10081890       0x28 .\CortexM4\ARM_GCC_541\Debug\cy_ipc_pipe.o
                0x10081890                Cy_IPC_Pipe_Config
 .text.Cy_IPC_Pipe_Init
                0x100818b8       0xd8 .\CortexM4\ARM_GCC_541\Debug\cy_ipc_pipe.o
                0x100818b8                Cy_IPC_Pipe_Init
 .text.Cy_IPC_Pipe_EndpointInit
                0x10081990       0xac .\CortexM4\ARM_GCC_541\Debug\cy_ipc_pipe.o
                0x10081990                Cy_IPC_Pipe_EndpointInit
 .text.Cy_IPC_Pipe_SendMessage
                0x10081a3c       0xf8 .\CortexM4\ARM_GCC_541\Debug\cy_ipc_pipe.o
                0x10081a3c                Cy_IPC_Pipe_SendMessage
 .text.Cy_IPC_Pipe_RegisterCallback
                0x10081b34       0x78 .\CortexM4\ARM_GCC_541\Debug\cy_ipc_pipe.o
                0x10081b34                Cy_IPC_Pipe_RegisterCallback
 .text.Cy_IPC_Pipe_ExecuteCallback
                0x10081bac       0x40 .\CortexM4\ARM_GCC_541\Debug\cy_ipc_pipe.o
                0x10081bac                Cy_IPC_Pipe_ExecuteCallback
 .text.Cy_IPC_Pipe_ExecCallback
                0x10081bec      0x150 .\CortexM4\ARM_GCC_541\Debug\cy_ipc_pipe.o
                0x10081bec                Cy_IPC_Pipe_ExecCallback
 .text.__NVIC_SetPriority
                0x10081d3c       0x54 .\CortexM4\ARM_GCC_541\Debug\cy_sysint.o
 .text.Cy_SysInt_Init
                0x10081d90       0x70 .\CortexM4\ARM_GCC_541\Debug\cy_sysint.o
                0x10081d90                Cy_SysInt_Init
 .text.Cy_SysInt_SetVector
                0x10081e00       0x6c .\CortexM4\ARM_GCC_541\Debug\cy_sysint.o
                0x10081e00                Cy_SysInt_SetVector
 .text.Cy_SysLib_Halt
                0x10081e6c        0xc .\CortexM4\ARM_GCC_541\Debug\cy_syslib.o
                0x10081e6c                Cy_SysLib_Halt
 .text.Cy_SysLib_AssertFailed
                0x10081e78       0x28 .\CortexM4\ARM_GCC_541\Debug\cy_syslib.o
                0x10081e78                Cy_SysLib_AssertFailed
 .text.Cy_SysLib_FaultHandler
                0x10081ea0      0x11c .\CortexM4\ARM_GCC_541\Debug\cy_syslib.o
                0x10081ea0                Cy_SysLib_FaultHandler
 .text.Cy_SysLib_ProcessingFault
                0x10081fbc        0x8 .\CortexM4\ARM_GCC_541\Debug\cy_syslib.o
                0x10081fbc                Cy_SysLib_ProcessingFault
 *fill*         0x10081fc4        0x4 
 .text          0x10081fc8       0x20 .\CortexM4\ARM_GCC_541\Debug\cy_syslib_gcc.o
                0x10081fc8                Cy_SysLib_DelayCycles
                0x10081fda                Cy_SysLib_EnterCriticalSection
                0x10081fe2                Cy_SysLib_ExitCriticalSection
 .text.Cy_SysLib_GetDeviceRevision
                0x10081fe8       0x28 .\CortexM4\ARM_GCC_541\Debug\cy_syspm.o
 .text.Cy_PDL_Init
                0x10082010       0x20 .\CortexM4\ARM_GCC_541\Debug\cy_device.o
                0x10082010                Cy_PDL_Init
 .text.Cy_SysClk_PeriphSetDivider
                0x10082030       0xe0 .\CortexM4\ARM_GCC_541\Debug\cy_ctdac.o
 .text.Cy_SysClk_PeriphSetFracDivider
                0x10082110      0x16c .\CortexM4\ARM_GCC_541\Debug\cy_ctdac.o
 .text.Cy_SysClk_PeriphAssignDivider
                0x1008227c       0xb0 .\CortexM4\ARM_GCC_541\Debug\cy_ctdac.o
 .text.Cy_SysClk_PeriphEnableDivider
                0x1008232c       0xd0 .\CortexM4\ARM_GCC_541\Debug\cy_ctdac.o
 .text.Cy_SysClk_PeriphDisableDivider
                0x100823fc       0xa0 .\CortexM4\ARM_GCC_541\Debug\cy_ctdac.o
 .text.Cy_CTDAC_Init
                0x1008249c      0x250 .\CortexM4\ARM_GCC_541\Debug\cy_ctdac.o
                0x1008249c                Cy_CTDAC_Init
 .text.Cy_CTDAC_ConfigureClock
                0x100826ec       0xb4 .\CortexM4\ARM_GCC_541\Debug\cy_ctdac.o
 .text          0x100827a0      0x370 c:/program files (x86)/cypress/psoc creator/4.4/psoc creator/import/gnu/arm/5.4.1/bin/../lib/gcc/arm-none-eabi/5.4.1/armv7e-m/softfp\libgcc.a(_arm_addsubdf3.o)
                0x100827a0                __aeabi_drsub
                0x100827a8                __aeabi_dsub
                0x100827a8                __subdf3
                0x100827ac                __aeabi_dadd
                0x100827ac                __adddf3
                0x10082a24                __floatunsidf
                0x10082a24                __aeabi_ui2d
                0x10082a44                __floatsidf
                0x10082a44                __aeabi_i2d
                0x10082a68                __aeabi_f2d
                0x10082a68                __extendsfdf2
                0x10082aa4                __floatundidf
                0x10082aa4                __aeabi_ul2d
                0x10082ab4                __floatdidf
                0x10082ab4                __aeabi_l2d
 .text          0x10082b10      0x424 c:/program files (x86)/cypress/psoc creator/4.4/psoc creator/import/gnu/arm/5.4.1/bin/../lib/gcc/arm-none-eabi/5.4.1/armv7e-m/softfp\libgcc.a(_arm_muldivdf3.o)
                0x10082b10                __aeabi_dmul
                0x10082b10                __muldf3
                0x10082d64                __divdf3
                0x10082d64                __aeabi_ddiv
 .text          0x10082f34       0x50 c:/program files (x86)/cypress/psoc creator/4.4/psoc creator/import/gnu/arm/5.4.1/bin/../lib/gcc/arm-none-eabi/5.4.1/armv7e-m/softfp\libgcc.a(_arm_fixdfsi.o)
                0x10082f34                __aeabi_d2iz
                0x10082f34                __fixdfsi
 .text          0x10082f84       0xa0 c:/program files (x86)/cypress/psoc creator/4.4/psoc creator/import/gnu/arm/5.4.1/bin/../lib/gcc/arm-none-eabi/5.4.1/armv7e-m/softfp\libgcc.a(_arm_truncdfsf2.o)
                0x10082f84                __truncdfsf2
                0x10082f84                __aeabi_d2f
 .text.memset   0x10083024       0x10 c:/program files (x86)/cypress/psoc creator/4.4/psoc creator/import/gnu/arm/5.4.1/bin/../lib/gcc/arm-none-eabi/5.4.1/../../../../arm-none-eabi/lib/armv7e-m/softfp\libg_nano.a(lib_a-memset.o)
                0x10083024                memset
 .text.strncpy  0x10083034       0x26 c:/program files (x86)/cypress/psoc creator/4.4/psoc creator/import/gnu/arm/5.4.1/bin/../lib/gcc/arm-none-eabi/5.4.1/../../../../arm-none-eabi/lib/armv7e-m/softfp\libg_nano.a(lib_a-strncpy.o)
                0x10083034                strncpy
 *(.init)
 *fill*         0x1008305a        0x2 
 .init          0x1008305c        0x4 c:/program files (x86)/cypress/psoc creator/4.4/psoc creator/import/gnu/arm/5.4.1/bin/../lib/gcc/arm-none-eabi/5.4.1/armv7e-m/softfp/crti.o
                0x1008305c                _init
 .init          0x10083060        0x8 c:/program files (x86)/cypress/psoc creator/4.4/psoc creator/import/gnu/arm/5.4.1/bin/../lib/gcc/arm-none-eabi/5.4.1/armv7e-m/softfp/crtn.o
 *(.fini)
 .fini          0x10083068        0x4 c:/program files (x86)/cypress/psoc creator/4.4/psoc creator/import/gnu/arm/5.4.1/bin/../lib/gcc/arm-none-eabi/5.4.1/armv7e-m/softfp/crti.o
                0x10083068                _fini
 .fini          0x1008306c        0x8 c:/program files (x86)/cypress/psoc creator/4.4/psoc creator/import/gnu/arm/5.4.1/bin/../lib/gcc/arm-none-eabi/5.4.1/armv7e-m/softfp/crtn.o
 *crtbegin.o(.ctors)
 *crtbegin?.o(.ctors)
 *(EXCLUDE_FILE(*crtend.o *crtend?.o) .ctors)
 *(SORT(.ctors.*))
 *(.ctors)
 *crtbegin.o(.dtors)
 *crtbegin?.o(.dtors)
 *(EXCLUDE_FILE(*crtend.o *crtend?.o) .dtors)
 *(SORT(.dtors.*))
 *(.dtors)
 *(.rodata .rodata.* .constdata .constdata.* .conststring .conststring.*)
 .rodata        0x10083074       0x34 .\CortexM4\ARM_GCC_541\Debug\system_psoc6_cm4.o
 .rodata        0x100830a8       0x18 .\CortexM4\ARM_GCC_541\Debug\cyfitter_sysint_cfg.o
                0x100830a8                UART_1_SCB_IRQ_cfg
                0x100830b0                ADC_1_IRQ_cfg
                0x100830b8                SysInt_1_cfg
 .rodata        0x100830c0       0x44 .\CortexM4\ARM_GCC_541\Debug\VDAC_1.o
                0x100830c0                VDAC_1_ctdacConfig
                0x100830f4                VDAC_1_outputBufferConfig
 .rodata        0x10083104      0x167 .\CortexM4\ARM_GCC_541\Debug\cy_ctb.o
                0x10083188                Cy_CTB_Fast_Opamp0_Unused
                0x10083194                Cy_CTB_Fast_Opamp0_Comp
                0x100831a0                Cy_CTB_Fast_Opamp0_Opamp1x
                0x100831ac                Cy_CTB_Fast_Opamp0_Opamp10x
                0x100831b8                Cy_CTB_Fast_Opamp0_Diffamp
                0x100831c4                Cy_CTB_Fast_Opamp0_Vdac_Out
                0x100831d0                Cy_CTB_Fast_Opamp0_Vdac_Out_SH
                0x100831dc                Cy_CTB_Fast_Opamp1_Unused
                0x100831e8                Cy_CTB_Fast_Opamp1_Comp
                0x100831f4                Cy_CTB_Fast_Opamp1_Opamp1x
                0x10083200                Cy_CTB_Fast_Opamp1_Opamp10x
                0x1008320c                Cy_CTB_Fast_Opamp1_Diffamp
                0x10083218                Cy_CTB_Fast_Opamp1_Vdac_Ref_Aref
                0x10083224                Cy_CTB_Fast_Opamp1_Vdac_Ref_Pin5
 *fill*         0x1008326b        0x1 
 .rodata        0x1008326c       0x3f .\CortexM4\ARM_GCC_541\Debug\cy_flash.o
 *fill*         0x100832ab        0x1 
 .rodata        0x100832ac       0x7f .\CortexM4\ARM_GCC_541\Debug\cy_ipc_drv.o
 *fill*         0x1008332b        0x1 
 .rodata        0x1008332c       0x3f .\CortexM4\ARM_GCC_541\Debug\cy_ipc_sema.o
 *fill*         0x1008336b        0x1 
 .rodata        0x1008336c       0x80 .\CortexM4\ARM_GCC_541\Debug\cy_ipc_pipe.o
 .rodata        0x100833ec       0x41 .\CortexM4\ARM_GCC_541\Debug\cy_sysint.o
 *fill*         0x1008342d        0x3 
 .rodata        0x10083430      0x170 .\CortexM4\ARM_GCC_541\Debug\cy_device.o
                0x10083430                cy_deviceIpBlockCfgPSoC6_01
                0x100834e8                cy_deviceIpBlockCfgPSoC6_02
 .rodata        0x100835a0       0x4f .\CortexM4\ARM_GCC_541\Debug\cy_ctdac.o
                0x100835a0                Cy_CTDAC_Fast_VddaRef_UnbufferedOut
                0x100835a4                Cy_CTDAC_Fast_VddaRef_BufferedOut
                0x100835a8                Cy_CTDAC_Fast_OA1Ref_UnbufferedOut
                0x100835ac                Cy_CTDAC_Fast_OA1Ref_BufferedOut
 *(.eh_frame*)
 *fill*         0x100835ef        0x1 
 .eh_frame      0x100835f0        0x0 c:/program files (x86)/cypress/psoc creator/4.4/psoc creator/import/gnu/arm/5.4.1/bin/../lib/gcc/arm-none-eabi/5.4.1/armv7e-m/softfp/crtbegin.o
 .eh_frame      0x100835f0        0x4 c:/program files (x86)/cypress/psoc creator/4.4/psoc creator/import/gnu/arm/5.4.1/bin/../lib/gcc/arm-none-eabi/5.4.1/armv7e-m/softfp/crtend.o

.glue_7         0x100835f4        0x0
 .glue_7        0x100835f4        0x0 linker stubs

.glue_7t        0x100835f4        0x0
 .glue_7t       0x100835f4        0x0 linker stubs

.vfp11_veneer   0x100835f4        0x0
 .vfp11_veneer  0x100835f4        0x0 linker stubs

.v4_bx          0x100835f4        0x0
 .v4_bx         0x100835f4        0x0 linker stubs

.iplt           0x100835f4        0x0
 .iplt          0x100835f4        0x0 c:/program files (x86)/cypress/psoc creator/4.4/psoc creator/import/gnu/arm/5.4.1/bin/../lib/gcc/arm-none-eabi/5.4.1/armv7e-m/softfp/crtbegin.o

.ARM.extab
 *(.ARM.extab* .gnu.linkonce.armextab.*)
                0x100835f4                __exidx_start = .

.ARM.exidx
 *(.ARM.exidx* .gnu.linkonce.armexidx.*)
                0x100835f4                __exidx_end = .

.copy.table     0x100835f4       0x18
                0x100835f4                . = ALIGN (0x4)
                0x100835f4                __copy_table_start__ = .
                0x100835f4        0x4 LONG 0x10080000 __Vectors
                0x100835f8        0x4 LONG 0x8024000 __ram_vectors_start__
                0x100835fc        0x4 LONG 0x28c (__Vectors_End - __Vectors)
                0x10083600        0x4 LONG 0x10083614 __etext
                0x10083604        0x4 LONG 0x802428c __data_start__
                0x10083608        0x4 LONG 0x8b4 (__data_end__ - __data_start__)
                0x1008360c                __copy_table_end__ = .

.zero.table     0x1008360c        0x8
                0x1008360c                . = ALIGN (0x4)
                0x1008360c                __zero_table_start__ = .
                0x1008360c        0x4 LONG 0x8024bd4 __bss_start__
                0x10083610        0x4 LONG 0x240 (__bss_end__ - __bss_start__)
                0x10083614                __zero_table_end__ = .
                0x10083614                __etext = .

.ramVectors     0x08024000      0x28c
                0x08024000                __ram_vectors_start__ = .
 *(.ram_vectors)
 .ram_vectors   0x08024000      0x28c .\CortexM4\ARM_GCC_541\Debug\startup_psoc6_01_cm4.o
                0x08024000                __ramVectors
                0x0802428c                __ram_vectors_end__ = .

.data           0x0802428c      0x8b4 load address 0x10083614
                0x0802428c                __data_start__ = .
 *(vtable)
 *(.data*)
 .data          0x0802428c       0x20 .\CortexM4\ARM_GCC_541\Debug\system_psoc6_cm4.o
                0x0802428c                SystemCoreClock
                0x08024290                cy_Hfclk0FreqHz
                0x08024294                cy_PeriClkFreqHz
                0x08024298                cy_BleEcoClockFreqHz
                0x0802429c                cy_delayFreqHz
                0x080242a0                cy_delayFreqKhz
                0x080242a4                cy_delayFreqMhz
                0x080242a8                cy_delay32kMs
                0x080242ac                . = ALIGN (0x4)
                0x080242ac                PROVIDE (__preinit_array_start, .)
 *(.preinit_array)
                0x080242ac                PROVIDE (__preinit_array_end, .)
                0x080242ac                . = ALIGN (0x4)
                0x080242ac                PROVIDE (__init_array_start, .)
 *(SORT(.init_array.*))
 *(.init_array)
 .init_array    0x080242ac        0x4 c:/program files (x86)/cypress/psoc creator/4.4/psoc creator/import/gnu/arm/5.4.1/bin/../lib/gcc/arm-none-eabi/5.4.1/armv7e-m/softfp/crtbegin.o
                0x080242b0                PROVIDE (__init_array_end, .)
                0x080242b0                . = ALIGN (0x4)
                [!provide]                PROVIDE (__fini_array_start, .)
 *(SORT(.fini_array.*))
 *(.fini_array)
 .fini_array    0x080242b0        0x4 c:/program files (x86)/cypress/psoc creator/4.4/psoc creator/import/gnu/arm/5.4.1/bin/../lib/gcc/arm-none-eabi/5.4.1/armv7e-m/softfp/crtbegin.o
                [!provide]                PROVIDE (__fini_array_end, .)
 *(.jcr*)
 .jcr           0x080242b4        0x0 c:/program files (x86)/cypress/psoc creator/4.4/psoc creator/import/gnu/arm/5.4.1/bin/../lib/gcc/arm-none-eabi/5.4.1/armv7e-m/softfp/crtbegin.o
 .jcr           0x080242b4        0x4 c:/program files (x86)/cypress/psoc creator/4.4/psoc creator/import/gnu/arm/5.4.1/bin/../lib/gcc/arm-none-eabi/5.4.1/armv7e-m/softfp/crtend.o
                0x080242b8                . = ALIGN (0x4)
 *(.cy_ramfunc*)
 .cy_ramfunc    0x080242b8      0x3d0 .\CortexM4\ARM_GCC_541\Debug\cy_flash.o
                0x080245b4                Cy_Flash_ResumeIrqHandler
 .cy_ramfunc    0x08024688      0x3e4 .\CortexM4\ARM_GCC_541\Debug\cy_syspm.o
 *fill*         0x08024a6c        0x4 
 .cy_ramfunc.__stub
                0x08024a70       0xd0 linker stubs
                0x08024b40                . = ALIGN (0x4)
                0x08024b40                __data_end__ = .

.igot.plt       0x08024b40        0x0 load address 0x10083ec8
 .igot.plt      0x08024b40        0x0 c:/program files (x86)/cypress/psoc creator/4.4/psoc creator/import/gnu/arm/5.4.1/bin/../lib/gcc/arm-none-eabi/5.4.1/armv7e-m/softfp/crtbegin.o

.noinit         0x08024b40       0x94 load address 0x10083ec8
 *(.noinit)
 .noinit        0x08024b40       0x94 .\CortexM4\ARM_GCC_541\Debug\cy_syslib.o
                0x08024b40                cy_assertFileName
                0x08024b58                cy_assertLine
                0x08024b5c                cy_faultFrame

.bss            0x08024bd4      0x240 load address 0x10083f5c
                0x08024bd4                . = ALIGN (0x4)
                0x08024bd4                __bss_start__ = .
 *(.bss*)
 .bss           0x08024bd4       0x1c c:/program files (x86)/cypress/psoc creator/4.4/psoc creator/import/gnu/arm/5.4.1/bin/../lib/gcc/arm-none-eabi/5.4.1/armv7e-m/softfp/crtbegin.o
 .bss           0x08024bf0       0x24 .\CortexM4\ARM_GCC_541\Debug\main_cm4.o
                0x08024bf0                dac_val
                0x08024bf4                maxVoltConverted
                0x08024bf8                minVoltConverted
                0x08024bfc                initVoltConverted
                0x08024c00                div
                0x08024c04                div_duration
                0x08024c08                cycle_count
                0x08024c0c                cycle_dac
                0x08024c10                dac_direction
 .bss           0x08024c14      0x180 .\CortexM4\ARM_GCC_541\Debug\system_psoc6_cm4.o
 .bss           0x08024d94        0x8 .\CortexM4\ARM_GCC_541\Debug\VDAC_1.o
                0x08024d94                VDAC_1_initVar
 .bss           0x08024d9c       0x28 .\CortexM4\ARM_GCC_541\Debug\cy_flash.o
 .bss           0x08024dc4        0xc .\CortexM4\ARM_GCC_541\Debug\cy_ipc_sema.o
 .bss           0x08024dd0        0x4 .\CortexM4\ARM_GCC_541\Debug\cy_ipc_pipe.o
 .bss           0x08024dd4       0x3c .\CortexM4\ARM_GCC_541\Debug\cy_syspm.o
 *(COMMON)
 COMMON         0x08024e10        0x4 .\CortexM4\ARM_GCC_541\Debug\cy_device.o
                0x08024e10                cy_device
                0x08024e14                . = ALIGN (0x4)
                0x08024e14                __bss_end__ = .

.heap           0x08024e18      0x400
                0x08024e18                __HeapBase = .
                0x08024e18                __end__ = .
                0x08024e18                end = __end__
 *(.heap*)
 .heap          0x08024e18      0x400 .\CortexM4\ARM_GCC_541\Debug\startup_psoc6_01_cm4.o
                0x08025218                __HeapLimit = .

.stack_dummy    0x08024e18     0x1000
 *(.stack*)
 .stack         0x08024e18     0x1000 .\CortexM4\ARM_GCC_541\Debug\startup_psoc6_01_cm4.o
                0x08047800                __StackTop = (ORIGIN (ram) + LENGTH (ram))
                0x08046800                __StackLimit = (__StackTop - SIZEOF (.stack_dummy))
                0x08047800                PROVIDE (__stack, __StackTop)
                0x00000001                ASSERT ((__StackLimit >= __HeapLimit), region RAM overflowed with stack)

.cy_app_signature
 *(.cy_app_signature)

.cy_em_eeprom
 *(.cy_em_eeprom)

.cy_sflash_user_data
 *(.cy_sflash_user_data)

.cy_sflash_nar
 *(.cy_sflash_nar)

.cy_sflash_public_key
 *(.cy_sflash_public_key)

.cy_toc_part2
 *(.cy_toc_part2)

.cy_rtoc_part2
 *(.cy_rtoc_part2)

.cy_xip
 *(.cy_xip)

.cy_efuse
 *(.cy_efuse)

.cymeta         0x90500000        0xc
 *(.cymeta)
 .cymeta        0x90500000        0xc .\CortexM4\ARM_GCC_541\Debug\cymetadata.o
                0x90500000                cy_metadata
                0x10000000                __cy_memory_0_start = 0x10000000
                0x00100000                __cy_memory_0_length = 0x100000
                0x00000200                __cy_memory_0_row_size = 0x200
                0x14000000                __cy_memory_1_start = 0x14000000
                0x00008000                __cy_memory_1_length = 0x8000
                0x00000200                __cy_memory_1_row_size = 0x200
                0x16000000                __cy_memory_2_start = 0x16000000
                0x00008000                __cy_memory_2_length = 0x8000
                0x00000200                __cy_memory_2_row_size = 0x200
                0x18000000                __cy_memory_3_start = 0x18000000
                0x08000000                __cy_memory_3_length = 0x8000000
                0x00000200                __cy_memory_3_row_size = 0x200
                0x90700000                __cy_memory_4_start = 0x90700000
                0x00100000                __cy_memory_4_length = 0x100000
                0x00000001                __cy_memory_4_row_size = 0x1
OUTPUT(D:\OneDrive - UNSW\Documents\thesis\VDAC_Saw_Export.cydsn\CortexM4\ARM_GCC_541\Debug\VDAC_Saw_Export_link.elf elf32-littlearm)

.rel.dyn        0x08024e14        0x0 load address 0x9855f394
 .rel.iplt      0x08024e14        0x0 c:/program files (x86)/cypress/psoc creator/4.4/psoc creator/import/gnu/arm/5.4.1/bin/../lib/gcc/arm-none-eabi/5.4.1/armv7e-m/softfp/crtbegin.o

.ARM.attributes
                0x00000000       0x2e
 .ARM.attributes
                0x00000000       0x22 c:/program files (x86)/cypress/psoc creator/4.4/psoc creator/import/gnu/arm/5.4.1/bin/../lib/gcc/arm-none-eabi/5.4.1/armv7e-m/softfp/crti.o
 .ARM.attributes
                0x00000022       0x32 c:/program files (x86)/cypress/psoc creator/4.4/psoc creator/import/gnu/arm/5.4.1/bin/../lib/gcc/arm-none-eabi/5.4.1/armv7e-m/softfp/crtbegin.o
 .ARM.attributes
                0x00000054       0x1f .\CortexM4\ARM_GCC_541\Debug\startup_psoc6_01_cm4.o
 .ARM.attributes
                0x00000073       0x37 .\CortexM4\ARM_GCC_541\Debug\main_cm4.o
 .ARM.attributes
                0x000000aa       0x37 .\CortexM4\ARM_GCC_541\Debug\system_psoc6_cm4.o
 .ARM.attributes
                0x000000e1       0x37 .\CortexM4\ARM_GCC_541\Debug\cyfitter_sysint_cfg.o
 .ARM.attributes
                0x00000118       0x37 .\CortexM4\ARM_GCC_541\Debug\cymetadata.o
 .ARM.attributes
                0x0000014f       0x37 .\CortexM4\ARM_GCC_541\Debug\VDAC_1.o
 .ARM.attributes
                0x00000186       0x37 .\CortexM4\ARM_GCC_541\Debug\cy_ctb.o
 .ARM.attributes
                0x000001bd       0x37 .\CortexM4\ARM_GCC_541\Debug\cy_flash.o
 .ARM.attributes
                0x000001f4       0x37 .\CortexM4\ARM_GCC_541\Debug\cy_ipc_drv.o
 .ARM.attributes
                0x0000022b       0x37 .\CortexM4\ARM_GCC_541\Debug\cy_ipc_sema.o
 .ARM.attributes
                0x00000262       0x37 .\CortexM4\ARM_GCC_541\Debug\cy_ipc_pipe.o
 .ARM.attributes
                0x00000299       0x37 .\CortexM4\ARM_GCC_541\Debug\cy_sysint.o
 .ARM.attributes
                0x000002d0       0x37 .\CortexM4\ARM_GCC_541\Debug\cy_syslib.o
 .ARM.attributes
                0x00000307       0x25 .\CortexM4\ARM_GCC_541\Debug\cy_syslib_gcc.o
 .ARM.attributes
                0x0000032c       0x37 .\CortexM4\ARM_GCC_541\Debug\cy_syspm.o
 .ARM.attributes
                0x00000363       0x37 .\CortexM4\ARM_GCC_541\Debug\cy_device.o
 .ARM.attributes
                0x0000039a       0x37 .\CortexM4\ARM_GCC_541\Debug\cy_ctdac.o
 .ARM.attributes
                0x000003d1       0x22 c:/program files (x86)/cypress/psoc creator/4.4/psoc creator/import/gnu/arm/5.4.1/bin/../lib/gcc/arm-none-eabi/5.4.1/armv7e-m/softfp\libgcc.a(_arm_addsubdf3.o)
 .ARM.attributes
                0x000003f3       0x22 c:/program files (x86)/cypress/psoc creator/4.4/psoc creator/import/gnu/arm/5.4.1/bin/../lib/gcc/arm-none-eabi/5.4.1/armv7e-m/softfp\libgcc.a(_arm_muldivdf3.o)
 .ARM.attributes
                0x00000415       0x22 c:/program files (x86)/cypress/psoc creator/4.4/psoc creator/import/gnu/arm/5.4.1/bin/../lib/gcc/arm-none-eabi/5.4.1/armv7e-m/softfp\libgcc.a(_arm_fixdfsi.o)
 .ARM.attributes
                0x00000437       0x22 c:/program files (x86)/cypress/psoc creator/4.4/psoc creator/import/gnu/arm/5.4.1/bin/../lib/gcc/arm-none-eabi/5.4.1/armv7e-m/softfp\libgcc.a(_arm_truncdfsf2.o)
 .ARM.attributes
                0x00000459       0x32 c:/program files (x86)/cypress/psoc creator/4.4/psoc creator/import/gnu/arm/5.4.1/bin/../lib/gcc/arm-none-eabi/5.4.1/../../../../arm-none-eabi/lib/armv7e-m/softfp\libg_nano.a(lib_a-memset.o)
 .ARM.attributes
                0x0000048b       0x32 c:/program files (x86)/cypress/psoc creator/4.4/psoc creator/import/gnu/arm/5.4.1/bin/../lib/gcc/arm-none-eabi/5.4.1/../../../../arm-none-eabi/lib/armv7e-m/softfp\libg_nano.a(lib_a-strncpy.o)
 .ARM.attributes
                0x000004bd       0x32 c:/program files (x86)/cypress/psoc creator/4.4/psoc creator/import/gnu/arm/5.4.1/bin/../lib/gcc/arm-none-eabi/5.4.1/armv7e-m/softfp/crtend.o
 .ARM.attributes
                0x000004ef       0x22 c:/program files (x86)/cypress/psoc creator/4.4/psoc creator/import/gnu/arm/5.4.1/bin/../lib/gcc/arm-none-eabi/5.4.1/armv7e-m/softfp/crtn.o

.comment        0x00000000       0x6e
 .comment       0x00000000       0x6e .\CortexM4\ARM_GCC_541\Debug\main_cm4.o
                                 0x6f (size before relaxing)
 .comment       0x0000006e       0x6f .\CortexM4\ARM_GCC_541\Debug\system_psoc6_cm4.o
 .comment       0x0000006e       0x6f .\CortexM4\ARM_GCC_541\Debug\cyfitter_sysint_cfg.o
 .comment       0x0000006e       0x6f .\CortexM4\ARM_GCC_541\Debug\cymetadata.o
 .comment       0x0000006e       0x6f .\CortexM4\ARM_GCC_541\Debug\VDAC_1.o
 .comment       0x0000006e       0x6f .\CortexM4\ARM_GCC_541\Debug\cy_ctb.o
 .comment       0x0000006e       0x6f .\CortexM4\ARM_GCC_541\Debug\cy_flash.o
 .comment       0x0000006e       0x6f .\CortexM4\ARM_GCC_541\Debug\cy_ipc_drv.o
 .comment       0x0000006e       0x6f .\CortexM4\ARM_GCC_541\Debug\cy_ipc_sema.o
 .comment       0x0000006e       0x6f .\CortexM4\ARM_GCC_541\Debug\cy_ipc_pipe.o
 .comment       0x0000006e       0x6f .\CortexM4\ARM_GCC_541\Debug\cy_sysint.o
 .comment       0x0000006e       0x6f .\CortexM4\ARM_GCC_541\Debug\cy_syslib.o
 .comment       0x0000006e       0x6f .\CortexM4\ARM_GCC_541\Debug\cy_syspm.o
 .comment       0x0000006e       0x6f .\CortexM4\ARM_GCC_541\Debug\cy_device.o
 .comment       0x0000006e       0x6f .\CortexM4\ARM_GCC_541\Debug\cy_ctdac.o

.debug_line     0x00000000     0x4d4e
 .debug_line    0x00000000       0x8e .\CortexM4\ARM_GCC_541\Debug\startup_psoc6_01_cm4.o
 .debug_line    0x0000008e      0x520 .\CortexM4\ARM_GCC_541\Debug\main_cm4.o
 .debug_line    0x000005ae      0x411 .\CortexM4\ARM_GCC_541\Debug\system_psoc6_cm4.o
 .debug_line    0x000009bf      0x24f .\CortexM4\ARM_GCC_541\Debug\cyfitter_sysint_cfg.o
 .debug_line    0x00000c0e      0x141 .\CortexM4\ARM_GCC_541\Debug\cymetadata.o
 .debug_line    0x00000d4f      0x419 .\CortexM4\ARM_GCC_541\Debug\VDAC_1.o
 .debug_line    0x00001168      0xba8 .\CortexM4\ARM_GCC_541\Debug\cy_ctb.o
 .debug_line    0x00001d10      0x772 .\CortexM4\ARM_GCC_541\Debug\cy_flash.o
 .debug_line    0x00002482      0x38f .\CortexM4\ARM_GCC_541\Debug\cy_ipc_drv.o
 .debug_line    0x00002811      0x3f5 .\CortexM4\ARM_GCC_541\Debug\cy_ipc_sema.o
 .debug_line    0x00002c06      0x653 .\CortexM4\ARM_GCC_541\Debug\cy_ipc_pipe.o
 .debug_line    0x00003259      0x2e1 .\CortexM4\ARM_GCC_541\Debug\cy_sysint.o
 .debug_line    0x0000353a      0x481 .\CortexM4\ARM_GCC_541\Debug\cy_syslib.o
 .debug_line    0x000039bb       0x89 .\CortexM4\ARM_GCC_541\Debug\cy_syslib_gcc.o
 .debug_line    0x00003a44      0xa8b .\CortexM4\ARM_GCC_541\Debug\cy_syspm.o
 .debug_line    0x000044cf      0x17f .\CortexM4\ARM_GCC_541\Debug\cy_device.o
 .debug_line    0x0000464e      0x700 .\CortexM4\ARM_GCC_541\Debug\cy_ctdac.o

.debug_info     0x00000000    0x12bd8
 .debug_info    0x00000000       0x7d .\CortexM4\ARM_GCC_541\Debug\startup_psoc6_01_cm4.o
 .debug_info    0x0000007d     0x14ef .\CortexM4\ARM_GCC_541\Debug\main_cm4.o
 .debug_info    0x0000156c     0x1ab1 .\CortexM4\ARM_GCC_541\Debug\system_psoc6_cm4.o
 .debug_info    0x0000301d      0x96c .\CortexM4\ARM_GCC_541\Debug\cyfitter_sysint_cfg.o
 .debug_info    0x00003989       0xac .\CortexM4\ARM_GCC_541\Debug\cymetadata.o
 .debug_info    0x00003a35      0xffa .\CortexM4\ARM_GCC_541\Debug\VDAC_1.o
 .debug_info    0x00004a2f     0x1610 .\CortexM4\ARM_GCC_541\Debug\cy_ctb.o
 .debug_info    0x0000603f     0x21ff .\CortexM4\ARM_GCC_541\Debug\cy_flash.o
 .debug_info    0x0000823e      0x816 .\CortexM4\ARM_GCC_541\Debug\cy_ipc_drv.o
 .debug_info    0x00008a54      0x9cc .\CortexM4\ARM_GCC_541\Debug\cy_ipc_sema.o
 .debug_info    0x00009420     0x14c0 .\CortexM4\ARM_GCC_541\Debug\cy_ipc_pipe.o
 .debug_info    0x0000a8e0      0xd9f .\CortexM4\ARM_GCC_541\Debug\cy_sysint.o
 .debug_info    0x0000b67f     0x2488 .\CortexM4\ARM_GCC_541\Debug\cy_syslib.o
 .debug_info    0x0000db07       0xab .\CortexM4\ARM_GCC_541\Debug\cy_syslib_gcc.o
 .debug_info    0x0000dbb2     0x35ca .\CortexM4\ARM_GCC_541\Debug\cy_syspm.o
 .debug_info    0x0001117c      0x552 .\CortexM4\ARM_GCC_541\Debug\cy_device.o
 .debug_info    0x000116ce     0x150a .\CortexM4\ARM_GCC_541\Debug\cy_ctdac.o

.debug_abbrev   0x00000000     0x1cb4
 .debug_abbrev  0x00000000       0x14 .\CortexM4\ARM_GCC_541\Debug\startup_psoc6_01_cm4.o
 .debug_abbrev  0x00000014      0x28b .\CortexM4\ARM_GCC_541\Debug\main_cm4.o
 .debug_abbrev  0x0000029f      0x212 .\CortexM4\ARM_GCC_541\Debug\system_psoc6_cm4.o
 .debug_abbrev  0x000004b1       0xe3 .\CortexM4\ARM_GCC_541\Debug\cyfitter_sysint_cfg.o
 .debug_abbrev  0x00000594       0x5d .\CortexM4\ARM_GCC_541\Debug\cymetadata.o
 .debug_abbrev  0x000005f1      0x21d .\CortexM4\ARM_GCC_541\Debug\VDAC_1.o
 .debug_abbrev  0x0000080e      0x1fb .\CortexM4\ARM_GCC_541\Debug\cy_ctb.o
 .debug_abbrev  0x00000a09      0x2c1 .\CortexM4\ARM_GCC_541\Debug\cy_flash.o
 .debug_abbrev  0x00000cca      0x15f .\CortexM4\ARM_GCC_541\Debug\cy_ipc_drv.o
 .debug_abbrev  0x00000e29      0x188 .\CortexM4\ARM_GCC_541\Debug\cy_ipc_sema.o
 .debug_abbrev  0x00000fb1      0x2b2 .\CortexM4\ARM_GCC_541\Debug\cy_ipc_pipe.o
 .debug_abbrev  0x00001263      0x1f7 .\CortexM4\ARM_GCC_541\Debug\cy_sysint.o
 .debug_abbrev  0x0000145a      0x2e2 .\CortexM4\ARM_GCC_541\Debug\cy_syslib.o
 .debug_abbrev  0x0000173c       0x14 .\CortexM4\ARM_GCC_541\Debug\cy_syslib_gcc.o
 .debug_abbrev  0x00001750      0x29f .\CortexM4\ARM_GCC_541\Debug\cy_syspm.o
 .debug_abbrev  0x000019ef       0x9d .\CortexM4\ARM_GCC_541\Debug\cy_device.o
 .debug_abbrev  0x00001a8c      0x228 .\CortexM4\ARM_GCC_541\Debug\cy_ctdac.o

.debug_aranges  0x00000000      0x7b8
 .debug_aranges
                0x00000000       0x20 .\CortexM4\ARM_GCC_541\Debug\startup_psoc6_01_cm4.o
 .debug_aranges
                0x00000020       0x60 .\CortexM4\ARM_GCC_541\Debug\main_cm4.o
 .debug_aranges
                0x00000080       0x40 .\CortexM4\ARM_GCC_541\Debug\system_psoc6_cm4.o
 .debug_aranges
                0x000000c0       0x18 .\CortexM4\ARM_GCC_541\Debug\cyfitter_sysint_cfg.o
 .debug_aranges
                0x000000d8       0x18 .\CortexM4\ARM_GCC_541\Debug\cymetadata.o
 .debug_aranges
                0x000000f0       0x58 .\CortexM4\ARM_GCC_541\Debug\VDAC_1.o
 .debug_aranges
                0x00000148       0xd8 .\CortexM4\ARM_GCC_541\Debug\cy_ctb.o
 .debug_aranges
                0x00000220       0xf0 .\CortexM4\ARM_GCC_541\Debug\cy_flash.o
 .debug_aranges
                0x00000310       0x60 .\CortexM4\ARM_GCC_541\Debug\cy_ipc_drv.o
 .debug_aranges
                0x00000370       0x68 .\CortexM4\ARM_GCC_541\Debug\cy_ipc_sema.o
 .debug_aranges
                0x000003d8       0xe0 .\CortexM4\ARM_GCC_541\Debug\cy_ipc_pipe.o
 .debug_aranges
                0x000004b8       0x38 .\CortexM4\ARM_GCC_541\Debug\cy_sysint.o
 .debug_aranges
                0x000004f0       0x78 .\CortexM4\ARM_GCC_541\Debug\cy_syslib.o
 .debug_aranges
                0x00000568       0x20 .\CortexM4\ARM_GCC_541\Debug\cy_syslib_gcc.o
 .debug_aranges
                0x00000588      0x170 .\CortexM4\ARM_GCC_541\Debug\cy_syspm.o
 .debug_aranges
                0x000006f8       0x20 .\CortexM4\ARM_GCC_541\Debug\cy_device.o
 .debug_aranges
                0x00000718       0xa0 .\CortexM4\ARM_GCC_541\Debug\cy_ctdac.o

.debug_ranges   0x00000000      0x678
 .debug_ranges  0x00000000       0x50 .\CortexM4\ARM_GCC_541\Debug\main_cm4.o
 .debug_ranges  0x00000050       0x30 .\CortexM4\ARM_GCC_541\Debug\system_psoc6_cm4.o
 .debug_ranges  0x00000080       0x48 .\CortexM4\ARM_GCC_541\Debug\VDAC_1.o
 .debug_ranges  0x000000c8       0xc8 .\CortexM4\ARM_GCC_541\Debug\cy_ctb.o
 .debug_ranges  0x00000190       0xe0 .\CortexM4\ARM_GCC_541\Debug\cy_flash.o
 .debug_ranges  0x00000270       0x50 .\CortexM4\ARM_GCC_541\Debug\cy_ipc_drv.o
 .debug_ranges  0x000002c0       0x58 .\CortexM4\ARM_GCC_541\Debug\cy_ipc_sema.o
 .debug_ranges  0x00000318       0xd0 .\CortexM4\ARM_GCC_541\Debug\cy_ipc_pipe.o
 .debug_ranges  0x000003e8       0x28 .\CortexM4\ARM_GCC_541\Debug\cy_sysint.o
 .debug_ranges  0x00000410       0x68 .\CortexM4\ARM_GCC_541\Debug\cy_syslib.o
 .debug_ranges  0x00000478      0x160 .\CortexM4\ARM_GCC_541\Debug\cy_syspm.o
 .debug_ranges  0x000005d8       0x10 .\CortexM4\ARM_GCC_541\Debug\cy_device.o
 .debug_ranges  0x000005e8       0x90 .\CortexM4\ARM_GCC_541\Debug\cy_ctdac.o

.debug_str      0x00000000     0x7c12
 .debug_str     0x00000000     0x2357 .\CortexM4\ARM_GCC_541\Debug\main_cm4.o
                               0x23f9 (size before relaxing)
 .debug_str     0x00002357      0xb38 .\CortexM4\ARM_GCC_541\Debug\system_psoc6_cm4.o
                               0x232b (size before relaxing)
 .debug_str     0x00002e8f       0x4e .\CortexM4\ARM_GCC_541\Debug\cyfitter_sysint_cfg.o
                               0x17c3 (size before relaxing)
 .debug_str     0x00002edd       0x30 .\CortexM4\ARM_GCC_541\Debug\cymetadata.o
                                0x1bc (size before relaxing)
 .debug_str     0x00002f0d      0x529 .\CortexM4\ARM_GCC_541\Debug\VDAC_1.o
                               0x14d9 (size before relaxing)
 .debug_str     0x00003436      0xce5 .\CortexM4\ARM_GCC_541\Debug\cy_ctb.o
                               0x197b (size before relaxing)
 .debug_str     0x0000411b     0x100b .\CortexM4\ARM_GCC_541\Debug\cy_flash.o
                               0x2cd1 (size before relaxing)
 .debug_str     0x00005126      0x114 .\CortexM4\ARM_GCC_541\Debug\cy_ipc_drv.o
                                0x966 (size before relaxing)
 .debug_str     0x0000523a      0x116 .\CortexM4\ARM_GCC_541\Debug\cy_ipc_sema.o
                                0xae1 (size before relaxing)
 .debug_str     0x00005350      0x38d .\CortexM4\ARM_GCC_541\Debug\cy_ipc_pipe.o
                               0x2038 (size before relaxing)
 .debug_str     0x000056dd       0xf7 .\CortexM4\ARM_GCC_541\Debug\cy_sysint.o
                               0x1946 (size before relaxing)
 .debug_str     0x000057d4      0xab4 .\CortexM4\ARM_GCC_541\Debug\cy_syslib.o
                               0x1c92 (size before relaxing)
 .debug_str     0x00006288     0x10b7 .\CortexM4\ARM_GCC_541\Debug\cy_syspm.o
                               0x2ae6 (size before relaxing)
 .debug_str     0x0000733f       0x69 .\CortexM4\ARM_GCC_541\Debug\cy_device.o
                                0x7ca (size before relaxing)
 .debug_str     0x000073a8      0x86a .\CortexM4\ARM_GCC_541\Debug\cy_ctdac.o
                               0x1765 (size before relaxing)

.debug_frame    0x00000000     0x1ea4
 .debug_frame   0x00000000      0x160 .\CortexM4\ARM_GCC_541\Debug\main_cm4.o
 .debug_frame   0x00000160       0xc0 .\CortexM4\ARM_GCC_541\Debug\system_psoc6_cm4.o
 .debug_frame   0x00000220      0x120 .\CortexM4\ARM_GCC_541\Debug\VDAC_1.o
 .debug_frame   0x00000340      0x3c4 .\CortexM4\ARM_GCC_541\Debug\cy_ctb.o
 .debug_frame   0x00000704      0x43c .\CortexM4\ARM_GCC_541\Debug\cy_flash.o
 .debug_frame   0x00000b40      0x178 .\CortexM4\ARM_GCC_541\Debug\cy_ipc_drv.o
 .debug_frame   0x00000cb8      0x1a0 .\CortexM4\ARM_GCC_541\Debug\cy_ipc_sema.o
 .debug_frame   0x00000e58      0x404 .\CortexM4\ARM_GCC_541\Debug\cy_ipc_pipe.o
 .debug_frame   0x0000125c       0xb0 .\CortexM4\ARM_GCC_541\Debug\cy_sysint.o
 .debug_frame   0x0000130c      0x1cc .\CortexM4\ARM_GCC_541\Debug\cy_syslib.o
 .debug_frame   0x000014d8      0x680 .\CortexM4\ARM_GCC_541\Debug\cy_syspm.o
 .debug_frame   0x00001b58       0x38 .\CortexM4\ARM_GCC_541\Debug\cy_device.o
 .debug_frame   0x00001b90      0x2cc .\CortexM4\ARM_GCC_541\Debug\cy_ctdac.o
 .debug_frame   0x00001e5c       0x20 c:/program files (x86)/cypress/psoc creator/4.4/psoc creator/import/gnu/arm/5.4.1/bin/../lib/gcc/arm-none-eabi/5.4.1/../../../../arm-none-eabi/lib/armv7e-m/softfp\libg_nano.a(lib_a-memset.o)
 .debug_frame   0x00001e7c       0x28 c:/program files (x86)/cypress/psoc creator/4.4/psoc creator/import/gnu/arm/5.4.1/bin/../lib/gcc/arm-none-eabi/5.4.1/../../../../arm-none-eabi/lib/armv7e-m/softfp\libg_nano.a(lib_a-strncpy.o)
