Archive member included to satisfy reference by file (symbol)

c:/program files (x86)/cypress/psoc creator/4.4/psoc creator/import/gnu/arm/5.4.1/bin/../lib/gcc/arm-none-eabi/5.4.1/armv6-m\libgcc.a(_udivsi3.o)
                              .\CortexM0p\ARM_GCC_541\Debug\system_psoc6_cm0plus.o (__aeabi_uidiv)
c:/program files (x86)/cypress/psoc creator/4.4/psoc creator/import/gnu/arm/5.4.1/bin/../lib/gcc/arm-none-eabi/5.4.1/armv6-m\libgcc.a(_divsi3.o)
                              .\CortexM0p\ARM_GCC_541\Debug\cy_sar.o (__aeabi_idiv)
c:/program files (x86)/cypress/psoc creator/4.4/psoc creator/import/gnu/arm/5.4.1/bin/../lib/gcc/arm-none-eabi/5.4.1/armv6-m\libgcc.a(_dvmd_tls.o)
                              c:/program files (x86)/cypress/psoc creator/4.4/psoc creator/import/gnu/arm/5.4.1/bin/../lib/gcc/arm-none-eabi/5.4.1/armv6-m\libgcc.a(_udivsi3.o) (__aeabi_idiv0)
c:/program files (x86)/cypress/psoc creator/4.4/psoc creator/import/gnu/arm/5.4.1/bin/../lib/gcc/arm-none-eabi/5.4.1/armv6-m\libgcc.a(_arm_cmpsf2.o)
                              .\CortexM0p\ARM_GCC_541\Debug\cy_sysclk.o (__aeabi_fcmplt)
c:/program files (x86)/cypress/psoc creator/4.4/psoc creator/import/gnu/arm/5.4.1/bin/../lib/gcc/arm-none-eabi/5.4.1/armv6-m\libgcc.a(_aeabi_ldivmod.o)
                              .\CortexM0p\ARM_GCC_541\Debug\cy_sar.o (__aeabi_ldivmod)
c:/program files (x86)/cypress/psoc creator/4.4/psoc creator/import/gnu/arm/5.4.1/bin/../lib/gcc/arm-none-eabi/5.4.1/armv6-m\libgcc.a(_aeabi_uldivmod.o)
                              .\CortexM0p\ARM_GCC_541\Debug\cy_sysclk.o (__aeabi_uldivmod)
c:/program files (x86)/cypress/psoc creator/4.4/psoc creator/import/gnu/arm/5.4.1/bin/../lib/gcc/arm-none-eabi/5.4.1/armv6-m\libgcc.a(_muldi3.o)
                              .\CortexM0p\ARM_GCC_541\Debug\cy_profile.o (__aeabi_lmul)
c:/program files (x86)/cypress/psoc creator/4.4/psoc creator/import/gnu/arm/5.4.1/bin/../lib/gcc/arm-none-eabi/5.4.1/armv6-m\libgcc.a(_fixunssfsi.o)
                              .\CortexM0p\ARM_GCC_541\Debug\cy_sysclk.o (__aeabi_f2uiz)
c:/program files (x86)/cypress/psoc creator/4.4/psoc creator/import/gnu/arm/5.4.1/bin/../lib/gcc/arm-none-eabi/5.4.1/armv6-m\libgcc.a(_fixunsdfsi.o)
                              .\CortexM0p\ARM_GCC_541\Debug\cy_sysclk.o (__aeabi_d2uiz)
c:/program files (x86)/cypress/psoc creator/4.4/psoc creator/import/gnu/arm/5.4.1/bin/../lib/gcc/arm-none-eabi/5.4.1/armv6-m\libgcc.a(_udivmoddi4.o)
                              c:/program files (x86)/cypress/psoc creator/4.4/psoc creator/import/gnu/arm/5.4.1/bin/../lib/gcc/arm-none-eabi/5.4.1/armv6-m\libgcc.a(_aeabi_uldivmod.o) (__udivmoddi4)
c:/program files (x86)/cypress/psoc creator/4.4/psoc creator/import/gnu/arm/5.4.1/bin/../lib/gcc/arm-none-eabi/5.4.1/armv6-m\libgcc.a(bpabi.o)
                              c:/program files (x86)/cypress/psoc creator/4.4/psoc creator/import/gnu/arm/5.4.1/bin/../lib/gcc/arm-none-eabi/5.4.1/armv6-m\libgcc.a(_aeabi_ldivmod.o) (__gnu_ldivmod_helper)
c:/program files (x86)/cypress/psoc creator/4.4/psoc creator/import/gnu/arm/5.4.1/bin/../lib/gcc/arm-none-eabi/5.4.1/armv6-m\libgcc.a(addsf3.o)
                              .\CortexM0p\ARM_GCC_541\Debug\cy_sysclk.o (__aeabi_fadd)
c:/program files (x86)/cypress/psoc creator/4.4/psoc creator/import/gnu/arm/5.4.1/bin/../lib/gcc/arm-none-eabi/5.4.1/armv6-m\libgcc.a(divsf3.o)
                              .\CortexM0p\ARM_GCC_541\Debug\cy_sysclk.o (__aeabi_fdiv)
c:/program files (x86)/cypress/psoc creator/4.4/psoc creator/import/gnu/arm/5.4.1/bin/../lib/gcc/arm-none-eabi/5.4.1/armv6-m\libgcc.a(eqsf2.o)
                              c:/program files (x86)/cypress/psoc creator/4.4/psoc creator/import/gnu/arm/5.4.1/bin/../lib/gcc/arm-none-eabi/5.4.1/armv6-m\libgcc.a(_arm_cmpsf2.o) (__eqsf2)
c:/program files (x86)/cypress/psoc creator/4.4/psoc creator/import/gnu/arm/5.4.1/bin/../lib/gcc/arm-none-eabi/5.4.1/armv6-m\libgcc.a(gesf2.o)
                              c:/program files (x86)/cypress/psoc creator/4.4/psoc creator/import/gnu/arm/5.4.1/bin/../lib/gcc/arm-none-eabi/5.4.1/armv6-m\libgcc.a(_arm_cmpsf2.o) (__gesf2)
c:/program files (x86)/cypress/psoc creator/4.4/psoc creator/import/gnu/arm/5.4.1/bin/../lib/gcc/arm-none-eabi/5.4.1/armv6-m\libgcc.a(lesf2.o)
                              c:/program files (x86)/cypress/psoc creator/4.4/psoc creator/import/gnu/arm/5.4.1/bin/../lib/gcc/arm-none-eabi/5.4.1/armv6-m\libgcc.a(_arm_cmpsf2.o) (__lesf2)
c:/program files (x86)/cypress/psoc creator/4.4/psoc creator/import/gnu/arm/5.4.1/bin/../lib/gcc/arm-none-eabi/5.4.1/armv6-m\libgcc.a(mulsf3.o)
                              .\CortexM0p\ARM_GCC_541\Debug\cy_sysclk.o (__aeabi_fmul)
c:/program files (x86)/cypress/psoc creator/4.4/psoc creator/import/gnu/arm/5.4.1/bin/../lib/gcc/arm-none-eabi/5.4.1/armv6-m\libgcc.a(subsf3.o)
                              .\CortexM0p\ARM_GCC_541\Debug\cy_sysclk.o (__aeabi_fsub)
[...]
Memory Configuration

Name             Origin             Length             Attributes
ram              0x08000000         0x00024000         xrw
flash            0x10000000         0x00080000         xr
em_eeprom        0x14000000         0x00008000         xr
sflash_user_data 0x16000800         0x00000800         xr
sflash_nar       0x16001a00         0x00000200         xr
sflash_public_key 0x16005a00         0x00000c00         xr
sflash_toc_2     0x16007c00         0x00000200         xr
sflash_rtoc_2    0x16007e00         0x00000200         xr
xip              0x18000000         0x08000000         xr
efuse            0x90700000         0x00100000         r
*default*        0x00000000         0xffffffff

Linker script and memory map

LOAD c:/program files (x86)/cypress/psoc creator/4.4/psoc creator/import/gnu/arm/5.4.1/bin/../lib/gcc/arm-none-eabi/5.4.1/armv6-m/crti.o
LOAD c:/program files (x86)/cypress/psoc creator/4.4/psoc creator/import/gnu/arm/5.4.1/bin/../lib/gcc/arm-none-eabi/5.4.1/armv6-m/crtbegin.o
LOAD c:/program files (x86)/cypress/psoc creator/4.4/psoc creator/import/gnu/arm/5.4.1/bin/../lib/gcc/arm-none-eabi/5.4.1/../../../../arm-none-eabi/lib/armv6-m/crt0.o
START GROUP
LOAD .\CortexM0p\ARM_GCC_541\Debug\startup_psoc6_01_cm0plus.o
LOAD .\CortexM0p\ARM_GCC_541\Debug\main_cm0p.o
LOAD .\CortexM0p\ARM_GCC_541\Debug\system_psoc6_cm0plus.o
LOAD .\CortexM0p\ARM_GCC_541\Debug\stdio_user.o
LOAD .\CortexM0p\ARM_GCC_541\Debug\cyfitter_sysint_cfg.o
LOAD .\CortexM0p\ARM_GCC_541\Debug\cyfitter_cfg.o
LOAD .\CortexM0p\ARM_GCC_541\Debug\cymetadata.o
LOAD .\CortexM0p\ARM_GCC_541\Debug\VDAC_1.o
LOAD .\CortexM0p\ARM_GCC_541\Debug\cy_ctb.o
LOAD .\CortexM0p\ARM_GCC_541\Debug\cy_efuse.o
LOAD .\CortexM0p\ARM_GCC_541\Debug\cy_flash.o
LOAD .\CortexM0p\ARM_GCC_541\Debug\cy_gpio.o
LOAD .\CortexM0p\ARM_GCC_541\Debug\cy_ipc_drv.o
LOAD .\CortexM0p\ARM_GCC_541\Debug\cy_ipc_sema.o
LOAD .\CortexM0p\ARM_GCC_541\Debug\cy_ipc_pipe.o
LOAD .\CortexM0p\ARM_GCC_541\Debug\cy_lvd.o
LOAD .\CortexM0p\ARM_GCC_541\Debug\cy_profile.o
LOAD .\CortexM0p\ARM_GCC_541\Debug\cy_prot.o
LOAD .\CortexM0p\ARM_GCC_541\Debug\cy_sysanalog.o
LOAD .\CortexM0p\ARM_GCC_541\Debug\cy_sysclk.o
LOAD .\CortexM0p\ARM_GCC_541\Debug\cy_sysint.o
LOAD .\CortexM0p\ARM_GCC_541\Debug\cy_syslib.o
LOAD .\CortexM0p\ARM_GCC_541\Debug\cy_syslib_gcc.o
LOAD .\CortexM0p\ARM_GCC_541\Debug\cy_syspm.o
LOAD .\CortexM0p\ARM_GCC_541\Debug\cy_systick.o
LOAD .\CortexM0p\ARM_GCC_541\Debug\cy_trigmux.o
LOAD .\CortexM0p\ARM_GCC_541\Debug\cy_wdt.o
LOAD .\CortexM0p\ARM_GCC_541\Debug\cy_device.o
LOAD .\CortexM0p\ARM_GCC_541\Debug\cy_ctdac.o
LOAD .\CortexM0p\ARM_GCC_541\Debug\cy_scb_common.o
LOAD .\CortexM0p\ARM_GCC_541\Debug\cy_scb_i2c.o
LOAD .\CortexM0p\ARM_GCC_541\Debug\cy_scb_ezi2c.o
LOAD .\CortexM0p\ARM_GCC_541\Debug\cy_scb_spi.o
LOAD .\CortexM0p\ARM_GCC_541\Debug\cy_scb_uart.o
LOAD .\CortexM0p\ARM_GCC_541\Debug\cy_sar.o
LOAD .\CortexM0p\ARM_GCC_541\Debug\cy_ble_clk.o
LOAD .\CortexM0p\ARM_GCC_541\Debug\cy_ble.o
LOAD .\CortexM0p\ARM_GCC_541\Debug\cy_ble_hal_int.o
LOAD .\CortexM0p\ARM_GCC_541\Debug\cy_ble_hal_pvt.o
LOAD .\CortexM0p\ARM_GCC_541\Debug\cy_ble_gap.o
LOAD .\CortexM0p\ARM_GCC_541\Debug\cy_ble_gatt.o
LOAD .\CortexM0p\ARM_GCC_541\Debug\cy_ble_event_handler.o
LOAD .\CortexM0p\ARM_GCC_541\Debug\cy_ble_ancs.o
LOAD .\CortexM0p\ARM_GCC_541\Debug\cy_ble_ans.o
LOAD .\CortexM0p\ARM_GCC_541\Debug\cy_ble_aios.o
LOAD .\CortexM0p\ARM_GCC_541\Debug\cy_ble_bas.o
LOAD .\CortexM0p\ARM_GCC_541\Debug\cy_ble_bcs.o
LOAD .\CortexM0p\ARM_GCC_541\Debug\cy_ble_bls.o
LOAD .\CortexM0p\ARM_GCC_541\Debug\cy_ble_bms.o
LOAD .\CortexM0p\ARM_GCC_541\Debug\cy_ble_bts.o
LOAD .\CortexM0p\ARM_GCC_541\Debug\cy_ble_cgms.o
LOAD .\CortexM0p\ARM_GCC_541\Debug\cy_ble_cps.o
LOAD .\CortexM0p\ARM_GCC_541\Debug\cy_ble_cscs.o
LOAD .\CortexM0p\ARM_GCC_541\Debug\cy_ble_cts.o
LOAD .\CortexM0p\ARM_GCC_541\Debug\cy_ble_custom.o
LOAD .\CortexM0p\ARM_GCC_541\Debug\cy_ble_dis.o
LOAD .\CortexM0p\ARM_GCC_541\Debug\cy_ble_ess.o
LOAD .\CortexM0p\ARM_GCC_541\Debug\cy_ble_gls.o
LOAD .\CortexM0p\ARM_GCC_541\Debug\cy_ble_hids.o
LOAD .\CortexM0p\ARM_GCC_541\Debug\cy_ble_hps.o
LOAD .\CortexM0p\ARM_GCC_541\Debug\cy_ble_hrs.o
LOAD .\CortexM0p\ARM_GCC_541\Debug\cy_ble_hts.o
LOAD .\CortexM0p\ARM_GCC_541\Debug\cy_ble_ias.o
LOAD .\CortexM0p\ARM_GCC_541\Debug\cy_ble_ips.o
LOAD .\CortexM0p\ARM_GCC_541\Debug\cy_ble_lls.o
LOAD .\CortexM0p\ARM_GCC_541\Debug\cy_ble_lns.o
LOAD .\CortexM0p\ARM_GCC_541\Debug\cy_ble_ndcs.o
LOAD .\CortexM0p\ARM_GCC_541\Debug\cy_ble_plxs.o
LOAD .\CortexM0p\ARM_GCC_541\Debug\cy_ble_pass.o
LOAD .\CortexM0p\ARM_GCC_541\Debug\cy_ble_rscs.o
LOAD .\CortexM0p\ARM_GCC_541\Debug\cy_ble_rtus.o
LOAD .\CortexM0p\ARM_GCC_541\Debug\cy_ble_scps.o
LOAD .\CortexM0p\ARM_GCC_541\Debug\cy_ble_tps.o
LOAD .\CortexM0p\ARM_GCC_541\Debug\cy_ble_uds.o
LOAD .\CortexM0p\ARM_GCC_541\Debug\cy_ble_wpts.o
LOAD .\CortexM0p\ARM_GCC_541\Debug\cy_ble_wss.o
LOAD .\CortexM0p\ARM_GCC_541\Debug\retarget.o
LOAD .\CortexM0p\ARM_GCC_541\Debug\UART_1.o
LOAD .\CortexM0p\ARM_GCC_541\Debug\ADC_1.o
LOAD .\CortexM0p\ARM_GCC_541\Debug\ADC_1_INT.o
LOAD .\CortexM0p\ARM_GCC_541\Debug\ADC_1_INIT.o
LOAD .\CortexM0p\ARM_GCC_541\Debug\ADC_1_PM.o
LOAD .\CortexM0p\ARM_GCC_541\Debug\BLE.o
LOAD .\CortexM0p\ARM_GCC_541\Debug\BLE_config.o
LOAD .\CortexM0p\ARM_GCC_541\Debug\BLE_custom_config.o
END GROUP
START GROUP
LOAD c:/program files (x86)/cypress/psoc creator/4.4/psoc creator/import/gnu/arm/5.4.1/bin/../lib/gcc/arm-none-eabi/5.4.1/armv6-m\libgcc.a
LOAD c:/program files (x86)/cypress/psoc creator/4.4/psoc creator/import/gnu/arm/5.4.1/bin/../lib/gcc/arm-none-eabi/5.4.1/../../../../arm-none-eabi/lib/armv6-m\libg_nano.a
LOAD c:/program files (x86)/cypress/psoc creator/4.4/psoc creator/import/gnu/arm/5.4.1/bin/../lib/gcc/arm-none-eabi/5.4.1/../../../../arm-none-eabi/lib/armv6-m\libc_nano.a
END GROUP
START GROUP
LOAD c:/program files (x86)/cypress/psoc creator/4.4/psoc creator/import/gnu/arm/5.4.1/bin/../lib/gcc/arm-none-eabi/5.4.1/armv6-m\libgcc.a
LOAD c:/program files (x86)/cypress/psoc creator/4.4/psoc creator/import/gnu/arm/5.4.1/bin/../lib/gcc/arm-none-eabi/5.4.1/../../../../arm-none-eabi/lib/armv6-m\libc_nano.a
END GROUP
LOAD c:/program files (x86)/cypress/psoc creator/4.4/psoc creator/import/gnu/arm/5.4.1/bin/../lib/gcc/arm-none-eabi/5.4.1/armv6-m/crtend.o
LOAD c:/program files (x86)/cypress/psoc creator/4.4/psoc creator/import/gnu/arm/5.4.1/bin/../lib/gcc/arm-none-eabi/5.4.1/armv6-m/crtn.o
START GROUP
LOAD c:/program files (x86)/cypress/psoc creator/4.4/psoc creator/import/gnu/arm/5.4.1/bin/../lib/gcc/arm-none-eabi/5.4.1/armv6-m\libgcc.a
LOAD c:/program files (x86)/cypress/psoc creator/4.4/psoc creator/import/gnu/arm/5.4.1/bin/../lib/gcc/arm-none-eabi/5.4.1/../../../../arm-none-eabi/lib/armv6-m\libc.a
LOAD c:/program files (x86)/cypress/psoc creator/4.4/psoc creator/import/gnu/arm/5.4.1/bin/../lib/gcc/arm-none-eabi/5.4.1/../../../../arm-none-eabi/lib/armv6-m\libnosys.a
END GROUP
START GROUP
LOAD c:/program files (x86)/cypress/psoc creator/4.4/psoc creator/import/gnu/arm/5.4.1/bin/../lib/gcc/arm-none-eabi/5.4.1/armv6-m\libgcc.a
LOAD c:/program files (x86)/cypress/psoc creator/4.4/psoc creator/import/gnu/arm/5.4.1/bin/../lib/gcc/arm-none-eabi/5.4.1/../../../../arm-none-eabi/lib/armv6-m\libc.a
LOAD c:/program files (x86)/cypress/psoc creator/4.4/psoc creator/import/gnu/arm/5.4.1/bin/../lib/gcc/arm-none-eabi/5.4.1/../../../../arm-none-eabi/lib/armv6-m\libm.a
LOAD c:/program files (x86)/cypress/psoc creator/4.4/psoc creator/import/gnu/arm/5.4.1/bin/../lib/gcc/arm-none-eabi/5.4.1/../../../../arm-none-eabi/lib/armv6-m\libnosys.a
END GROUP

.cy_app_header
 *(.cy_app_header)

.text           0x10000000     0x4800
                0x10000000                . = ALIGN (0x4)
                0x10000000                __Vectors = .
 *(.vectors)
 .vectors       0x10000000       0xc0 .\CortexM0p\ARM_GCC_541\Debug\startup_psoc6_01_cm0plus.o
                0x100000c0                . = ALIGN (0x4)
                0x100000c0                __Vectors_End = .
                0x000000c0                __Vectors_Size = (__Vectors_End - __Vectors)
                0x100000c0                __end__ = .
                0x100000c0                . = ALIGN (0x4)
 *(.text*)
 .text          0x100000c0       0x60 c:/program files (x86)/cypress/psoc creator/4.4/psoc creator/import/gnu/arm/5.4.1/bin/../lib/gcc/arm-none-eabi/5.4.1/armv6-m/crtbegin.o
 .text          0x10000120       0x80 .\CortexM0p\ARM_GCC_541\Debug\startup_psoc6_01_cm0plus.o
                0x10000120                Cy_OnResetUser
                0x10000122                Reset_Handler
                0x10000180                NvicMux10_IRQHandler
                0x10000180                NvicMux26_IRQHandler
                0x10000180                SysTick_Handler
                0x10000180                NvicMux21_IRQHandler
                0x10000180                NMI_Handler
                0x10000180                NvicMux19_IRQHandler
                0x10000180                NvicMux8_IRQHandler
                0x10000180                NvicMux27_IRQHandler
                0x10000180                PendSV_Handler
                0x10000180                NvicMux17_IRQHandler
                0x10000180                NvicMux0_IRQHandler
                0x10000180                NvicMux25_IRQHandler
                0x10000180                NvicMux13_IRQHandler
                0x10000180                NvicMux11_IRQHandler
                0x10000180                NvicMux9_IRQHandler
                0x10000180                NvicMux18_IRQHandler
                0x10000180                NvicMux6_IRQHandler
                0x10000180                NvicMux22_IRQHandler
                0x10000180                NvicMux7_IRQHandler
                0x10000180                NvicMux2_IRQHandler
                0x10000180                NvicMux4_IRQHandler
                0x10000180                Default_Handler
                0x10000180                NvicMux30_IRQHandler
                0x10000180                NvicMux12_IRQHandler
                0x10000180                NvicMux5_IRQHandler
                0x10000180                NvicMux14_IRQHandler
                0x10000180                NvicMux3_IRQHandler
                0x10000180                SVC_Handler
                0x10000180                NvicMux1_IRQHandler
                0x10000180                NvicMux16_IRQHandler
                0x10000180                NvicMux29_IRQHandler
                0x10000180                NvicMux31_IRQHandler
                0x10000180                NvicMux24_IRQHandler
                0x10000180                NvicMux20_IRQHandler
                0x10000180                NvicMux15_IRQHandler
                0x10000180                NvicMux28_IRQHandler
                0x10000180                NvicMux23_IRQHandler
                0x10000184                HardFault_Handler
 .text.main     0x100001a0       0x1c .\CortexM0p\ARM_GCC_541\Debug\main_cm0p.o
                0x100001a0                main
 .text.Cy_SysLib_GetDeviceRevision
                0x100001bc       0x24 .\CortexM0p\ARM_GCC_541\Debug\system_psoc6_cm0plus.o
 .text.Cy_WDT_Disable
                0x100001e0       0x24 .\CortexM0p\ARM_GCC_541\Debug\system_psoc6_cm0plus.o
 .text.SystemInit
                0x10000204       0xf0 .\CortexM0p\ARM_GCC_541\Debug\system_psoc6_cm0plus.o
                0x10000204                SystemInit
 .text.SystemCoreClockUpdate
                0x100002f4      0x354 .\CortexM0p\ARM_GCC_541\Debug\system_psoc6_cm0plus.o
                0x100002f4                SystemCoreClockUpdate
 .text.Cy_SysGetCM4Status
                0x10000648       0x20 .\CortexM0p\ARM_GCC_541\Debug\system_psoc6_cm0plus.o
                0x10000648                Cy_SysGetCM4Status
 .text.Cy_SysEnableCM4
                0x10000668       0x98 .\CortexM0p\ARM_GCC_541\Debug\system_psoc6_cm0plus.o
                0x10000668                Cy_SysEnableCM4
 .text.Cy_SysResetCM4
                0x10000700       0x5c .\CortexM0p\ARM_GCC_541\Debug\system_psoc6_cm0plus.o
                0x10000700                Cy_SysResetCM4
 .text.Cy_SysIpcPipeIsrCm0
                0x1000075c       0x10 .\CortexM0p\ARM_GCC_541\Debug\system_psoc6_cm0plus.o
                0x1000075c                Cy_SysIpcPipeIsrCm0
 .text.Cy_SysPm_PmicDisableOutput
                0x1000076c       0x34 .\CortexM0p\ARM_GCC_541\Debug\cyfitter_cfg.o
 .text.Cy_SysPm_PmicUnlock
                0x100007a0       0x24 .\CortexM0p\ARM_GCC_541\Debug\cyfitter_cfg.o
 .text.Cy_SysClk_IloEnable
                0x100007c4       0x24 .\CortexM0p\ARM_GCC_541\Debug\cyfitter_cfg.o
 .text.Cy_SysClk_IloDisable
                0x100007e8       0x44 .\CortexM0p\ARM_GCC_541\Debug\cyfitter_cfg.o
 .text.Cy_SysClk_IloHibernateOn
                0x1000082c       0x34 .\CortexM0p\ARM_GCC_541\Debug\cyfitter_cfg.o
 .text.Cy_SysClk_WcoEnable
                0x10000860       0x5c .\CortexM0p\ARM_GCC_541\Debug\cyfitter_cfg.o
 .text.Cy_SysClk_WcoOkay
                0x100008bc       0x1c .\CortexM0p\ARM_GCC_541\Debug\cyfitter_cfg.o
 .text.Cy_SysClk_ClkHfEnable
                0x100008d8       0x50 .\CortexM0p\ARM_GCC_541\Debug\cyfitter_cfg.o
 .text.Cy_SysClk_ClkHfSetSource
                0x10000928       0x68 .\CortexM0p\ARM_GCC_541\Debug\cyfitter_cfg.o
 .text.Cy_SysClk_ClkHfSetDivider
                0x10000990       0x6c .\CortexM0p\ARM_GCC_541\Debug\cyfitter_cfg.o
 .text.Cy_SysClk_ClkFastSetDivider
                0x100009fc       0x54 .\CortexM0p\ARM_GCC_541\Debug\cyfitter_cfg.o
 .text.Cy_SysClk_ClkPeriSetDivider
                0x10000a50       0x4c .\CortexM0p\ARM_GCC_541\Debug\cyfitter_cfg.o
 .text.Cy_SysClk_PeriphSetDivider
                0x10000a9c       0xf0 .\CortexM0p\ARM_GCC_541\Debug\cyfitter_cfg.o
 .text.Cy_SysClk_PeriphAssignDivider
                0x10000b8c       0xc4 .\CortexM0p\ARM_GCC_541\Debug\cyfitter_cfg.o
 .text.Cy_SysClk_PeriphEnableDivider
                0x10000c50       0xe4 .\CortexM0p\ARM_GCC_541\Debug\cyfitter_cfg.o
 .text.Cy_SysClk_ClkSlowSetDivider
                0x10000d34       0x54 .\CortexM0p\ARM_GCC_541\Debug\cyfitter_cfg.o
 .text.Cy_SysClk_ClkLfSetSource
                0x10000d88       0x54 .\CortexM0p\ARM_GCC_541\Debug\cyfitter_cfg.o
 .text.Cy_SysClk_ClkTimerSetSource
                0x10000ddc       0x5c .\CortexM0p\ARM_GCC_541\Debug\cyfitter_cfg.o
 .text.Cy_SysClk_ClkTimerSetDivider
                0x10000e38       0x40 .\CortexM0p\ARM_GCC_541\Debug\cyfitter_cfg.o
 .text.Cy_SysClk_ClkTimerEnable
                0x10000e78       0x24 .\CortexM0p\ARM_GCC_541\Debug\cyfitter_cfg.o
 .text.Cy_SysClk_ClkPumpSetSource
                0x10000e9c       0x5c .\CortexM0p\ARM_GCC_541\Debug\cyfitter_cfg.o
 .text.Cy_SysClk_ClkPumpSetDivider
                0x10000ef8       0x7c .\CortexM0p\ARM_GCC_541\Debug\cyfitter_cfg.o
 .text.Cy_SysClk_ClkPumpEnable
                0x10000f74       0x24 .\CortexM0p\ARM_GCC_541\Debug\cyfitter_cfg.o
 .text.Cy_SysClk_ClkBakSetSource
                0x10000f98       0x54 .\CortexM0p\ARM_GCC_541\Debug\cyfitter_cfg.o
 .text.CyClockStartupError
                0x10000fec       0x18 .\CortexM0p\ARM_GCC_541\Debug\cyfitter_cfg.o
 .text.ClockInit
                0x10001004      0x178 .\CortexM0p\ARM_GCC_541\Debug\cyfitter_cfg.o
 .text.AnalogSetDefault
                0x1000117c       0x68 .\CortexM0p\ARM_GCC_541\Debug\cyfitter_cfg.o
 .text.Cy_SystemInit
                0x100011e4      0x148 .\CortexM0p\ARM_GCC_541\Debug\cyfitter_cfg.o
                0x100011e4                Cy_SystemInit
 .text.Cy_IPC_Drv_GetIpcBaseAddress
                0x1000132c       0x50 .\CortexM0p\ARM_GCC_541\Debug\cy_flash.o
 .text.Cy_IPC_Drv_ReadDataValue
                0x1000137c       0x14 .\CortexM0p\ARM_GCC_541\Debug\cy_flash.o
 .text.Cy_IPC_Drv_IsLockAcquired
                0x10001390       0x2c .\CortexM0p\ARM_GCC_541\Debug\cy_flash.o
 .text.Cy_IPC_Drv_SendMsgPtr
                0x100013bc       0x3c .\CortexM0p\ARM_GCC_541\Debug\cy_flash.o
 .text.Cy_Flash_InitExt
                0x100013f8       0x68 .\CortexM0p\ARM_GCC_541\Debug\cy_flash.o
                0x100013f8                Cy_Flash_InitExt
 .text.Cy_Flash_Init
                0x10001460       0x18 .\CortexM0p\ARM_GCC_541\Debug\cy_flash.o
                0x10001460                Cy_Flash_Init
 .text.Cy_Flash_ProcessOpcode
                0x10001478       0xf4 .\CortexM0p\ARM_GCC_541\Debug\cy_flash.o
 .text.Cy_Flash_OperationStatus
                0x1000156c       0x64 .\CortexM0p\ARM_GCC_541\Debug\cy_flash.o
 .text.Cy_GPIO_SetHSIOM
                0x100015d0       0xcc .\CortexM0p\ARM_GCC_541\Debug\cy_gpio.o
 .text.Cy_GPIO_Write
                0x1000169c       0x60 .\CortexM0p\ARM_GCC_541\Debug\cy_gpio.o
 .text.Cy_GPIO_SetDrivemode
                0x100016fc       0x8c .\CortexM0p\ARM_GCC_541\Debug\cy_gpio.o
 .text.Cy_GPIO_SetVtrip
                0x10001788       0x84 .\CortexM0p\ARM_GCC_541\Debug\cy_gpio.o
 .text.Cy_GPIO_SetInterruptMask
                0x1000180c       0x68 .\CortexM0p\ARM_GCC_541\Debug\cy_gpio.o
 .text.Cy_GPIO_SetInterruptEdge
                0x10001874       0x9c .\CortexM0p\ARM_GCC_541\Debug\cy_gpio.o
 .text.Cy_GPIO_Pin_Init
                0x10001910      0x2e4 .\CortexM0p\ARM_GCC_541\Debug\cy_gpio.o
                0x10001910                Cy_GPIO_Pin_Init
 .text.Cy_GPIO_Port_Init
                0x10001bf4      0x15c .\CortexM0p\ARM_GCC_541\Debug\cy_gpio.o
                0x10001bf4                Cy_GPIO_Port_Init
 .text.Cy_IPC_Drv_AcquireNotify
                0x10001d50       0x38 .\CortexM0p\ARM_GCC_541\Debug\cy_ipc_drv.o
 .text.Cy_IPC_Drv_ReleaseNotify
                0x10001d88       0x38 .\CortexM0p\ARM_GCC_541\Debug\cy_ipc_drv.o
 .text.Cy_IPC_Drv_WriteDataValue
                0x10001dc0       0x18 .\CortexM0p\ARM_GCC_541\Debug\cy_ipc_drv.o
 .text.Cy_IPC_Drv_ReadDataValue
                0x10001dd8       0x14 .\CortexM0p\ARM_GCC_541\Debug\cy_ipc_drv.o
 .text.Cy_IPC_Drv_IsLockAcquired
                0x10001dec       0x2c .\CortexM0p\ARM_GCC_541\Debug\cy_ipc_drv.o
 .text.Cy_IPC_Drv_LockAcquire
                0x10001e18       0x24 .\CortexM0p\ARM_GCC_541\Debug\cy_ipc_drv.o
 .text.Cy_IPC_Drv_LockRelease
                0x10001e3c       0x3c .\CortexM0p\ARM_GCC_541\Debug\cy_ipc_drv.o
                0x10001e3c                Cy_IPC_Drv_LockRelease
 .text.Cy_IPC_Drv_SendMsgWord
                0x10001e78       0x48 .\CortexM0p\ARM_GCC_541\Debug\cy_ipc_drv.o
                0x10001e78                Cy_IPC_Drv_SendMsgWord
 .text.Cy_IPC_Drv_ReadMsgWord
                0x10001ec0       0x50 .\CortexM0p\ARM_GCC_541\Debug\cy_ipc_drv.o
                0x10001ec0                Cy_IPC_Drv_ReadMsgWord
 .text.Cy_IPC_Drv_GetIpcBaseAddress
                0x10001f10       0x50 .\CortexM0p\ARM_GCC_541\Debug\cy_ipc_sema.o
 .text.Cy_IPC_Drv_ReadDataValue
                0x10001f60       0x14 .\CortexM0p\ARM_GCC_541\Debug\cy_ipc_sema.o
 .text.Cy_IPC_Drv_SendMsgPtr
                0x10001f74       0x3c .\CortexM0p\ARM_GCC_541\Debug\cy_ipc_sema.o
 .text.Cy_IPC_Drv_LockAcquire
                0x10001fb0       0x24 .\CortexM0p\ARM_GCC_541\Debug\cy_ipc_sema.o
 .text.Cy_IPC_Sema_Init
                0x10001fd4       0x74 .\CortexM0p\ARM_GCC_541\Debug\cy_ipc_sema.o
                0x10001fd4                Cy_IPC_Sema_Init
 .text.Cy_IPC_Sema_InitExt
                0x10002048       0xb8 .\CortexM0p\ARM_GCC_541\Debug\cy_ipc_sema.o
                0x10002048                Cy_IPC_Sema_InitExt
 .text.Cy_IPC_Sema_Clear
                0x10002100       0xe4 .\CortexM0p\ARM_GCC_541\Debug\cy_ipc_sema.o
                0x10002100                Cy_IPC_Sema_Clear
 .text.Cy_IPC_Sema_Status
                0x100021e4       0x74 .\CortexM0p\ARM_GCC_541\Debug\cy_ipc_sema.o
                0x100021e4                Cy_IPC_Sema_Status
 .text.__NVIC_EnableIRQ
                0x10002258       0x38 .\CortexM0p\ARM_GCC_541\Debug\cy_ipc_pipe.o
 .text.Cy_IPC_Drv_GetIpcBaseAddress
                0x10002290       0x50 .\CortexM0p\ARM_GCC_541\Debug\cy_ipc_pipe.o
 .text.Cy_IPC_Drv_GetIntrBaseAddr
                0x100022e0       0x48 .\CortexM0p\ARM_GCC_541\Debug\cy_ipc_pipe.o
 .text.Cy_IPC_Drv_SetInterruptMask
                0x10002328       0x58 .\CortexM0p\ARM_GCC_541\Debug\cy_ipc_pipe.o
 .text.Cy_IPC_Drv_GetInterruptStatusMasked
                0x10002380       0x14 .\CortexM0p\ARM_GCC_541\Debug\cy_ipc_pipe.o
 .text.Cy_IPC_Drv_GetInterruptStatus
                0x10002394       0x14 .\CortexM0p\ARM_GCC_541\Debug\cy_ipc_pipe.o
 .text.Cy_IPC_Drv_ClearInterrupt
                0x100023a8       0x5c .\CortexM0p\ARM_GCC_541\Debug\cy_ipc_pipe.o
 .text.Cy_IPC_Drv_AcquireNotify
                0x10002404       0x38 .\CortexM0p\ARM_GCC_541\Debug\cy_ipc_pipe.o
 .text.Cy_IPC_Drv_WriteDataValue
                0x1000243c       0x18 .\CortexM0p\ARM_GCC_541\Debug\cy_ipc_pipe.o
 .text.Cy_IPC_Drv_IsLockAcquired
                0x10002454       0x2c .\CortexM0p\ARM_GCC_541\Debug\cy_ipc_pipe.o
 .text.Cy_IPC_Drv_ExtractAcquireMask
                0x10002480       0x14 .\CortexM0p\ARM_GCC_541\Debug\cy_ipc_pipe.o
 .text.Cy_IPC_Drv_ExtractReleaseMask
                0x10002494       0x18 .\CortexM0p\ARM_GCC_541\Debug\cy_ipc_pipe.o
 .text.Cy_IPC_Drv_ReadMsgPtr
                0x100024ac       0x3c .\CortexM0p\ARM_GCC_541\Debug\cy_ipc_pipe.o
 .text.Cy_IPC_Drv_LockAcquire
                0x100024e8       0x24 .\CortexM0p\ARM_GCC_541\Debug\cy_ipc_pipe.o
 .text.Cy_IPC_Pipe_Config
                0x1000250c       0x24 .\CortexM0p\ARM_GCC_541\Debug\cy_ipc_pipe.o
                0x1000250c                Cy_IPC_Pipe_Config
 .text.Cy_IPC_Pipe_Init
                0x10002530      0x10c .\CortexM0p\ARM_GCC_541\Debug\cy_ipc_pipe.o
                0x10002530                Cy_IPC_Pipe_Init
 .text.Cy_IPC_Pipe_EndpointInit
                0x1000263c       0xb0 .\CortexM0p\ARM_GCC_541\Debug\cy_ipc_pipe.o
                0x1000263c                Cy_IPC_Pipe_EndpointInit
 .text.Cy_IPC_Pipe_SendMessage
                0x100026ec       0xf8 .\CortexM0p\ARM_GCC_541\Debug\cy_ipc_pipe.o
                0x100026ec                Cy_IPC_Pipe_SendMessage
 .text.Cy_IPC_Pipe_RegisterCallback
                0x100027e4       0x80 .\CortexM0p\ARM_GCC_541\Debug\cy_ipc_pipe.o
                0x100027e4                Cy_IPC_Pipe_RegisterCallback
 .text.Cy_IPC_Pipe_ExecuteCallback
                0x10002864       0x48 .\CortexM0p\ARM_GCC_541\Debug\cy_ipc_pipe.o
                0x10002864                Cy_IPC_Pipe_ExecuteCallback
 .text.Cy_IPC_Pipe_ExecCallback
                0x100028ac      0x168 .\CortexM0p\ARM_GCC_541\Debug\cy_ipc_pipe.o
                0x100028ac                Cy_IPC_Pipe_ExecCallback
 .text.Cy_Prot_GetActivePC
                0x10002a14       0x50 .\CortexM0p\ARM_GCC_541\Debug\cy_prot.o
                0x10002a14                Cy_Prot_GetActivePC
 .text.Cy_SysClk_FllLocked
                0x10002a64       0x20 .\CortexM0p\ARM_GCC_541\Debug\cy_sysclk.o
 .text.Cy_SysClk_FllDisable
                0x10002a84       0x58 .\CortexM0p\ARM_GCC_541\Debug\cy_sysclk.o
 .text.Cy_SysClk_ClkPathSetSource
                0x10002adc       0x94 .\CortexM0p\ARM_GCC_541\Debug\cy_sysclk.o
                0x10002adc                Cy_SysClk_ClkPathSetSource
 .text.Cy_SysClk_FllManualConfigure
                0x10002b70      0x200 .\CortexM0p\ARM_GCC_541\Debug\cy_sysclk.o
                0x10002b70                Cy_SysClk_FllManualConfigure
 .text.Cy_SysClk_FllEnable
                0x10002d70      0x108 .\CortexM0p\ARM_GCC_541\Debug\cy_sysclk.o
                0x10002d70                Cy_SysClk_FllEnable
 .text.__NVIC_SetPriority
                0x10002e78       0xe0 .\CortexM0p\ARM_GCC_541\Debug\cy_sysint.o
 .text.Cy_SysInt_Init
                0x10002f58       0x94 .\CortexM0p\ARM_GCC_541\Debug\cy_sysint.o
                0x10002f58                Cy_SysInt_Init
 .text.Cy_SysInt_SetInterruptSource
                0x10002fec       0xdc .\CortexM0p\ARM_GCC_541\Debug\cy_sysint.o
                0x10002fec                Cy_SysInt_SetInterruptSource
 .text.Cy_SysInt_SetVector
                0x100030c8       0x80 .\CortexM0p\ARM_GCC_541\Debug\cy_sysint.o
                0x100030c8                Cy_SysInt_SetVector
 .text.Cy_SysLib_DelayUs
                0x10003148       0x28 .\CortexM0p\ARM_GCC_541\Debug\cy_syslib.o
                0x10003148                Cy_SysLib_DelayUs
 .text.Cy_SysLib_Halt
                0x10003170        0xc .\CortexM0p\ARM_GCC_541\Debug\cy_syslib.o
                0x10003170                Cy_SysLib_Halt
 .text.Cy_SysLib_AssertFailed
                0x1000317c       0x2c .\CortexM0p\ARM_GCC_541\Debug\cy_syslib.o
                0x1000317c                Cy_SysLib_AssertFailed
 .text.Cy_SysLib_ResetBackupDomain
                0x100031a8       0x28 .\CortexM0p\ARM_GCC_541\Debug\cy_syslib.o
                0x100031a8                Cy_SysLib_ResetBackupDomain
 .text.Cy_SysLib_GetResetReason
                0x100031d0       0x34 .\CortexM0p\ARM_GCC_541\Debug\cy_syslib.o
                0x100031d0                Cy_SysLib_GetResetReason
 .text.Cy_SysLib_FaultHandler
                0x10003204       0x58 .\CortexM0p\ARM_GCC_541\Debug\cy_syslib.o
                0x10003204                Cy_SysLib_FaultHandler
 .text.Cy_SysLib_ProcessingFault
                0x1000325c        0x8 .\CortexM0p\ARM_GCC_541\Debug\cy_syslib.o
                0x1000325c                Cy_SysLib_ProcessingFault
 .text.Cy_SysLib_SetWaitStates
                0x10003264      0x1a4 .\CortexM0p\ARM_GCC_541\Debug\cy_syslib.o
                0x10003264                Cy_SysLib_SetWaitStates
 .text          0x10003408       0x20 .\CortexM0p\ARM_GCC_541\Debug\cy_syslib_gcc.o
                0x10003408                Cy_SysLib_DelayCycles
                0x1000341a                Cy_SysLib_EnterCriticalSection
                0x10003422                Cy_SysLib_ExitCriticalSection
 .text.Cy_SysLib_GetDeviceRevision
                0x10003428       0x24 .\CortexM0p\ARM_GCC_541\Debug\cy_syspm.o
 .text.Cy_SysLib_GetDevice
                0x1000344c       0x24 .\CortexM0p\ARM_GCC_541\Debug\cy_syspm.o
 .text.Cy_IPC_Drv_GetIpcBaseAddress
                0x10003470       0x50 .\CortexM0p\ARM_GCC_541\Debug\cy_syspm.o
 .text.Cy_IPC_Drv_ReadDataValue
                0x100034c0       0x14 .\CortexM0p\ARM_GCC_541\Debug\cy_syspm.o
 .text.Cy_IPC_Drv_IsLockAcquired
                0x100034d4       0x2c .\CortexM0p\ARM_GCC_541\Debug\cy_syspm.o
 .text.Cy_SysPm_CpuEnterDeepSleep
                0x10003500      0x13c .\CortexM0p\ARM_GCC_541\Debug\cy_syspm.o
                0x10003500                Cy_SysPm_CpuEnterDeepSleep
 .text.Cy_SysPm_LdoSetVoltage
                0x1000363c      0x120 .\CortexM0p\ARM_GCC_541\Debug\cy_syspm.o
                0x1000363c                Cy_SysPm_LdoSetVoltage
 .text.Cy_SysPm_ExecuteCallback
                0x1000375c      0x188 .\CortexM0p\ARM_GCC_541\Debug\cy_syspm.o
                0x1000375c                Cy_SysPm_ExecuteCallback
 .text.Cy_SysPm_WriteVoltageBitForFlash
                0x100038e4      0x164 .\CortexM0p\ARM_GCC_541\Debug\cy_syspm.o
                0x100038e4                Cy_SysPm_WriteVoltageBitForFlash
 .text.Cy_SysPm_SaveRegisters
                0x10003a48       0xcc .\CortexM0p\ARM_GCC_541\Debug\cy_syspm.o
                0x10003a48                Cy_SysPm_SaveRegisters
 .text.Cy_SysPm_RestoreRegisters
                0x10003b14       0xcc .\CortexM0p\ARM_GCC_541\Debug\cy_syspm.o
                0x10003b14                Cy_SysPm_RestoreRegisters
 .text.SetReadMarginTrimUlp
                0x10003be0       0xdc .\CortexM0p\ARM_GCC_541\Debug\cy_syspm.o
 .text.SetReadMarginTrimLp
                0x10003cbc       0xd8 .\CortexM0p\ARM_GCC_541\Debug\cy_syspm.o
 .text.SetWriteAssistTrimUlp
                0x10003d94       0x98 .\CortexM0p\ARM_GCC_541\Debug\cy_syspm.o
 .text.SetWriteAssistTrimLp
                0x10003e2c       0xb0 .\CortexM0p\ARM_GCC_541\Debug\cy_syspm.o
 .text.IsVoltageChangePossible
                0x10003edc       0x54 .\CortexM0p\ARM_GCC_541\Debug\cy_syspm.o
 .text.Cy_SysTick_SetClockSource
                0x10003f30       0x5c .\CortexM0p\ARM_GCC_541\Debug\cy_systick.o
                0x10003f30                Cy_SysTick_SetClockSource
 .text.Cy_WDT_Unlock
                0x10003f8c       0x40 .\CortexM0p\ARM_GCC_541\Debug\cy_wdt.o
                0x10003f8c                Cy_WDT_Unlock
 .text.Cy_PDL_Init
                0x10003fcc       0x1c .\CortexM0p\ARM_GCC_541\Debug\cy_device.o
                0x10003fcc                Cy_PDL_Init
 .text          0x10003fe8      0x114 c:/program files (x86)/cypress/psoc creator/4.4/psoc creator/import/gnu/arm/5.4.1/bin/../lib/gcc/arm-none-eabi/5.4.1/armv6-m\libgcc.a(_udivsi3.o)
                0x10003fe8                __aeabi_uidiv
                0x10003fe8                __udivsi3
                0x100040f4                __aeabi_uidivmod
 .text          0x100040fc        0x4 c:/program files (x86)/cypress/psoc creator/4.4/psoc creator/import/gnu/arm/5.4.1/bin/../lib/gcc/arm-none-eabi/5.4.1/armv6-m\libgcc.a(_dvmd_tls.o)
                0x100040fc                __aeabi_idiv0
                0x100040fc                __aeabi_ldiv0
 .text.memset   0x10004100       0x10 c:/program files (x86)/cypress/psoc creator/4.4/psoc creator/import/gnu/arm/5.4.1/bin/../lib/gcc/arm-none-eabi/5.4.1/../../../../arm-none-eabi/lib/armv6-m\libg_nano.a(lib_a-memset.o)
                0x10004100                memset
 .text.strncpy  0x10004110       0x26 c:/program files (x86)/cypress/psoc creator/4.4/psoc creator/import/gnu/arm/5.4.1/bin/../lib/gcc/arm-none-eabi/5.4.1/../../../../arm-none-eabi/lib/armv6-m\libg_nano.a(lib_a-strncpy.o)
                0x10004110                strncpy
 *(.init)
 *fill*         0x10004136        0x2 
 .init          0x10004138        0x4 c:/program files (x86)/cypress/psoc creator/4.4/psoc creator/import/gnu/arm/5.4.1/bin/../lib/gcc/arm-none-eabi/5.4.1/armv6-m/crti.o
                0x10004138                _init
 .init          0x1000413c        0x8 c:/program files (x86)/cypress/psoc creator/4.4/psoc creator/import/gnu/arm/5.4.1/bin/../lib/gcc/arm-none-eabi/5.4.1/armv6-m/crtn.o
 *(.fini)
 .fini          0x10004144        0x4 c:/program files (x86)/cypress/psoc creator/4.4/psoc creator/import/gnu/arm/5.4.1/bin/../lib/gcc/arm-none-eabi/5.4.1/armv6-m/crti.o
                0x10004144                _fini
 .fini          0x10004148        0x8 c:/program files (x86)/cypress/psoc creator/4.4/psoc creator/import/gnu/arm/5.4.1/bin/../lib/gcc/arm-none-eabi/5.4.1/armv6-m/crtn.o
 .fini.__stub   0x10004150       0x10 linker stubs
 *crtbegin.o(.ctors)
 *crtbegin?.o(.ctors)
 *(EXCLUDE_FILE(*crtend.o *crtend?.o) .ctors)
 *(SORT(.ctors.*))
 *(.ctors)
 *crtbegin.o(.dtors)
 *crtbegin?.o(.dtors)
 *(EXCLUDE_FILE(*crtend.o *crtend?.o) .dtors)
 *(SORT(.dtors.*))
 *(.dtors)
 *(.rodata .rodata.* .constdata .constdata.* .conststring .conststring.*)
 .rodata        0x10004160       0x60 .\CortexM0p\ARM_GCC_541\Debug\system_psoc6_cm0plus.o
 .rodata        0x100041c0       0xe8 .\CortexM0p\ARM_GCC_541\Debug\cyfitter_cfg.o
 .rodata        0x100042a8       0x3f .\CortexM0p\ARM_GCC_541\Debug\cy_flash.o
 *fill*         0x100042e7        0x1 
 .rodata        0x100042e8       0x7d .\CortexM0p\ARM_GCC_541\Debug\cy_gpio.o
 *fill*         0x10004365        0x3 
 .rodata        0x10004368       0x7f .\CortexM0p\ARM_GCC_541\Debug\cy_ipc_drv.o
 *fill*         0x100043e7        0x1 
 .rodata        0x100043e8       0x3f .\CortexM0p\ARM_GCC_541\Debug\cy_ipc_sema.o
 *fill*         0x10004427        0x1 
 .rodata        0x10004428       0x80 .\CortexM0p\ARM_GCC_541\Debug\cy_ipc_pipe.o
 .rodata        0x100044a8       0x3d .\CortexM0p\ARM_GCC_541\Debug\cy_prot.o
 *fill*         0x100044e5        0x3 
 .rodata        0x100044e8       0xe0 .\CortexM0p\ARM_GCC_541\Debug\cy_sysclk.o
 .rodata        0x100045c8       0x41 .\CortexM0p\ARM_GCC_541\Debug\cy_sysint.o
 *fill*         0x10004609        0x3 
 .rodata        0x1000460c       0x7f .\CortexM0p\ARM_GCC_541\Debug\cy_syspm.o
 *fill*         0x1000468b        0x1 
 .rodata        0x1000468c      0x170 .\CortexM0p\ARM_GCC_541\Debug\cy_device.o
                0x1000468c                cy_deviceIpBlockCfgPSoC6_01
                0x10004744                cy_deviceIpBlockCfgPSoC6_02
 *(.eh_frame*)
 .eh_frame      0x100047fc        0x0 c:/program files (x86)/cypress/psoc creator/4.4/psoc creator/import/gnu/arm/5.4.1/bin/../lib/gcc/arm-none-eabi/5.4.1/armv6-m/crtbegin.o
 .eh_frame      0x100047fc        0x4 c:/program files (x86)/cypress/psoc creator/4.4/psoc creator/import/gnu/arm/5.4.1/bin/../lib/gcc/arm-none-eabi/5.4.1/armv6-m/crtend.o

.glue_7         0x10004800        0x0
 .glue_7        0x10004800        0x0 linker stubs

.glue_7t        0x10004800        0x0
 .glue_7t       0x10004800        0x0 linker stubs

.vfp11_veneer   0x10004800        0x0
 .vfp11_veneer  0x10004800        0x0 linker stubs

.v4_bx          0x10004800        0x0
 .v4_bx         0x10004800        0x0 linker stubs

.iplt           0x10004800        0x0
 .iplt          0x10004800        0x0 c:/program files (x86)/cypress/psoc creator/4.4/psoc creator/import/gnu/arm/5.4.1/bin/../lib/gcc/arm-none-eabi/5.4.1/armv6-m/crtbegin.o

.ARM.extab
 *(.ARM.extab* .gnu.linkonce.armextab.*)
                0x10004800                __exidx_start = .

.ARM.exidx
 *(.ARM.exidx* .gnu.linkonce.armexidx.*)
                0x10004800                __exidx_end = .

.copy.table     0x10004800       0x18
                0x10004800                . = ALIGN (0x4)
                0x10004800                __copy_table_start__ = .
                0x10004800        0x4 LONG 0x10000000 __Vectors
                0x10004804        0x4 LONG 0x8000000 __ram_vectors_start__
                0x10004808        0x4 LONG 0xc0 (__Vectors_End - __Vectors)
                0x1000480c        0x4 LONG 0x10004820 __etext
                0x10004810        0x4 LONG 0x80000c0 __data_start__
                0x10004814        0x4 LONG 0x7c8 (__data_end__ - __data_start__)
                0x10004818                __copy_table_end__ = .

.zero.table     0x10004818        0x8
                0x10004818                . = ALIGN (0x4)
                0x10004818                __zero_table_start__ = .
                0x10004818        0x4 LONG 0x80008c4 __bss_start__
                0x1000481c        0x4 LONG 0x220 (__bss_end__ - __bss_start__)
                0x10004820                __zero_table_end__ = .
                0x10004820                __etext = .

.ramVectors     0x08000000       0xc0
                0x08000000                __ram_vectors_start__ = .
 *(.ram_vectors)
 .ram_vectors   0x08000000       0xc0 .\CortexM0p\ARM_GCC_541\Debug\startup_psoc6_01_cm0plus.o
                0x08000000                __ramVectors
                0x080000c0                __ram_vectors_end__ = .

.data           0x080000c0      0x7c8 load address 0x10004820
                0x080000c0                __data_start__ = .
 *(vtable)
 *(.data*)
 .data          0x080000c0       0x20 .\CortexM0p\ARM_GCC_541\Debug\system_psoc6_cm0plus.o
                0x080000c0                SystemCoreClock
                0x080000c4                cy_Hfclk0FreqHz
                0x080000c8                cy_PeriClkFreqHz
                0x080000cc                cy_BleEcoClockFreqHz
                0x080000d0                cy_delayFreqHz
                0x080000d4                cy_delayFreqKhz
                0x080000d8                cy_delayFreqMhz
                0x080000dc                cy_delay32kMs
                0x080000e0                . = ALIGN (0x4)
                0x080000e0                PROVIDE (__preinit_array_start, .)
 *(.preinit_array)
                0x080000e0                PROVIDE (__preinit_array_end, .)
                0x080000e0                . = ALIGN (0x4)
                0x080000e0                PROVIDE (__init_array_start, .)
 *(SORT(.init_array.*))
 *(.init_array)
 .init_array    0x080000e0        0x4 c:/program files (x86)/cypress/psoc creator/4.4/psoc creator/import/gnu/arm/5.4.1/bin/../lib/gcc/arm-none-eabi/5.4.1/armv6-m/crtbegin.o
                0x080000e4                PROVIDE (__init_array_end, .)
                0x080000e4                . = ALIGN (0x4)
                [!provide]                PROVIDE (__fini_array_start, .)
 *(SORT(.fini_array.*))
 *(.fini_array)
 .fini_array    0x080000e4        0x4 c:/program files (x86)/cypress/psoc creator/4.4/psoc creator/import/gnu/arm/5.4.1/bin/../lib/gcc/arm-none-eabi/5.4.1/armv6-m/crtbegin.o
                [!provide]                PROVIDE (__fini_array_end, .)
 *(.jcr*)
 .jcr           0x080000e8        0x0 c:/program files (x86)/cypress/psoc creator/4.4/psoc creator/import/gnu/arm/5.4.1/bin/../lib/gcc/arm-none-eabi/5.4.1/armv6-m/crtbegin.o
 .jcr           0x080000e8        0x4 c:/program files (x86)/cypress/psoc creator/4.4/psoc creator/import/gnu/arm/5.4.1/bin/../lib/gcc/arm-none-eabi/5.4.1/armv6-m/crtend.o
                0x080000ec                . = ALIGN (0x4)
 *(.cy_ramfunc*)
 .cy_ramfunc    0x080000ec      0x30c .\CortexM0p\ARM_GCC_541\Debug\cy_flash.o
 .cy_ramfunc    0x080003f8      0x3cc .\CortexM0p\ARM_GCC_541\Debug\cy_syspm.o
 *fill*         0x080007c4        0x4 
 .cy_ramfunc.__stub
                0x080007c8       0xc0 linker stubs
                0x08000888                . = ALIGN (0x4)
                0x08000888                __data_end__ = .

.igot.plt       0x08000888        0x0 load address 0x10004fe8
 .igot.plt      0x08000888        0x0 c:/program files (x86)/cypress/psoc creator/4.4/psoc creator/import/gnu/arm/5.4.1/bin/../lib/gcc/arm-none-eabi/5.4.1/armv6-m/crtbegin.o

.noinit         0x08000888       0x3c load address 0x10004fe8
 *(.noinit)
 .noinit        0x08000888       0x3c .\CortexM0p\ARM_GCC_541\Debug\cy_syslib.o
                0x08000888                cy_assertFileName
                0x080008a0                cy_assertLine
                0x080008a4                cy_faultFrame

.bss            0x080008c4      0x220 load address 0x10005024
                0x080008c4                . = ALIGN (0x4)
                0x080008c4                __bss_start__ = .
 *(.bss*)
 .bss           0x080008c4       0x1c c:/program files (x86)/cypress/psoc creator/4.4/psoc creator/import/gnu/arm/5.4.1/bin/../lib/gcc/arm-none-eabi/5.4.1/armv6-m/crtbegin.o
 .bss           0x080008e0      0x190 .\CortexM0p\ARM_GCC_541\Debug\system_psoc6_cm0plus.o
 .bss           0x08000a70       0x28 .\CortexM0p\ARM_GCC_541\Debug\cy_flash.o
 .bss           0x08000a98        0xc .\CortexM0p\ARM_GCC_541\Debug\cy_ipc_sema.o
 .bss           0x08000aa4        0x4 .\CortexM0p\ARM_GCC_541\Debug\cy_ipc_pipe.o
 .bss           0x08000aa8       0x38 .\CortexM0p\ARM_GCC_541\Debug\cy_syspm.o
 *(COMMON)
 COMMON         0x08000ae0        0x4 .\CortexM0p\ARM_GCC_541\Debug\cy_device.o
                0x08000ae0                cy_device
                0x08000ae4                . = ALIGN (0x4)
                0x08000ae4                __bss_end__ = .

.heap           0x08000ae8      0x400
                0x08000ae8                __HeapBase = .
                0x08000ae8                __end__ = .
                0x08000ae8                end = __end__
 *(.heap*)
 .heap          0x08000ae8      0x400 .\CortexM0p\ARM_GCC_541\Debug\startup_psoc6_01_cm0plus.o
                0x08000ee8                __HeapLimit = .

.stack_dummy    0x08000ae8     0x1000
 *(.stack*)
 .stack         0x08000ae8     0x1000 .\CortexM0p\ARM_GCC_541\Debug\startup_psoc6_01_cm0plus.o
                0x08024000                __StackTop = (ORIGIN (ram) + LENGTH (ram))
                0x08023000                __StackLimit = (__StackTop - SIZEOF (.stack_dummy))
                0x08024000                PROVIDE (__stack, __StackTop)
                0x00000001                ASSERT ((__StackLimit >= __HeapLimit), region RAM overflowed with stack)

.cy_em_eeprom
 *(.cy_em_eeprom)

.cy_sflash_user_data
 *(.cy_sflash_user_data)

.cy_sflash_nar
 *(.cy_sflash_nar)

.cy_sflash_public_key
 *(.cy_sflash_public_key)

.cy_toc_part2
 *(.cy_toc_part2)

.cy_rtoc_part2
 *(.cy_rtoc_part2)

.cy_xip
 *(.cy_xip)

.cy_efuse
 *(.cy_efuse)

.cymeta         0x90500000        0xc
 *(.cymeta)
 .cymeta        0x90500000        0xc .\CortexM0p\ARM_GCC_541\Debug\cymetadata.o
                0x90500000                cy_metadata
                0x10000000                __cy_memory_0_start = 0x10000000
                0x00100000                __cy_memory_0_length = 0x100000
                0x00000200                __cy_memory_0_row_size = 0x200
                0x14000000                __cy_memory_1_start = 0x14000000
                0x00008000                __cy_memory_1_length = 0x8000
                0x00000200                __cy_memory_1_row_size = 0x200
                0x16000000                __cy_memory_2_start = 0x16000000
                0x00008000                __cy_memory_2_length = 0x8000
                0x00000200                __cy_memory_2_row_size = 0x200
                0x18000000                __cy_memory_3_start = 0x18000000
                0x08000000                __cy_memory_3_length = 0x8000000
                0x00000200                __cy_memory_3_row_size = 0x200
                0x90700000                __cy_memory_4_start = 0x90700000
                0x00100000                __cy_memory_4_length = 0x100000
                0x00000001                __cy_memory_4_row_size = 0x1
OUTPUT(D:\thesis\VDAC_Saw_Export.cydsn\CortexM0p\ARM_GCC_541\Debug\VDAC_Saw_Export_link.elf elf32-littlearm)

.rel.dyn        0x08000ae4        0x0 load address 0x9850476c
 .rel.iplt      0x08000ae4        0x0 c:/program files (x86)/cypress/psoc creator/4.4/psoc creator/import/gnu/arm/5.4.1/bin/../lib/gcc/arm-none-eabi/5.4.1/armv6-m/crtbegin.o

.ARM.attributes
                0x00000000       0x28
 .ARM.attributes
                0x00000000       0x1e c:/program files (x86)/cypress/psoc creator/4.4/psoc creator/import/gnu/arm/5.4.1/bin/../lib/gcc/arm-none-eabi/5.4.1/armv6-m/crti.o
 .ARM.attributes
                0x0000001e       0x2c c:/program files (x86)/cypress/psoc creator/4.4/psoc creator/import/gnu/arm/5.4.1/bin/../lib/gcc/arm-none-eabi/5.4.1/armv6-m/crtbegin.o
 .ARM.attributes
                0x0000004a       0x1b .\CortexM0p\ARM_GCC_541\Debug\startup_psoc6_01_cm0plus.o
 .ARM.attributes
                0x00000065       0x32 .\CortexM0p\ARM_GCC_541\Debug\main_cm0p.o
 .ARM.attributes
                0x00000097       0x32 .\CortexM0p\ARM_GCC_541\Debug\system_psoc6_cm0plus.o
 .ARM.attributes
                0x000000c9       0x32 .\CortexM0p\ARM_GCC_541\Debug\cyfitter_cfg.o
 .ARM.attributes
                0x000000fb       0x32 .\CortexM0p\ARM_GCC_541\Debug\cymetadata.o
 .ARM.attributes
                0x0000012d       0x32 .\CortexM0p\ARM_GCC_541\Debug\cy_flash.o
 .ARM.attributes
                0x0000015f       0x32 .\CortexM0p\ARM_GCC_541\Debug\cy_gpio.o
 .ARM.attributes
                0x00000191       0x32 .\CortexM0p\ARM_GCC_541\Debug\cy_ipc_drv.o
 .ARM.attributes
                0x000001c3       0x32 .\CortexM0p\ARM_GCC_541\Debug\cy_ipc_sema.o
 .ARM.attributes
                0x000001f5       0x32 .\CortexM0p\ARM_GCC_541\Debug\cy_ipc_pipe.o
 .ARM.attributes
                0x00000227       0x32 .\CortexM0p\ARM_GCC_541\Debug\cy_prot.o
 .ARM.attributes
                0x00000259       0x32 .\CortexM0p\ARM_GCC_541\Debug\cy_sysclk.o
 .ARM.attributes
                0x0000028b       0x32 .\CortexM0p\ARM_GCC_541\Debug\cy_sysint.o
 .ARM.attributes
                0x000002bd       0x32 .\CortexM0p\ARM_GCC_541\Debug\cy_syslib.o
 .ARM.attributes
                0x000002ef       0x22 .\CortexM0p\ARM_GCC_541\Debug\cy_syslib_gcc.o
 .ARM.attributes
                0x00000311       0x32 .\CortexM0p\ARM_GCC_541\Debug\cy_syspm.o
 .ARM.attributes
                0x00000343       0x32 .\CortexM0p\ARM_GCC_541\Debug\cy_systick.o
 .ARM.attributes
                0x00000375       0x32 .\CortexM0p\ARM_GCC_541\Debug\cy_wdt.o
 .ARM.attributes
                0x000003a7       0x32 .\CortexM0p\ARM_GCC_541\Debug\cy_device.o
 .ARM.attributes
                0x000003d9       0x1e c:/program files (x86)/cypress/psoc creator/4.4/psoc creator/import/gnu/arm/5.4.1/bin/../lib/gcc/arm-none-eabi/5.4.1/armv6-m\libgcc.a(_udivsi3.o)
 .ARM.attributes
                0x000003f7       0x1e c:/program files (x86)/cypress/psoc creator/4.4/psoc creator/import/gnu/arm/5.4.1/bin/../lib/gcc/arm-none-eabi/5.4.1/armv6-m\libgcc.a(_dvmd_tls.o)
 .ARM.attributes
                0x00000415       0x2c c:/program files (x86)/cypress/psoc creator/4.4/psoc creator/import/gnu/arm/5.4.1/bin/../lib/gcc/arm-none-eabi/5.4.1/../../../../arm-none-eabi/lib/armv6-m\libg_nano.a(lib_a-memset.o)
 .ARM.attributes
                0x00000441       0x2c c:/program files (x86)/cypress/psoc creator/4.4/psoc creator/import/gnu/arm/5.4.1/bin/../lib/gcc/arm-none-eabi/5.4.1/../../../../arm-none-eabi/lib/armv6-m\libg_nano.a(lib_a-strncpy.o)
 .ARM.attributes
                0x0000046d       0x2c c:/program files (x86)/cypress/psoc creator/4.4/psoc creator/import/gnu/arm/5.4.1/bin/../lib/gcc/arm-none-eabi/5.4.1/armv6-m/crtend.o
 .ARM.attributes
                0x00000499       0x1e c:/program files (x86)/cypress/psoc creator/4.4/psoc creator/import/gnu/arm/5.4.1/bin/../lib/gcc/arm-none-eabi/5.4.1/armv6-m/crtn.o

.comment        0x00000000       0x6e
 .comment       0x00000000       0x6e .\CortexM0p\ARM_GCC_541\Debug\main_cm0p.o
                                 0x6f (size before relaxing)
 .comment       0x0000006e       0x6f .\CortexM0p\ARM_GCC_541\Debug\system_psoc6_cm0plus.o
 .comment       0x0000006e       0x6f .\CortexM0p\ARM_GCC_541\Debug\cyfitter_cfg.o
 .comment       0x0000006e       0x6f .\CortexM0p\ARM_GCC_541\Debug\cymetadata.o
 .comment       0x0000006e       0x6f .\CortexM0p\ARM_GCC_541\Debug\cy_flash.o
 .comment       0x0000006e       0x6f .\CortexM0p\ARM_GCC_541\Debug\cy_gpio.o
 .comment       0x0000006e       0x6f .\CortexM0p\ARM_GCC_541\Debug\cy_ipc_drv.o
 .comment       0x0000006e       0x6f .\CortexM0p\ARM_GCC_541\Debug\cy_ipc_sema.o
 .comment       0x0000006e       0x6f .\CortexM0p\ARM_GCC_541\Debug\cy_ipc_pipe.o
 .comment       0x0000006e       0x6f .\CortexM0p\ARM_GCC_541\Debug\cy_prot.o
 .comment       0x0000006e       0x6f .\CortexM0p\ARM_GCC_541\Debug\cy_sysclk.o
 .comment       0x0000006e       0x6f .\CortexM0p\ARM_GCC_541\Debug\cy_sysint.o
 .comment       0x0000006e       0x6f .\CortexM0p\ARM_GCC_541\Debug\cy_syslib.o
 .comment       0x0000006e       0x6f .\CortexM0p\ARM_GCC_541\Debug\cy_syspm.o
 .comment       0x0000006e       0x6f .\CortexM0p\ARM_GCC_541\Debug\cy_systick.o
 .comment       0x0000006e       0x6f .\CortexM0p\ARM_GCC_541\Debug\cy_wdt.o
 .comment       0x0000006e       0x6f .\CortexM0p\ARM_GCC_541\Debug\cy_device.o

.debug_line     0x00000000     0x6464
 .debug_line    0x00000000       0x92 .\CortexM0p\ARM_GCC_541\Debug\startup_psoc6_01_cm0plus.o
 .debug_line    0x00000092      0x38b .\CortexM0p\ARM_GCC_541\Debug\main_cm0p.o
 .debug_line    0x0000041d      0x4e1 .\CortexM0p\ARM_GCC_541\Debug\system_psoc6_cm0plus.o
 .debug_line    0x000008fe      0x7df .\CortexM0p\ARM_GCC_541\Debug\cyfitter_cfg.o
 .debug_line    0x000010dd      0x141 .\CortexM0p\ARM_GCC_541\Debug\cymetadata.o
 .debug_line    0x0000121e      0x6a1 .\CortexM0p\ARM_GCC_541\Debug\cy_flash.o
 .debug_line    0x000018bf      0x5b7 .\CortexM0p\ARM_GCC_541\Debug\cy_gpio.o
 .debug_line    0x00001e76      0x358 .\CortexM0p\ARM_GCC_541\Debug\cy_ipc_drv.o
 .debug_line    0x000021ce      0x3be .\CortexM0p\ARM_GCC_541\Debug\cy_ipc_sema.o
 .debug_line    0x0000258c      0x658 .\CortexM0p\ARM_GCC_541\Debug\cy_ipc_pipe.o
 .debug_line    0x00002be4     0x1170 .\CortexM0p\ARM_GCC_541\Debug\cy_prot.o
 .debug_line    0x00003d54      0xb61 .\CortexM0p\ARM_GCC_541\Debug\cy_sysclk.o
 .debug_line    0x000048b5      0x3dc .\CortexM0p\ARM_GCC_541\Debug\cy_sysint.o
 .debug_line    0x00004c91      0x4ed .\CortexM0p\ARM_GCC_541\Debug\cy_syslib.o
 .debug_line    0x0000517e       0x89 .\CortexM0p\ARM_GCC_541\Debug\cy_syslib_gcc.o
 .debug_line    0x00005207      0xa82 .\CortexM0p\ARM_GCC_541\Debug\cy_syspm.o
 .debug_line    0x00005c89      0x361 .\CortexM0p\ARM_GCC_541\Debug\cy_systick.o
 .debug_line    0x00005fea      0x2fb .\CortexM0p\ARM_GCC_541\Debug\cy_wdt.o
 .debug_line    0x000062e5      0x17f .\CortexM0p\ARM_GCC_541\Debug\cy_device.o

.debug_info     0x00000000    0x17d08
 .debug_info    0x00000000       0x67 .\CortexM0p\ARM_GCC_541\Debug\startup_psoc6_01_cm0plus.o
 .debug_info    0x00000067      0xc8f .\CortexM0p\ARM_GCC_541\Debug\main_cm0p.o
 .debug_info    0x00000cf6     0x2017 .\CortexM0p\ARM_GCC_541\Debug\system_psoc6_cm0plus.o
 .debug_info    0x00002d0d     0x2e5c .\CortexM0p\ARM_GCC_541\Debug\cyfitter_cfg.o
 .debug_info    0x00005b69       0xac .\CortexM0p\ARM_GCC_541\Debug\cymetadata.o
 .debug_info    0x00005c15     0x1c1f .\CortexM0p\ARM_GCC_541\Debug\cy_flash.o
 .debug_info    0x00007834     0x1d3d .\CortexM0p\ARM_GCC_541\Debug\cy_gpio.o
 .debug_info    0x00009571      0x7ef .\CortexM0p\ARM_GCC_541\Debug\cy_ipc_drv.o
 .debug_info    0x00009d60      0x9a5 .\CortexM0p\ARM_GCC_541\Debug\cy_ipc_sema.o
 .debug_info    0x0000a705     0x153e .\CortexM0p\ARM_GCC_541\Debug\cy_ipc_pipe.o
 .debug_info    0x0000bc43     0x20e3 .\CortexM0p\ARM_GCC_541\Debug\cy_prot.o
 .debug_info    0x0000dd26     0x1c7b .\CortexM0p\ARM_GCC_541\Debug\cy_sysclk.o
 .debug_info    0x0000f9a1     0x1a41 .\CortexM0p\ARM_GCC_541\Debug\cy_sysint.o
 .debug_info    0x000113e2     0x1f82 .\CortexM0p\ARM_GCC_541\Debug\cy_syslib.o
 .debug_info    0x00013364       0x91 .\CortexM0p\ARM_GCC_541\Debug\cy_syslib_gcc.o
 .debug_info    0x000133f5     0x34a8 .\CortexM0p\ARM_GCC_541\Debug\cy_syspm.o
 .debug_info    0x0001689d      0x7ae .\CortexM0p\ARM_GCC_541\Debug\cy_systick.o
 .debug_info    0x0001704b      0x76b .\CortexM0p\ARM_GCC_541\Debug\cy_wdt.o
 .debug_info    0x000177b6      0x552 .\CortexM0p\ARM_GCC_541\Debug\cy_device.o

.debug_abbrev   0x00000000     0x1fdd
 .debug_abbrev  0x00000000       0x14 .\CortexM0p\ARM_GCC_541\Debug\startup_psoc6_01_cm0plus.o
 .debug_abbrev  0x00000014      0x151 .\CortexM0p\ARM_GCC_541\Debug\main_cm0p.o
 .debug_abbrev  0x00000165      0x1f7 .\CortexM0p\ARM_GCC_541\Debug\system_psoc6_cm0plus.o
 .debug_abbrev  0x0000035c      0x28f .\CortexM0p\ARM_GCC_541\Debug\cyfitter_cfg.o
 .debug_abbrev  0x000005eb       0x5d .\CortexM0p\ARM_GCC_541\Debug\cymetadata.o
 .debug_abbrev  0x00000648      0x28d .\CortexM0p\ARM_GCC_541\Debug\cy_flash.o
 .debug_abbrev  0x000008d5      0x1f0 .\CortexM0p\ARM_GCC_541\Debug\cy_gpio.o
 .debug_abbrev  0x00000ac5      0x14e .\CortexM0p\ARM_GCC_541\Debug\cy_ipc_drv.o
 .debug_abbrev  0x00000c13      0x177 .\CortexM0p\ARM_GCC_541\Debug\cy_ipc_sema.o
 .debug_abbrev  0x00000d8a      0x2a1 .\CortexM0p\ARM_GCC_541\Debug\cy_ipc_pipe.o
 .debug_abbrev  0x0000102b      0x1dc .\CortexM0p\ARM_GCC_541\Debug\cy_prot.o
 .debug_abbrev  0x00001207      0x28d .\CortexM0p\ARM_GCC_541\Debug\cy_sysclk.o
 .debug_abbrev  0x00001494      0x241 .\CortexM0p\ARM_GCC_541\Debug\cy_sysint.o
 .debug_abbrev  0x000016d5      0x2ab .\CortexM0p\ARM_GCC_541\Debug\cy_syslib.o
 .debug_abbrev  0x00001980       0x14 .\CortexM0p\ARM_GCC_541\Debug\cy_syslib_gcc.o
 .debug_abbrev  0x00001994      0x28e .\CortexM0p\ARM_GCC_541\Debug\cy_syspm.o
 .debug_abbrev  0x00001c22      0x1f2 .\CortexM0p\ARM_GCC_541\Debug\cy_systick.o
 .debug_abbrev  0x00001e14      0x12c .\CortexM0p\ARM_GCC_541\Debug\cy_wdt.o
 .debug_abbrev  0x00001f40       0x9d .\CortexM0p\ARM_GCC_541\Debug\cy_device.o

.debug_aranges  0x00000000      0xb00
 .debug_aranges
                0x00000000       0x20 .\CortexM0p\ARM_GCC_541\Debug\startup_psoc6_01_cm0plus.o
 .debug_aranges
                0x00000020       0x20 .\CortexM0p\ARM_GCC_541\Debug\main_cm0p.o
 .debug_aranges
                0x00000040       0x70 .\CortexM0p\ARM_GCC_541\Debug\system_psoc6_cm0plus.o
 .debug_aranges
                0x000000b0      0x110 .\CortexM0p\ARM_GCC_541\Debug\cyfitter_cfg.o
 .debug_aranges
                0x000001c0       0x18 .\CortexM0p\ARM_GCC_541\Debug\cymetadata.o
 .debug_aranges
                0x000001d8       0xe0 .\CortexM0p\ARM_GCC_541\Debug\cy_flash.o
 .debug_aranges
                0x000002b8       0x78 .\CortexM0p\ARM_GCC_541\Debug\cy_gpio.o
 .debug_aranges
                0x00000330       0x60 .\CortexM0p\ARM_GCC_541\Debug\cy_ipc_drv.o
 .debug_aranges
                0x00000390       0x68 .\CortexM0p\ARM_GCC_541\Debug\cy_ipc_sema.o
 .debug_aranges
                0x000003f8       0xe0 .\CortexM0p\ARM_GCC_541\Debug\cy_ipc_pipe.o
 .debug_aranges
                0x000004d8      0x198 .\CortexM0p\ARM_GCC_541\Debug\cy_prot.o
 .debug_aranges
                0x00000670      0x108 .\CortexM0p\ARM_GCC_541\Debug\cy_sysclk.o
 .debug_aranges
                0x00000778       0x60 .\CortexM0p\ARM_GCC_541\Debug\cy_sysint.o
 .debug_aranges
                0x000007d8       0x98 .\CortexM0p\ARM_GCC_541\Debug\cy_syslib.o
 .debug_aranges
                0x00000870       0x20 .\CortexM0p\ARM_GCC_541\Debug\cy_syslib_gcc.o
 .debug_aranges
                0x00000890      0x170 .\CortexM0p\ARM_GCC_541\Debug\cy_syspm.o
 .debug_aranges
                0x00000a00       0x80 .\CortexM0p\ARM_GCC_541\Debug\cy_systick.o
 .debug_aranges
                0x00000a80       0x60 .\CortexM0p\ARM_GCC_541\Debug\cy_wdt.o
 .debug_aranges
                0x00000ae0       0x20 .\CortexM0p\ARM_GCC_541\Debug\cy_device.o

.debug_ranges   0x00000000      0x9a8
 .debug_ranges  0x00000000       0x10 .\CortexM0p\ARM_GCC_541\Debug\main_cm0p.o
 .debug_ranges  0x00000010       0x60 .\CortexM0p\ARM_GCC_541\Debug\system_psoc6_cm0plus.o
 .debug_ranges  0x00000070      0x100 .\CortexM0p\ARM_GCC_541\Debug\cyfitter_cfg.o
 .debug_ranges  0x00000170       0xd0 .\CortexM0p\ARM_GCC_541\Debug\cy_flash.o
 .debug_ranges  0x00000240       0x68 .\CortexM0p\ARM_GCC_541\Debug\cy_gpio.o
 .debug_ranges  0x000002a8       0x50 .\CortexM0p\ARM_GCC_541\Debug\cy_ipc_drv.o
 .debug_ranges  0x000002f8       0x58 .\CortexM0p\ARM_GCC_541\Debug\cy_ipc_sema.o
 .debug_ranges  0x00000350       0xd0 .\CortexM0p\ARM_GCC_541\Debug\cy_ipc_pipe.o
 .debug_ranges  0x00000420      0x188 .\CortexM0p\ARM_GCC_541\Debug\cy_prot.o
 .debug_ranges  0x000005a8       0xf8 .\CortexM0p\ARM_GCC_541\Debug\cy_sysclk.o
 .debug_ranges  0x000006a0       0x50 .\CortexM0p\ARM_GCC_541\Debug\cy_sysint.o
 .debug_ranges  0x000006f0       0x88 .\CortexM0p\ARM_GCC_541\Debug\cy_syslib.o
 .debug_ranges  0x00000778      0x160 .\CortexM0p\ARM_GCC_541\Debug\cy_syspm.o
 .debug_ranges  0x000008d8       0x70 .\CortexM0p\ARM_GCC_541\Debug\cy_systick.o
 .debug_ranges  0x00000948       0x50 .\CortexM0p\ARM_GCC_541\Debug\cy_wdt.o
 .debug_ranges  0x00000998       0x10 .\CortexM0p\ARM_GCC_541\Debug\cy_device.o

.debug_str      0x00000000     0xbb06
 .debug_str     0x00000000     0x1118 .\CortexM0p\ARM_GCC_541\Debug\main_cm0p.o
                               0x1187 (size before relaxing)
 .debug_str     0x00001118     0x13a1 .\CortexM0p\ARM_GCC_541\Debug\system_psoc6_cm0plus.o
                               0x1cf1 (size before relaxing)
 .debug_str     0x000024b9     0x3fcc .\CortexM0p\ARM_GCC_541\Debug\cyfitter_cfg.o
                               0x4c4d (size before relaxing)
 .debug_str     0x00006485       0x30 .\CortexM0p\ARM_GCC_541\Debug\cymetadata.o
                                0x181 (size before relaxing)
 .debug_str     0x000064b5      0xfd4 .\CortexM0p\ARM_GCC_541\Debug\cy_flash.o
                               0x1bf6 (size before relaxing)
 .debug_str     0x00007489      0x393 .\CortexM0p\ARM_GCC_541\Debug\cy_gpio.o
                               0x36c4 (size before relaxing)
 .debug_str     0x0000781c      0x114 .\CortexM0p\ARM_GCC_541\Debug\cy_ipc_drv.o
                                0x90c (size before relaxing)
 .debug_str     0x00007930      0x11c .\CortexM0p\ARM_GCC_541\Debug\cy_ipc_sema.o
                                0xa87 (size before relaxing)
 .debug_str     0x00007a4c     0x131e .\CortexM0p\ARM_GCC_541\Debug\cy_ipc_pipe.o
                               0x2193 (size before relaxing)
 .debug_str     0x00008d6a      0xe0c .\CortexM0p\ARM_GCC_541\Debug\cy_prot.o
                               0x1684 (size before relaxing)
 .debug_str     0x00009b76      0x6b5 .\CortexM0p\ARM_GCC_541\Debug\cy_sysclk.o
                               0x1df4 (size before relaxing)
 .debug_str     0x0000a22b      0x3ae .\CortexM0p\ARM_GCC_541\Debug\cy_sysint.o
                               0x2017 (size before relaxing)
 .debug_str     0x0000a5d9      0x294 .\CortexM0p\ARM_GCC_541\Debug\cy_syslib.o
                               0x1aa4 (size before relaxing)
 .debug_str     0x0000a86d      0xf64 .\CortexM0p\ARM_GCC_541\Debug\cy_syspm.o
                               0x2a33 (size before relaxing)
 .debug_str     0x0000b7d1      0x1ff .\CortexM0p\ARM_GCC_541\Debug\cy_systick.o
                                0x9dd (size before relaxing)
 .debug_str     0x0000b9d0       0xcd .\CortexM0p\ARM_GCC_541\Debug\cy_wdt.o
                                0x6a9 (size before relaxing)
 .debug_str     0x0000ba9d       0x69 .\CortexM0p\ARM_GCC_541\Debug\cy_device.o
                                0x78f (size before relaxing)

.debug_frame    0x00000000     0x2610
 .debug_frame   0x00000000       0x2c .\CortexM0p\ARM_GCC_541\Debug\main_cm0p.o
 .debug_frame   0x0000002c      0x160 .\CortexM0p\ARM_GCC_541\Debug\system_psoc6_cm0plus.o
 .debug_frame   0x0000018c      0x3e8 .\CortexM0p\ARM_GCC_541\Debug\cyfitter_cfg.o
 .debug_frame   0x00000574      0x330 .\CortexM0p\ARM_GCC_541\Debug\cy_flash.o
 .debug_frame   0x000008a4      0x194 .\CortexM0p\ARM_GCC_541\Debug\cy_gpio.o
 .debug_frame   0x00000a38      0x130 .\CortexM0p\ARM_GCC_541\Debug\cy_ipc_drv.o
 .debug_frame   0x00000b68      0x150 .\CortexM0p\ARM_GCC_541\Debug\cy_ipc_sema.o
 .debug_frame   0x00000cb8      0x338 .\CortexM0p\ARM_GCC_541\Debug\cy_ipc_pipe.o
 .debug_frame   0x00000ff0      0x62c .\CortexM0p\ARM_GCC_541\Debug\cy_prot.o
 .debug_frame   0x0000161c      0x3e8 .\CortexM0p\ARM_GCC_541\Debug\cy_sysclk.o
 .debug_frame   0x00001a04      0x13c .\CortexM0p\ARM_GCC_541\Debug\cy_sysint.o
 .debug_frame   0x00001b40      0x20c .\CortexM0p\ARM_GCC_541\Debug\cy_syslib.o
 .debug_frame   0x00001d4c      0x57c .\CortexM0p\ARM_GCC_541\Debug\cy_syspm.o
 .debug_frame   0x000022c8      0x198 .\CortexM0p\ARM_GCC_541\Debug\cy_systick.o
 .debug_frame   0x00002460      0x114 .\CortexM0p\ARM_GCC_541\Debug\cy_wdt.o
 .debug_frame   0x00002574       0x30 .\CortexM0p\ARM_GCC_541\Debug\cy_device.o
 .debug_frame   0x000025a4       0x20 c:/program files (x86)/cypress/psoc creator/4.4/psoc creator/import/gnu/arm/5.4.1/bin/../lib/gcc/arm-none-eabi/5.4.1/armv6-m\libgcc.a(_udivsi3.o)
 .debug_frame   0x000025c4       0x20 c:/program files (x86)/cypress/psoc creator/4.4/psoc creator/import/gnu/arm/5.4.1/bin/../lib/gcc/arm-none-eabi/5.4.1/../../../../arm-none-eabi/lib/armv6-m\libg_nano.a(lib_a-memset.o)
 .debug_frame   0x000025e4       0x2c c:/program files (x86)/cypress/psoc creator/4.4/psoc creator/import/gnu/arm/5.4.1/bin/../lib/gcc/arm-none-eabi/5.4.1/../../../../arm-none-eabi/lib/armv6-m\libg_nano.a(lib_a-strncpy.o)
